15:41:32 **** Build of configuration Debug for project Reaction Wheel Flight code ****
make -j16 all 
arm-none-eabi-gcc "../Drivers/STM32F1xx_HAL_Driver/Src/stm32f1xx_hal.c" -mcpu=cortex-m3 -std=gnu11 -g3 -DDEBUG -DUSE_HAL_DRIVER -DSTM32F103xB -c -I../Core/Inc -I../Drivers/STM32F1xx_HAL_Driver/Inc/Legacy -I../Drivers/STM32F1xx_HAL_Driver/Inc -I../Drivers/CMSIS/Device/ST/STM32F1xx/Include -I../Drivers/CMSIS/Include -O0 -ffunction-sections -fdata-sections -Wall -fstack-usage -fcyclomatic-complexity -MMD -MP -MF"Drivers/STM32F1xx_HAL_Driver/Src/stm32f1xx_hal.d" -MT"Drivers/STM32F1xx_HAL_Driver/Src/stm32f1xx_hal.o" --specs=nano.specs -mfloat-abi=soft -mthumb -o "Drivers/STM32F1xx_HAL_Driver/Src/stm32f1xx_hal.o"
arm-none-eabi-gcc "../Drivers/STM32F1xx_HAL_Driver/Src/stm32f1xx_hal_cortex.c" -mcpu=cortex-m3 -std=gnu11 -g3 -DDEBUG -DUSE_HAL_DRIVER -DSTM32F103xB -c -I../Core/Inc -I../Drivers/STM32F1xx_HAL_Driver/Inc/Legacy -I../Drivers/STM32F1xx_HAL_Driver/Inc -I../Drivers/CMSIS/Device/ST/STM32F1xx/Include -I../Drivers/CMSIS/Include -O0 -ffunction-sections -fdata-sections -Wall -fstack-usage -fcyclomatic-complexity -MMD -MP -MF"Drivers/STM32F1xx_HAL_Driver/Src/stm32f1xx_hal_cortex.d" -MT"Drivers/STM32F1xx_HAL_Driver/Src/stm32f1xx_hal_cortex.o" --specs=nano.specs -mfloat-abi=soft -mthumb -o "Drivers/STM32F1xx_HAL_Driver/Src/stm32f1xx_hal_cortex.o"
arm-none-eabi-gcc "../Drivers/STM32F1xx_HAL_Driver/Src/stm32f1xx_hal_dma.c" -mcpu=cortex-m3 -std=gnu11 -g3 -DDEBUG -DUSE_HAL_DRIVER -DSTM32F103xB -c -I../Core/Inc -I../Drivers/STM32F1xx_HAL_Driver/Inc/Legacy -I../Drivers/STM32F1xx_HAL_Driver/Inc -I../Drivers/CMSIS/Device/ST/STM32F1xx/Include -I../Drivers/CMSIS/Include -O0 -ffunction-sections -fdata-sections -Wall -fstack-usage -fcyclomatic-complexity -MMD -MP -MF"Drivers/STM32F1xx_HAL_Driver/Src/stm32f1xx_hal_dma.d" -MT"Drivers/STM32F1xx_HAL_Driver/Src/stm32f1xx_hal_dma.o" --specs=nano.specs -mfloat-abi=soft -mthumb -o "Drivers/STM32F1xx_HAL_Driver/Src/stm32f1xx_hal_dma.o"
arm-none-eabi-gcc "../Drivers/STM32F1xx_HAL_Driver/Src/stm32f1xx_hal_exti.c" -mcpu=cortex-m3 -std=gnu11 -g3 -DDEBUG -DUSE_HAL_DRIVER -DSTM32F103xB -c -I../Core/Inc -I../Drivers/STM32F1xx_HAL_Driver/Inc/Legacy -I../Drivers/STM32F1xx_HAL_Driver/Inc -I../Drivers/CMSIS/Device/ST/STM32F1xx/Include -I../Drivers/CMSIS/Include -O0 -ffunction-sections -fdata-sections -Wall -fstack-usage -fcyclomatic-complexity -MMD -MP -MF"Drivers/STM32F1xx_HAL_Driver/Src/stm32f1xx_hal_exti.d" -MT"Drivers/STM32F1xx_HAL_Driver/Src/stm32f1xx_hal_exti.o" --specs=nano.specs -mfloat-abi=soft -mthumb -o "Drivers/STM32F1xx_HAL_Driver/Src/stm32f1xx_hal_exti.o"
arm-none-eabi-gcc "../Drivers/STM32F1xx_HAL_Driver/Src/stm32f1xx_hal_flash.c" -mcpu=cortex-m3 -std=gnu11 -g3 -DDEBUG -DUSE_HAL_DRIVER -DSTM32F103xB -c -I../Core/Inc -I../Drivers/STM32F1xx_HAL_Driver/Inc/Legacy -I../Drivers/STM32F1xx_HAL_Driver/Inc -I../Drivers/CMSIS/Device/ST/STM32F1xx/Include -I../Drivers/CMSIS/Include -O0 -ffunction-sections -fdata-sections -Wall -fstack-usage -fcyclomatic-complexity -MMD -MP -MF"Drivers/STM32F1xx_HAL_Driver/Src/stm32f1xx_hal_flash.d" -MT"Drivers/STM32F1xx_HAL_Driver/Src/stm32f1xx_hal_flash.o" --specs=nano.specs -mfloat-abi=soft -mthumb -o "Drivers/STM32F1xx_HAL_Driver/Src/stm32f1xx_hal_flash.o"
arm-none-eabi-gcc "../Drivers/STM32F1xx_HAL_Driver/Src/stm32f1xx_hal_flash_ex.c" -mcpu=cortex-m3 -std=gnu11 -g3 -DDEBUG -DUSE_HAL_DRIVER -DSTM32F103xB -c -I../Core/Inc -I../Drivers/STM32F1xx_HAL_Driver/Inc/Legacy -I../Drivers/STM32F1xx_HAL_Driver/Inc -I../Drivers/CMSIS/Device/ST/STM32F1xx/Include -I../Drivers/CMSIS/Include -O0 -ffunction-sections -fdata-sections -Wall -fstack-usage -fcyclomatic-complexity -MMD -MP -MF"Drivers/STM32F1xx_HAL_Driver/Src/stm32f1xx_hal_flash_ex.d" -MT"Drivers/STM32F1xx_HAL_Driver/Src/stm32f1xx_hal_flash_ex.o" --specs=nano.specs -mfloat-abi=soft -mthumb -o "Drivers/STM32F1xx_HAL_Driver/Src/stm32f1xx_hal_flash_ex.o"
arm-none-eabi-gcc "../Drivers/STM32F1xx_HAL_Driver/Src/stm32f1xx_hal_gpio.c" -mcpu=cortex-m3 -std=gnu11 -g3 -DDEBUG -DUSE_HAL_DRIVER -DSTM32F103xB -c -I../Core/Inc -I../Drivers/STM32F1xx_HAL_Driver/Inc/Legacy -I../Drivers/STM32F1xx_HAL_Driver/Inc -I../Drivers/CMSIS/Device/ST/STM32F1xx/Include -I../Drivers/CMSIS/Include -O0 -ffunction-sections -fdata-sections -Wall -fstack-usage -fcyclomatic-complexity -MMD -MP -MF"Drivers/STM32F1xx_HAL_Driver/Src/stm32f1xx_hal_gpio.d" -MT"Drivers/STM32F1xx_HAL_Driver/Src/stm32f1xx_hal_gpio.o" --specs=nano.specs -mfloat-abi=soft -mthumb -o "Drivers/STM32F1xx_HAL_Driver/Src/stm32f1xx_hal_gpio.o"
arm-none-eabi-gcc "../Drivers/STM32F1xx_HAL_Driver/Src/stm32f1xx_hal_gpio_ex.c" -mcpu=cortex-m3 -std=gnu11 -g3 -DDEBUG -DUSE_HAL_DRIVER -DSTM32F103xB -c -I../Core/Inc -I../Drivers/STM32F1xx_HAL_Driver/Inc/Legacy -I../Drivers/STM32F1xx_HAL_Driver/Inc -I../Drivers/CMSIS/Device/ST/STM32F1xx/Include -I../Drivers/CMSIS/Include -O0 -ffunction-sections -fdata-sections -Wall -fstack-usage -fcyclomatic-complexity -MMD -MP -MF"Drivers/STM32F1xx_HAL_Driver/Src/stm32f1xx_hal_gpio_ex.d" -MT"Drivers/STM32F1xx_HAL_Driver/Src/stm32f1xx_hal_gpio_ex.o" --specs=nano.specs -mfloat-abi=soft -mthumb -o "Drivers/STM32F1xx_HAL_Driver/Src/stm32f1xx_hal_gpio_ex.o"
arm-none-eabi-gcc "../Drivers/STM32F1xx_HAL_Driver/Src/stm32f1xx_hal_pwr.c" -mcpu=cortex-m3 -std=gnu11 -g3 -DDEBUG -DUSE_HAL_DRIVER -DSTM32F103xB -c -I../Core/Inc -I../Drivers/STM32F1xx_HAL_Driver/Inc/Legacy -I../Drivers/STM32F1xx_HAL_Driver/Inc -I../Drivers/CMSIS/Device/ST/STM32F1xx/Include -I../Drivers/CMSIS/Include -O0 -ffunction-sections -fdata-sections -Wall -fstack-usage -fcyclomatic-complexity -MMD -MP -MF"Drivers/STM32F1xx_HAL_Driver/Src/stm32f1xx_hal_pwr.d" -MT"Drivers/STM32F1xx_HAL_Driver/Src/stm32f1xx_hal_pwr.o" --specs=nano.specs -mfloat-abi=soft -mthumb -o "Drivers/STM32F1xx_HAL_Driver/Src/stm32f1xx_hal_pwr.o"
arm-none-eabi-gcc "../Drivers/STM32F1xx_HAL_Driver/Src/stm32f1xx_hal_rcc.c" -mcpu=cortex-m3 -std=gnu11 -g3 -DDEBUG -DUSE_HAL_DRIVER -DSTM32F103xB -c -I../Core/Inc -I../Drivers/STM32F1xx_HAL_Driver/Inc/Legacy -I../Drivers/STM32F1xx_HAL_Driver/Inc -I../Drivers/CMSIS/Device/ST/STM32F1xx/Include -I../Drivers/CMSIS/Include -O0 -ffunction-sections -fdata-sections -Wall -fstack-usage -fcyclomatic-complexity -MMD -MP -MF"Drivers/STM32F1xx_HAL_Driver/Src/stm32f1xx_hal_rcc.d" -MT"Drivers/STM32F1xx_HAL_Driver/Src/stm32f1xx_hal_rcc.o" --specs=nano.specs -mfloat-abi=soft -mthumb -o "Drivers/STM32F1xx_HAL_Driver/Src/stm32f1xx_hal_rcc.o"
arm-none-eabi-gcc "../Drivers/STM32F1xx_HAL_Driver/Src/stm32f1xx_hal_rcc_ex.c" -mcpu=cortex-m3 -std=gnu11 -g3 -DDEBUG -DUSE_HAL_DRIVER -DSTM32F103xB -c -I../Core/Inc -I../Drivers/STM32F1xx_HAL_Driver/Inc/Legacy -I../Drivers/STM32F1xx_HAL_Driver/Inc -I../Drivers/CMSIS/Device/ST/STM32F1xx/Include -I../Drivers/CMSIS/Include -O0 -ffunction-sections -fdata-sections -Wall -fstack-usage -fcyclomatic-complexity -MMD -MP -MF"Drivers/STM32F1xx_HAL_Driver/Src/stm32f1xx_hal_rcc_ex.d" -MT"Drivers/STM32F1xx_HAL_Driver/Src/stm32f1xx_hal_rcc_ex.o" --specs=nano.specs -mfloat-abi=soft -mthumb -o "Drivers/STM32F1xx_HAL_Driver/Src/stm32f1xx_hal_rcc_ex.o"
arm-none-eabi-gcc -mcpu=cortex-m3 -g3 -DDEBUG -c -x assembler-with-cpp -MMD -MP -MF"Core/Startup/startup_stm32f103c8tx.d" -MT"Core/Startup/startup_stm32f103c8tx.o" --specs=nano.specs -mfloat-abi=soft -mthumb -o "Core/Startup/startup_stm32f103c8tx.o" "../Core/Startup/startup_stm32f103c8tx.s"
arm-none-eabi-gcc "../Core/Src/main.c" -mcpu=cortex-m3 -std=gnu11 -g3 -DDEBUG -DUSE_HAL_DRIVER -DSTM32F103xB -c -I../Core/Inc -I../Drivers/STM32F1xx_HAL_Driver/Inc/Legacy -I../Drivers/STM32F1xx_HAL_Driver/Inc -I../Drivers/CMSIS/Device/ST/STM32F1xx/Include -I../Drivers/CMSIS/Include -O0 -ffunction-sections -fdata-sections -Wall -fstack-usage -fcyclomatic-complexity -MMD -MP -MF"Core/Src/main.d" -MT"Core/Src/main.o" --specs=nano.specs -mfloat-abi=soft -mthumb -o "Core/Src/main.o"
arm-none-eabi-gcc "../Core/Src/stm32f1xx_hal_msp.c" -mcpu=cortex-m3 -std=gnu11 -g3 -DDEBUG -DUSE_HAL_DRIVER -DSTM32F103xB -c -I../Core/Inc -I../Drivers/STM32F1xx_HAL_Driver/Inc/Legacy -I../Drivers/STM32F1xx_HAL_Driver/Inc -I../Drivers/CMSIS/Device/ST/STM32F1xx/Include -I../Drivers/CMSIS/Include -O0 -ffunction-sections -fdata-sections -Wall -fstack-usage -fcyclomatic-complexity -MMD -MP -MF"Core/Src/stm32f1xx_hal_msp.d" -MT"Core/Src/stm32f1xx_hal_msp.o" --specs=nano.specs -mfloat-abi=soft -mthumb -o "Core/Src/stm32f1xx_hal_msp.o"
arm-none-eabi-gcc "../Core/Src/stm32f1xx_it.c" -mcpu=cortex-m3 -std=gnu11 -g3 -DDEBUG -DUSE_HAL_DRIVER -DSTM32F103xB -c -I../Core/Inc -I../Drivers/STM32F1xx_HAL_Driver/Inc/Legacy -I../Drivers/STM32F1xx_HAL_Driver/Inc -I../Drivers/CMSIS/Device/ST/STM32F1xx/Include -I../Drivers/CMSIS/Include -O0 -ffunction-sections -fdata-sections -Wall -fstack-usage -fcyclomatic-complexity -MMD -MP -MF"Core/Src/stm32f1xx_it.d" -MT"Core/Src/stm32f1xx_it.o" --specs=nano.specs -mfloat-abi=soft -mthumb -o "Core/Src/stm32f1xx_it.o"
arm-none-eabi-gcc "../Core/Src/syscalls.c" -mcpu=cortex-m3 -std=gnu11 -g3 -DDEBUG -DUSE_HAL_DRIVER -DSTM32F103xB -c -I../Core/Inc -I../Drivers/STM32F1xx_HAL_Driver/Inc/Legacy -I../Drivers/STM32F1xx_HAL_Driver/Inc -I../Drivers/CMSIS/Device/ST/STM32F1xx/Include -I../Drivers/CMSIS/Include -O0 -ffunction-sections -fdata-sections -Wall -fstack-usage -fcyclomatic-complexity -MMD -MP -MF"Core/Src/syscalls.d" -MT"Core/Src/syscalls.o" --specs=nano.specs -mfloat-abi=soft -mthumb -o "Core/Src/syscalls.o"
arm-none-eabi-gcc "../Core/Src/sysmem.c" -mcpu=cortex-m3 -std=gnu11 -g3 -DDEBUG -DUSE_HAL_DRIVER -DSTM32F103xB -c -I../Core/Inc -I../Drivers/STM32F1xx_HAL_Driver/Inc/Legacy -I../Drivers/STM32F1xx_HAL_Driver/Inc -I../Drivers/CMSIS/Device/ST/STM32F1xx/Include -I../Drivers/CMSIS/Include -O0 -ffunction-sections -fdata-sections -Wall -fstack-usage -fcyclomatic-complexity -MMD -MP -MF"Core/Src/sysmem.d" -MT"Core/Src/sysmem.o" --specs=nano.specs -mfloat-abi=soft -mthumb -o "Core/Src/sysmem.o"
arm-none-eabi-gcc "../Core/Src/system_stm32f1xx.c" -mcpu=cortex-m3 -std=gnu11 -g3 -DDEBUG -DUSE_HAL_DRIVER -DSTM32F103xB -c -I../Core/Inc -I../Drivers/STM32F1xx_HAL_Driver/Inc/Legacy -I../Drivers/STM32F1xx_HAL_Driver/Inc -I../Drivers/CMSIS/Device/ST/STM32F1xx/Include -I../Drivers/CMSIS/Include -O0 -ffunction-sections -fdata-sections -Wall -fstack-usage -fcyclomatic-complexity -MMD -MP -MF"Core/Src/system_stm32f1xx.d" -MT"Core/Src/system_stm32f1xx.o" --specs=nano.specs -mfloat-abi=soft -mthumb -o "Core/Src/system_stm32f1xx.o"
arm-none-eabi-g++ -o "Reaction Wheel Flight code.elf" @"objects.list"   -mcpu=cortex-m3 -T"C:\Users\kking\OneDrive\Documents\AVS\Code\Reaction Wheel Flight code\STM32F103C8TX_FLASH.ld" --specs=nosys.specs -Wl,-Map="Reaction Wheel Flight code.map" -Wl,--gc-sections -static --specs=nano.specs -mfloat-abi=soft -mthumb -Wl,--start-group -lc -lm -lstdc++ -lsupc++ -Wl,--end-group
Finished building target: Reaction Wheel Flight code.elf
 
arm-none-eabi-size   Reaction\ Wheel\ Flight\ code.elf 
arm-none-eabi-objdump -h -S  Reaction\ Wheel\ Flight\ code.elf  > "Reaction Wheel Flight code.list"
   text	   data	    bss	    dec	    hex	filename
   3492	     20	   1572	   5084	   13dc	Reaction Wheel Flight code.elf
Finished building: default.size.stdout
 
Finished building: Reaction Wheel Flight code.list
 
15:43:17 **** Incremental Build of configuration Debug for project Reaction Wheel Flight code ****
make -j16 all 
arm-none-eabi-size   Reaction\ Wheel\ Flight\ code.elf 
   text	   data	    bss	    dec	    hex	filename
   3492	     20	   1572	   5084	   13dc	Reaction Wheel Flight code.elf
Finished building: default.size.stdout
 
15:44:05 **** Incremental Build of configuration Debug for project Reaction Wheel Flight code ****
make -j16 all 
arm-none-eabi-size   Reaction\ Wheel\ Flight\ code.elf 
   text	   data	    bss	    dec	    hex	filename
   3492	     20	   1572	   5084	   13dc	Reaction Wheel Flight code.elf
Finished building: default.size.stdout
 
15:44:32 **** Incremental Build of configuration Debug for project Reaction Wheel Flight code ****
make -j16 all 
arm-none-eabi-size   Reaction\ Wheel\ Flight\ code.elf 
   text	   data	    bss	    dec	    hex	filename
   3492	     20	   1572	   5084	   13dc	Reaction Wheel Flight code.elf
Finished building: default.size.stdout
 
15:44:40 **** Incremental Build of configuration Debug for project Reaction Wheel Flight code ****
make -j16 all 
arm-none-eabi-size   Reaction\ Wheel\ Flight\ code.elf 
   text	   data	    bss	    dec	    hex	filename
   3492	     20	   1572	   5084	   13dc	Reaction Wheel Flight code.elf
Finished building: default.size.stdout
 
16:02:39 **** Incremental Build of configuration Debug for project Reaction Wheel Flight code ****
make -j16 all 
arm-none-eabi-gcc "../Drivers/STM32F1xx_HAL_Driver/Src/stm32f1xx_hal.c" -mcpu=cortex-m3 -std=gnu11 -g3 -DDEBUG -DUSE_HAL_DRIVER -DSTM32F103xB -c -I../Core/Inc -I../Drivers/STM32F1xx_HAL_Driver/Inc/Legacy -I../Drivers/STM32F1xx_HAL_Driver/Inc -I../Drivers/CMSIS/Device/ST/STM32F1xx/Include -I../Drivers/CMSIS/Include -O0 -ffunction-sections -fdata-sections -Wall -fstack-usage -fcyclomatic-complexity -MMD -MP -MF"Drivers/STM32F1xx_HAL_Driver/Src/stm32f1xx_hal.d" -MT"Drivers/STM32F1xx_HAL_Driver/Src/stm32f1xx_hal.o" --specs=nano.specs -mfloat-abi=soft -mthumb -o "Drivers/STM32F1xx_HAL_Driver/Src/stm32f1xx_hal.o"
arm-none-eabi-gcc "../Drivers/STM32F1xx_HAL_Driver/Src/stm32f1xx_hal_cortex.c" -mcpu=cortex-m3 -std=gnu11 -g3 -DDEBUG -DUSE_HAL_DRIVER -DSTM32F103xB -c -I../Core/Inc -I../Drivers/STM32F1xx_HAL_Driver/Inc/Legacy -I../Drivers/STM32F1xx_HAL_Driver/Inc -I../Drivers/CMSIS/Device/ST/STM32F1xx/Include -I../Drivers/CMSIS/Include -O0 -ffunction-sections -fdata-sections -Wall -fstack-usage -fcyclomatic-complexity -MMD -MP -MF"Drivers/STM32F1xx_HAL_Driver/Src/stm32f1xx_hal_cortex.d" -MT"Drivers/STM32F1xx_HAL_Driver/Src/stm32f1xx_hal_cortex.o" --specs=nano.specs -mfloat-abi=soft -mthumb -o "Drivers/STM32F1xx_HAL_Driver/Src/stm32f1xx_hal_cortex.o"
arm-none-eabi-gcc "../Drivers/STM32F1xx_HAL_Driver/Src/stm32f1xx_hal_dma.c" -mcpu=cortex-m3 -std=gnu11 -g3 -DDEBUG -DUSE_HAL_DRIVER -DSTM32F103xB -c -I../Core/Inc -I../Drivers/STM32F1xx_HAL_Driver/Inc/Legacy -I../Drivers/STM32F1xx_HAL_Driver/Inc -I../Drivers/CMSIS/Device/ST/STM32F1xx/Include -I../Drivers/CMSIS/Include -O0 -ffunction-sections -fdata-sections -Wall -fstack-usage -fcyclomatic-complexity -MMD -MP -MF"Drivers/STM32F1xx_HAL_Driver/Src/stm32f1xx_hal_dma.d" -MT"Drivers/STM32F1xx_HAL_Driver/Src/stm32f1xx_hal_dma.o" --specs=nano.specs -mfloat-abi=soft -mthumb -o "Drivers/STM32F1xx_HAL_Driver/Src/stm32f1xx_hal_dma.o"
arm-none-eabi-gcc "../Drivers/STM32F1xx_HAL_Driver/Src/stm32f1xx_hal_exti.c" -mcpu=cortex-m3 -std=gnu11 -g3 -DDEBUG -DUSE_HAL_DRIVER -DSTM32F103xB -c -I../Core/Inc -I../Drivers/STM32F1xx_HAL_Driver/Inc/Legacy -I../Drivers/STM32F1xx_HAL_Driver/Inc -I../Drivers/CMSIS/Device/ST/STM32F1xx/Include -I../Drivers/CMSIS/Include -O0 -ffunction-sections -fdata-sections -Wall -fstack-usage -fcyclomatic-complexity -MMD -MP -MF"Drivers/STM32F1xx_HAL_Driver/Src/stm32f1xx_hal_exti.d" -MT"Drivers/STM32F1xx_HAL_Driver/Src/stm32f1xx_hal_exti.o" --specs=nano.specs -mfloat-abi=soft -mthumb -o "Drivers/STM32F1xx_HAL_Driver/Src/stm32f1xx_hal_exti.o"
arm-none-eabi-gcc "../Drivers/STM32F1xx_HAL_Driver/Src/stm32f1xx_hal_flash.c" -mcpu=cortex-m3 -std=gnu11 -g3 -DDEBUG -DUSE_HAL_DRIVER -DSTM32F103xB -c -I../Core/Inc -I../Drivers/STM32F1xx_HAL_Driver/Inc/Legacy -I../Drivers/STM32F1xx_HAL_Driver/Inc -I../Drivers/CMSIS/Device/ST/STM32F1xx/Include -I../Drivers/CMSIS/Include -O0 -ffunction-sections -fdata-sections -Wall -fstack-usage -fcyclomatic-complexity -MMD -MP -MF"Drivers/STM32F1xx_HAL_Driver/Src/stm32f1xx_hal_flash.d" -MT"Drivers/STM32F1xx_HAL_Driver/Src/stm32f1xx_hal_flash.o" --specs=nano.specs -mfloat-abi=soft -mthumb -o "Drivers/STM32F1xx_HAL_Driver/Src/stm32f1xx_hal_flash.o"
arm-none-eabi-gcc "../Drivers/STM32F1xx_HAL_Driver/Src/stm32f1xx_hal_flash_ex.c" -mcpu=cortex-m3 -std=gnu11 -g3 -DDEBUG -DUSE_HAL_DRIVER -DSTM32F103xB -c -I../Core/Inc -I../Drivers/STM32F1xx_HAL_Driver/Inc/Legacy -I../Drivers/STM32F1xx_HAL_Driver/Inc -I../Drivers/CMSIS/Device/ST/STM32F1xx/Include -I../Drivers/CMSIS/Include -O0 -ffunction-sections -fdata-sections -Wall -fstack-usage -fcyclomatic-complexity -MMD -MP -MF"Drivers/STM32F1xx_HAL_Driver/Src/stm32f1xx_hal_flash_ex.d" -MT"Drivers/STM32F1xx_HAL_Driver/Src/stm32f1xx_hal_flash_ex.o" --specs=nano.specs -mfloat-abi=soft -mthumb -o "Drivers/STM32F1xx_HAL_Driver/Src/stm32f1xx_hal_flash_ex.o"
arm-none-eabi-gcc "../Drivers/STM32F1xx_HAL_Driver/Src/stm32f1xx_hal_gpio.c" -mcpu=cortex-m3 -std=gnu11 -g3 -DDEBUG -DUSE_HAL_DRIVER -DSTM32F103xB -c -I../Core/Inc -I../Drivers/STM32F1xx_HAL_Driver/Inc/Legacy -I../Drivers/STM32F1xx_HAL_Driver/Inc -I../Drivers/CMSIS/Device/ST/STM32F1xx/Include -I../Drivers/CMSIS/Include -O0 -ffunction-sections -fdata-sections -Wall -fstack-usage -fcyclomatic-complexity -MMD -MP -MF"Drivers/STM32F1xx_HAL_Driver/Src/stm32f1xx_hal_gpio.d" -MT"Drivers/STM32F1xx_HAL_Driver/Src/stm32f1xx_hal_gpio.o" --specs=nano.specs -mfloat-abi=soft -mthumb -o "Drivers/STM32F1xx_HAL_Driver/Src/stm32f1xx_hal_gpio.o"
arm-none-eabi-gcc "../Drivers/STM32F1xx_HAL_Driver/Src/stm32f1xx_hal_gpio_ex.c" -mcpu=cortex-m3 -std=gnu11 -g3 -DDEBUG -DUSE_HAL_DRIVER -DSTM32F103xB -c -I../Core/Inc -I../Drivers/STM32F1xx_HAL_Driver/Inc/Legacy -I../Drivers/STM32F1xx_HAL_Driver/Inc -I../Drivers/CMSIS/Device/ST/STM32F1xx/Include -I../Drivers/CMSIS/Include -O0 -ffunction-sections -fdata-sections -Wall -fstack-usage -fcyclomatic-complexity -MMD -MP -MF"Drivers/STM32F1xx_HAL_Driver/Src/stm32f1xx_hal_gpio_ex.d" -MT"Drivers/STM32F1xx_HAL_Driver/Src/stm32f1xx_hal_gpio_ex.o" --specs=nano.specs -mfloat-abi=soft -mthumb -o "Drivers/STM32F1xx_HAL_Driver/Src/stm32f1xx_hal_gpio_ex.o"
arm-none-eabi-gcc "../Drivers/STM32F1xx_HAL_Driver/Src/stm32f1xx_hal_pwr.c" -mcpu=cortex-m3 -std=gnu11 -g3 -DDEBUG -DUSE_HAL_DRIVER -DSTM32F103xB -c -I../Core/Inc -I../Drivers/STM32F1xx_HAL_Driver/Inc/Legacy -I../Drivers/STM32F1xx_HAL_Driver/Inc -I../Drivers/CMSIS/Device/ST/STM32F1xx/Include -I../Drivers/CMSIS/Include -O0 -ffunction-sections -fdata-sections -Wall -fstack-usage -fcyclomatic-complexity -MMD -MP -MF"Drivers/STM32F1xx_HAL_Driver/Src/stm32f1xx_hal_pwr.d" -MT"Drivers/STM32F1xx_HAL_Driver/Src/stm32f1xx_hal_pwr.o" --specs=nano.specs -mfloat-abi=soft -mthumb -o "Drivers/STM32F1xx_HAL_Driver/Src/stm32f1xx_hal_pwr.o"
arm-none-eabi-gcc "../Drivers/STM32F1xx_HAL_Driver/Src/stm32f1xx_hal_rcc.c" -mcpu=cortex-m3 -std=gnu11 -g3 -DDEBUG -DUSE_HAL_DRIVER -DSTM32F103xB -c -I../Core/Inc -I../Drivers/STM32F1xx_HAL_Driver/Inc/Legacy -I../Drivers/STM32F1xx_HAL_Driver/Inc -I../Drivers/CMSIS/Device/ST/STM32F1xx/Include -I../Drivers/CMSIS/Include -O0 -ffunction-sections -fdata-sections -Wall -fstack-usage -fcyclomatic-complexity -MMD -MP -MF"Drivers/STM32F1xx_HAL_Driver/Src/stm32f1xx_hal_rcc.d" -MT"Drivers/STM32F1xx_HAL_Driver/Src/stm32f1xx_hal_rcc.o" --specs=nano.specs -mfloat-abi=soft -mthumb -o "Drivers/STM32F1xx_HAL_Driver/Src/stm32f1xx_hal_rcc.o"
arm-none-eabi-gcc "../Drivers/STM32F1xx_HAL_Driver/Src/stm32f1xx_hal_rcc_ex.c" -mcpu=cortex-m3 -std=gnu11 -g3 -DDEBUG -DUSE_HAL_DRIVER -DSTM32F103xB -c -I../Core/Inc -I../Drivers/STM32F1xx_HAL_Driver/Inc/Legacy -I../Drivers/STM32F1xx_HAL_Driver/Inc -I../Drivers/CMSIS/Device/ST/STM32F1xx/Include -I../Drivers/CMSIS/Include -O0 -ffunction-sections -fdata-sections -Wall -fstack-usage -fcyclomatic-complexity -MMD -MP -MF"Drivers/STM32F1xx_HAL_Driver/Src/stm32f1xx_hal_rcc_ex.d" -MT"Drivers/STM32F1xx_HAL_Driver/Src/stm32f1xx_hal_rcc_ex.o" --specs=nano.specs -mfloat-abi=soft -mthumb -o "Drivers/STM32F1xx_HAL_Driver/Src/stm32f1xx_hal_rcc_ex.o"
arm-none-eabi-gcc "../Drivers/STM32F1xx_HAL_Driver/Src/stm32f1xx_hal_tim.c" -mcpu=cortex-m3 -std=gnu11 -g3 -DDEBUG -DUSE_HAL_DRIVER -DSTM32F103xB -c -I../Core/Inc -I../Drivers/STM32F1xx_HAL_Driver/Inc/Legacy -I../Drivers/STM32F1xx_HAL_Driver/Inc -I../Drivers/CMSIS/Device/ST/STM32F1xx/Include -I../Drivers/CMSIS/Include -O0 -ffunction-sections -fdata-sections -Wall -fstack-usage -fcyclomatic-complexity -MMD -MP -MF"Drivers/STM32F1xx_HAL_Driver/Src/stm32f1xx_hal_tim.d" -MT"Drivers/STM32F1xx_HAL_Driver/Src/stm32f1xx_hal_tim.o" --specs=nano.specs -mfloat-abi=soft -mthumb -o "Drivers/STM32F1xx_HAL_Driver/Src/stm32f1xx_hal_tim.o"
arm-none-eabi-gcc "../Drivers/STM32F1xx_HAL_Driver/Src/stm32f1xx_hal_tim_ex.c" -mcpu=cortex-m3 -std=gnu11 -g3 -DDEBUG -DUSE_HAL_DRIVER -DSTM32F103xB -c -I../Core/Inc -I../Drivers/STM32F1xx_HAL_Driver/Inc/Legacy -I../Drivers/STM32F1xx_HAL_Driver/Inc -I../Drivers/CMSIS/Device/ST/STM32F1xx/Include -I../Drivers/CMSIS/Include -O0 -ffunction-sections -fdata-sections -Wall -fstack-usage -fcyclomatic-complexity -MMD -MP -MF"Drivers/STM32F1xx_HAL_Driver/Src/stm32f1xx_hal_tim_ex.d" -MT"Drivers/STM32F1xx_HAL_Driver/Src/stm32f1xx_hal_tim_ex.o" --specs=nano.specs -mfloat-abi=soft -mthumb -o "Drivers/STM32F1xx_HAL_Driver/Src/stm32f1xx_hal_tim_ex.o"
arm-none-eabi-gcc "../Core/Src/main.c" -mcpu=cortex-m3 -std=gnu11 -g3 -DDEBUG -DUSE_HAL_DRIVER -DSTM32F103xB -c -I../Core/Inc -I../Drivers/STM32F1xx_HAL_Driver/Inc/Legacy -I../Drivers/STM32F1xx_HAL_Driver/Inc -I../Drivers/CMSIS/Device/ST/STM32F1xx/Include -I../Drivers/CMSIS/Include -O0 -ffunction-sections -fdata-sections -Wall -fstack-usage -fcyclomatic-complexity -MMD -MP -MF"Core/Src/main.d" -MT"Core/Src/main.o" --specs=nano.specs -mfloat-abi=soft -mthumb -o "Core/Src/main.o"
arm-none-eabi-gcc "../Core/Src/stm32f1xx_hal_msp.c" -mcpu=cortex-m3 -std=gnu11 -g3 -DDEBUG -DUSE_HAL_DRIVER -DSTM32F103xB -c -I../Core/Inc -I../Drivers/STM32F1xx_HAL_Driver/Inc/Legacy -I../Drivers/STM32F1xx_HAL_Driver/Inc -I../Drivers/CMSIS/Device/ST/STM32F1xx/Include -I../Drivers/CMSIS/Include -O0 -ffunction-sections -fdata-sections -Wall -fstack-usage -fcyclomatic-complexity -MMD -MP -MF"Core/Src/stm32f1xx_hal_msp.d" -MT"Core/Src/stm32f1xx_hal_msp.o" --specs=nano.specs -mfloat-abi=soft -mthumb -o "Core/Src/stm32f1xx_hal_msp.o"
arm-none-eabi-gcc "../Core/Src/stm32f1xx_it.c" -mcpu=cortex-m3 -std=gnu11 -g3 -DDEBUG -DUSE_HAL_DRIVER -DSTM32F103xB -c -I../Core/Inc -I../Drivers/STM32F1xx_HAL_Driver/Inc/Legacy -I../Drivers/STM32F1xx_HAL_Driver/Inc -I../Drivers/CMSIS/Device/ST/STM32F1xx/Include -I../Drivers/CMSIS/Include -O0 -ffunction-sections -fdata-sections -Wall -fstack-usage -fcyclomatic-complexity -MMD -MP -MF"Core/Src/stm32f1xx_it.d" -MT"Core/Src/stm32f1xx_it.o" --specs=nano.specs -mfloat-abi=soft -mthumb -o "Core/Src/stm32f1xx_it.o"
../Core/Src/main.c: In function 'SendPwm':
../Core/Src/main.c:75:7: error: 'color' undeclared (first use in this function)
   75 |   if (color&(1<<i))
      |       ^~~~~
../Core/Src/main.c:75:7: note: each undeclared identifier is reported only once for each function it appears in
../Core/Src/main.c:82:25: error: 'htim1' undeclared (first use in this function); did you mean 'htim2'?
   82 |  HAL_TIM_PWM_Start_DMA(&htim1, TIM_CHANNEL_1, (uint32_t *)pwmData, 24);
      |                         ^~~~~
      |                         htim2
make: *** [Core/Src/subdir.mk:34: Core/Src/main.o] Error 1
make: *** Waiting for unfinished jobs....
"make -j16 all" terminated with exit code 2. Build might be incomplete.
16:02:57 **** Incremental Build of configuration Debug for project Reaction Wheel Flight code ****
make -j16 all 
arm-none-eabi-gcc "../Core/Src/main.c" -mcpu=cortex-m3 -std=gnu11 -g3 -DDEBUG -DUSE_HAL_DRIVER -DSTM32F103xB -c -I../Core/Inc -I../Drivers/STM32F1xx_HAL_Driver/Inc/Legacy -I../Drivers/STM32F1xx_HAL_Driver/Inc -I../Drivers/CMSIS/Device/ST/STM32F1xx/Include -I../Drivers/CMSIS/Include -O0 -ffunction-sections -fdata-sections -Wall -fstack-usage -fcyclomatic-complexity -MMD -MP -MF"Core/Src/main.d" -MT"Core/Src/main.o" --specs=nano.specs -mfloat-abi=soft -mthumb -o "Core/Src/main.o"
arm-none-eabi-gcc "../Core/Src/system_stm32f1xx.c" -mcpu=cortex-m3 -std=gnu11 -g3 -DDEBUG -DUSE_HAL_DRIVER -DSTM32F103xB -c -I../Core/Inc -I../Drivers/STM32F1xx_HAL_Driver/Inc/Legacy -I../Drivers/STM32F1xx_HAL_Driver/Inc -I../Drivers/CMSIS/Device/ST/STM32F1xx/Include -I../Drivers/CMSIS/Include -O0 -ffunction-sections -fdata-sections -Wall -fstack-usage -fcyclomatic-complexity -MMD -MP -MF"Core/Src/system_stm32f1xx.d" -MT"Core/Src/system_stm32f1xx.o" --specs=nano.specs -mfloat-abi=soft -mthumb -o "Core/Src/system_stm32f1xx.o"
arm-none-eabi-g++ -o "Reaction Wheel Flight code.elf" @"objects.list"   -mcpu=cortex-m3 -T"C:\Users\kking\OneDrive\Documents\AVS\Code\Reaction Wheel Flight code\STM32F103C8TX_FLASH.ld" --specs=nosys.specs -Wl,-Map="Reaction Wheel Flight code.map" -Wl,--gc-sections -static --specs=nano.specs -mfloat-abi=soft -mthumb -Wl,--start-group -lc -lm -lstdc++ -lsupc++ -Wl,--end-group
Finished building target: Reaction Wheel Flight code.elf
 
arm-none-eabi-size   Reaction\ Wheel\ Flight\ code.elf 
arm-none-eabi-objdump -h -S  Reaction\ Wheel\ Flight\ code.elf  > "Reaction Wheel Flight code.list"
   text	   data	    bss	    dec	    hex	filename
   8684	     20	   1708	  10412	   28ac	Reaction Wheel Flight code.elf
Finished building: default.size.stdout
 
Finished building: Reaction Wheel Flight code.list
 
16:03:52 **** Incremental Build of configuration Debug for project Reaction Wheel Flight code ****
make -j16 all 
arm-none-eabi-gcc "../Core/Src/main.c" -mcpu=cortex-m3 -std=gnu11 -g3 -DDEBUG -DUSE_HAL_DRIVER -DSTM32F103xB -c -I../Core/Inc -I../Drivers/STM32F1xx_HAL_Driver/Inc/Legacy -I../Drivers/STM32F1xx_HAL_Driver/Inc -I../Drivers/CMSIS/Device/ST/STM32F1xx/Include -I../Drivers/CMSIS/Include -O0 -ffunction-sections -fdata-sections -Wall -fstack-usage -fcyclomatic-complexity -MMD -MP -MF"Core/Src/main.d" -MT"Core/Src/main.o" --specs=nano.specs -mfloat-abi=soft -mthumb -o "Core/Src/main.o"
arm-none-eabi-g++ -o "Reaction Wheel Flight code.elf" @"objects.list"   -mcpu=cortex-m3 -T"C:\Users\kking\OneDrive\Documents\AVS\Code\Reaction Wheel Flight code\STM32F103C8TX_FLASH.ld" --specs=nosys.specs -Wl,-Map="Reaction Wheel Flight code.map" -Wl,--gc-sections -static --specs=nano.specs -mfloat-abi=soft -mthumb -Wl,--start-group -lc -lm -lstdc++ -lsupc++ -Wl,--end-group
Finished building target: Reaction Wheel Flight code.elf
 
arm-none-eabi-size   Reaction\ Wheel\ Flight\ code.elf 
arm-none-eabi-objdump -h -S  Reaction\ Wheel\ Flight\ code.elf  > "Reaction Wheel Flight code.list"
   text	   data	    bss	    dec	    hex	filename
   8684	     20	   1708	  10412	   28ac	Reaction Wheel Flight code.elf
Finished building: default.size.stdout
 
Finished building: Reaction Wheel Flight code.list
 
16:11:43 **** Incremental Build of configuration Debug for project Reaction Wheel Flight code ****
make -j16 all 
arm-none-eabi-gcc "../Core/Src/main.c" -mcpu=cortex-m3 -std=gnu11 -g3 -DDEBUG -DUSE_HAL_DRIVER -DSTM32F103xB -c -I../Core/Inc -I../Drivers/STM32F1xx_HAL_Driver/Inc/Legacy -I../Drivers/STM32F1xx_HAL_Driver/Inc -I../Drivers/CMSIS/Device/ST/STM32F1xx/Include -I../Drivers/CMSIS/Include -O0 -ffunction-sections -fdata-sections -Wall -fstack-usage -fcyclomatic-complexity -MMD -MP -MF"Core/Src/main.d" -MT"Core/Src/main.o" --specs=nano.specs -mfloat-abi=soft -mthumb -o "Core/Src/main.o"
arm-none-eabi-g++ -o "Reaction Wheel Flight code.elf" @"objects.list"   -mcpu=cortex-m3 -T"C:\Users\kking\OneDrive\Documents\AVS\Code\Reaction Wheel Flight code\STM32F103C8TX_FLASH.ld" --specs=nosys.specs -Wl,-Map="Reaction Wheel Flight code.map" -Wl,--gc-sections -static --specs=nano.specs -mfloat-abi=soft -mthumb -Wl,--start-group -lc -lm -lstdc++ -lsupc++ -Wl,--end-group
Finished building target: Reaction Wheel Flight code.elf
 
arm-none-eabi-size   Reaction\ Wheel\ Flight\ code.elf 
arm-none-eabi-objdump -h -S  Reaction\ Wheel\ Flight\ code.elf  > "Reaction Wheel Flight code.list"
   text	   data	    bss	    dec	    hex	filename
   8784	     20	   1708	  10512	   2910	Reaction Wheel Flight code.elf
Finished building: default.size.stdout
 
Finished building: Reaction Wheel Flight code.list
 
16:12:58 **** Incremental Build of configuration Debug for project Reaction Wheel Flight code ****
make -j16 all 
arm-none-eabi-gcc "../Core/Src/main.c" -mcpu=cortex-m3 -std=gnu11 -g3 -DDEBUG -DUSE_HAL_DRIVER -DSTM32F103xB -c -I../Core/Inc -I../Drivers/STM32F1xx_HAL_Driver/Inc/Legacy -I../Drivers/STM32F1xx_HAL_Driver/Inc -I../Drivers/CMSIS/Device/ST/STM32F1xx/Include -I../Drivers/CMSIS/Include -O0 -ffunction-sections -fdata-sections -Wall -fstack-usage -fcyclomatic-complexity -MMD -MP -MF"Core/Src/main.d" -MT"Core/Src/main.o" --specs=nano.specs -mfloat-abi=soft -mthumb -o "Core/Src/main.o"
arm-none-eabi-g++ -o "Reaction Wheel Flight code.elf" @"objects.list"   -mcpu=cortex-m3 -T"C:\Users\kking\OneDrive\Documents\AVS\Code\Reaction Wheel Flight code\STM32F103C8TX_FLASH.ld" --specs=nosys.specs -Wl,-Map="Reaction Wheel Flight code.map" -Wl,--gc-sections -static --specs=nano.specs -mfloat-abi=soft -mthumb -Wl,--start-group -lc -lm -lstdc++ -lsupc++ -Wl,--end-group
Finished building target: Reaction Wheel Flight code.elf
 
arm-none-eabi-size   Reaction\ Wheel\ Flight\ code.elf 
arm-none-eabi-objdump -h -S  Reaction\ Wheel\ Flight\ code.elf  > "Reaction Wheel Flight code.list"
   text	   data	    bss	    dec	    hex	filename
   8784	     20	   1708	  10512	   2910	Reaction Wheel Flight code.elf
Finished building: default.size.stdout
 
Finished building: Reaction Wheel Flight code.list
 
16:14:11 **** Incremental Build of configuration Debug for project Reaction Wheel Flight code ****
make -j16 all 
arm-none-eabi-size   Reaction\ Wheel\ Flight\ code.elf 
   text	   data	    bss	    dec	    hex	filename
   8784	     20	   1708	  10512	   2910	Reaction Wheel Flight code.elf
Finished building: default.size.stdout
 
16:15:22 **** Incremental Build of configuration Debug for project Reaction Wheel Flight code ****
make -j16 all 
arm-none-eabi-gcc "../Core/Src/main.c" -mcpu=cortex-m3 -std=gnu11 -g3 -DDEBUG -DUSE_HAL_DRIVER -DSTM32F103xB -c -I../Core/Inc -I../Drivers/STM32F1xx_HAL_Driver/Inc/Legacy -I../Drivers/STM32F1xx_HAL_Driver/Inc -I../Drivers/CMSIS/Device/ST/STM32F1xx/Include -I../Drivers/CMSIS/Include -O0 -ffunction-sections -fdata-sections -Wall -fstack-usage -fcyclomatic-complexity -MMD -MP -MF"Core/Src/main.d" -MT"Core/Src/main.o" --specs=nano.specs -mfloat-abi=soft -mthumb -o "Core/Src/main.o"
../Core/Src/main.c: In function 'main':
../Core/Src/main.c:107:18: error: 'CH1_DC' undeclared (first use in this function)
  107 |     TIM2->CCR1 = CH1_DC;
      |                  ^~~~~~
../Core/Src/main.c:107:18: note: each undeclared identifier is reported only once for each function it appears in
make: *** [Core/Src/subdir.mk:34: Core/Src/main.o] Error 1
"make -j16 all" terminated with exit code 2. Build might be incomplete.
16:15:42 **** Incremental Build of configuration Debug for project Reaction Wheel Flight code ****
make -j16 all 
arm-none-eabi-gcc "../Core/Src/main.c" -mcpu=cortex-m3 -std=gnu11 -g3 -DDEBUG -DUSE_HAL_DRIVER -DSTM32F103xB -c -I../Core/Inc -I../Drivers/STM32F1xx_HAL_Driver/Inc/Legacy -I../Drivers/STM32F1xx_HAL_Driver/Inc -I../Drivers/CMSIS/Device/ST/STM32F1xx/Include -I../Drivers/CMSIS/Include -O0 -ffunction-sections -fdata-sections -Wall -fstack-usage -fcyclomatic-complexity -MMD -MP -MF"Core/Src/main.d" -MT"Core/Src/main.o" --specs=nano.specs -mfloat-abi=soft -mthumb -o "Core/Src/main.o"
../Core/Src/main.c: In function 'main':
../Core/Src/main.c:108:5: error: 'CH1_DC' undeclared (first use in this function)
  108 |     CH1_DC += increment;
      |     ^~~~~~
../Core/Src/main.c:108:5: note: each undeclared identifier is reported only once for each function it appears in
make: *** [Core/Src/subdir.mk:34: Core/Src/main.o] Error 1
"make -j16 all" terminated with exit code 2. Build might be incomplete.
16:16:02 **** Incremental Build of configuration Debug for project Reaction Wheel Flight code ****
make -j16 all 
arm-none-eabi-gcc "../Core/Src/main.c" -mcpu=cortex-m3 -std=gnu11 -g3 -DDEBUG -DUSE_HAL_DRIVER -DSTM32F103xB -c -I../Core/Inc -I../Drivers/STM32F1xx_HAL_Driver/Inc/Legacy -I../Drivers/STM32F1xx_HAL_Driver/Inc -I../Drivers/CMSIS/Device/ST/STM32F1xx/Include -I../Drivers/CMSIS/Include -O0 -ffunction-sections -fdata-sections -Wall -fstack-usage -fcyclomatic-complexity -MMD -MP -MF"Core/Src/main.d" -MT"Core/Src/main.o" --specs=nano.specs -mfloat-abi=soft -mthumb -o "Core/Src/main.o"
../Core/Src/main.c: In function 'main':
../Core/Src/main.c:108:5: error: 'CH1_DC' undeclared (first use in this function)
  108 |     CH1_DC += 70;
      |     ^~~~~~
../Core/Src/main.c:108:5: note: each undeclared identifier is reported only once for each function it appears in
../Core/Src/main.c:101:11: warning: unused variable 'increment' [-Wunused-variable]
  101 |   uint8_t increment = 10;
      |           ^~~~~~~~~
make: *** [Core/Src/subdir.mk:34: Core/Src/main.o] Error 1
"make -j16 all" terminated with exit code 2. Build might be incomplete.
16:16:14 **** Incremental Build of configuration Debug for project Reaction Wheel Flight code ****
make -j16 all 
arm-none-eabi-gcc "../Core/Src/main.c" -mcpu=cortex-m3 -std=gnu11 -g3 -DDEBUG -DUSE_HAL_DRIVER -DSTM32F103xB -c -I../Core/Inc -I../Drivers/STM32F1xx_HAL_Driver/Inc/Legacy -I../Drivers/STM32F1xx_HAL_Driver/Inc -I../Drivers/CMSIS/Device/ST/STM32F1xx/Include -I../Drivers/CMSIS/Include -O0 -ffunction-sections -fdata-sections -Wall -fstack-usage -fcyclomatic-complexity -MMD -MP -MF"Core/Src/main.d" -MT"Core/Src/main.o" --specs=nano.specs -mfloat-abi=soft -mthumb -o "Core/Src/main.o"
../Core/Src/main.c: In function 'main':
../Core/Src/main.c:101:11: warning: unused variable 'increment' [-Wunused-variable]
  101 |   uint8_t increment = 10;
      |           ^~~~~~~~~
arm-none-eabi-g++ -o "Reaction Wheel Flight code.elf" @"objects.list"   -mcpu=cortex-m3 -T"C:\Users\kking\OneDrive\Documents\AVS\Code\Reaction Wheel Flight code\STM32F103C8TX_FLASH.ld" --specs=nosys.specs -Wl,-Map="Reaction Wheel Flight code.map" -Wl,--gc-sections -static --specs=nano.specs -mfloat-abi=soft -mthumb -Wl,--start-group -lc -lm -lstdc++ -lsupc++ -Wl,--end-group
Finished building target: Reaction Wheel Flight code.elf
 
arm-none-eabi-size   Reaction\ Wheel\ Flight\ code.elf 
arm-none-eabi-objdump -h -S  Reaction\ Wheel\ Flight\ code.elf  > "Reaction Wheel Flight code.list"
   text	   data	    bss	    dec	    hex	filename
   8824	     20	   1708	  10552	   2938	Reaction Wheel Flight code.elf
Finished building: default.size.stdout
 
Finished building: Reaction Wheel Flight code.list
 
16:17:50 **** Incremental Build of configuration Debug for project Reaction Wheel Flight code ****
make -j16 all 
arm-none-eabi-gcc "../Core/Src/main.c" -mcpu=cortex-m3 -std=gnu11 -g3 -DDEBUG -DUSE_HAL_DRIVER -DSTM32F103xB -c -I../Core/Inc -I../Drivers/STM32F1xx_HAL_Driver/Inc/Legacy -I../Drivers/STM32F1xx_HAL_Driver/Inc -I../Drivers/CMSIS/Device/ST/STM32F1xx/Include -I../Drivers/CMSIS/Include -O0 -ffunction-sections -fdata-sections -Wall -fstack-usage -fcyclomatic-complexity -MMD -MP -MF"Core/Src/main.d" -MT"Core/Src/main.o" --specs=nano.specs -mfloat-abi=soft -mthumb -o "Core/Src/main.o"
arm-none-eabi-g++ -o "Reaction Wheel Flight code.elf" @"objects.list"   -mcpu=cortex-m3 -T"C:\Users\kking\OneDrive\Documents\AVS\Code\Reaction Wheel Flight code\STM32F103C8TX_FLASH.ld" --specs=nosys.specs -Wl,-Map="Reaction Wheel Flight code.map" -Wl,--gc-sections -static --specs=nano.specs -mfloat-abi=soft -mthumb -Wl,--start-group -lc -lm -lstdc++ -lsupc++ -Wl,--end-group
Finished building target: Reaction Wheel Flight code.elf
 
arm-none-eabi-size   Reaction\ Wheel\ Flight\ code.elf 
arm-none-eabi-objdump -h -S  Reaction\ Wheel\ Flight\ code.elf  > "Reaction Wheel Flight code.list"
   text	   data	    bss	    dec	    hex	filename
   8824	     20	   1708	  10552	   2938	Reaction Wheel Flight code.elf
Finished building: default.size.stdout
 
Finished building: Reaction Wheel Flight code.list
 
16:19:52 **** Incremental Build of configuration Debug for project Reaction Wheel Flight code ****
make -j16 all 
arm-none-eabi-gcc "../Core/Src/main.c" -mcpu=cortex-m3 -std=gnu11 -g3 -DDEBUG -DUSE_HAL_DRIVER -DSTM32F103xB -c -I../Core/Inc -I../Drivers/STM32F1xx_HAL_Driver/Inc/Legacy -I../Drivers/STM32F1xx_HAL_Driver/Inc -I../Drivers/CMSIS/Device/ST/STM32F1xx/Include -I../Drivers/CMSIS/Include -O0 -ffunction-sections -fdata-sections -Wall -fstack-usage -fcyclomatic-complexity -MMD -MP -MF"Core/Src/main.d" -MT"Core/Src/main.o" --specs=nano.specs -mfloat-abi=soft -mthumb -o "Core/Src/main.o"
arm-none-eabi-g++ -o "Reaction Wheel Flight code.elf" @"objects.list"   -mcpu=cortex-m3 -T"C:\Users\kking\OneDrive\Documents\AVS\Code\Reaction Wheel Flight code\STM32F103C8TX_FLASH.ld" --specs=nosys.specs -Wl,-Map="Reaction Wheel Flight code.map" -Wl,--gc-sections -static --specs=nano.specs -mfloat-abi=soft -mthumb -Wl,--start-group -lc -lm -lstdc++ -lsupc++ -Wl,--end-group
Finished building target: Reaction Wheel Flight code.elf
 
arm-none-eabi-size   Reaction\ Wheel\ Flight\ code.elf 
arm-none-eabi-objdump -h -S  Reaction\ Wheel\ Flight\ code.elf  > "Reaction Wheel Flight code.list"
   text	   data	    bss	    dec	    hex	filename
   8824	     20	   1708	  10552	   2938	Reaction Wheel Flight code.elf
Finished building: default.size.stdout
 
Finished building: Reaction Wheel Flight code.list
 
16:20:19 **** Incremental Build of configuration Debug for project Reaction Wheel Flight code ****
make -j16 all 
arm-none-eabi-size   Reaction\ Wheel\ Flight\ code.elf 
   text	   data	    bss	    dec	    hex	filename
   8824	     20	   1708	  10552	   2938	Reaction Wheel Flight code.elf
Finished building: default.size.stdout
 
16:20:36 **** Incremental Build of configuration Debug for project Reaction Wheel Flight code ****
make -j16 all 
arm-none-eabi-gcc "../Core/Src/main.c" -mcpu=cortex-m3 -std=gnu11 -g3 -DDEBUG -DUSE_HAL_DRIVER -DSTM32F103xB -c -I../Core/Inc -I../Drivers/STM32F1xx_HAL_Driver/Inc/Legacy -I../Drivers/STM32F1xx_HAL_Driver/Inc -I../Drivers/CMSIS/Device/ST/STM32F1xx/Include -I../Drivers/CMSIS/Include -O0 -ffunction-sections -fdata-sections -Wall -fstack-usage -fcyclomatic-complexity -MMD -MP -MF"Core/Src/main.d" -MT"Core/Src/main.o" --specs=nano.specs -mfloat-abi=soft -mthumb -o "Core/Src/main.o"
arm-none-eabi-g++ -o "Reaction Wheel Flight code.elf" @"objects.list"   -mcpu=cortex-m3 -T"C:\Users\kking\OneDrive\Documents\AVS\Code\Reaction Wheel Flight code\STM32F103C8TX_FLASH.ld" --specs=nosys.specs -Wl,-Map="Reaction Wheel Flight code.map" -Wl,--gc-sections -static --specs=nano.specs -mfloat-abi=soft -mthumb -Wl,--start-group -lc -lm -lstdc++ -lsupc++ -Wl,--end-group
Finished building target: Reaction Wheel Flight code.elf
 
arm-none-eabi-size   Reaction\ Wheel\ Flight\ code.elf 
arm-none-eabi-objdump -h -S  Reaction\ Wheel\ Flight\ code.elf  > "Reaction Wheel Flight code.list"
   text	   data	    bss	    dec	    hex	filename
   8824	     20	   1708	  10552	   2938	Reaction Wheel Flight code.elf
Finished building: default.size.stdout
 
Finished building: Reaction Wheel Flight code.list
 
16:29:07 **** Incremental Build of configuration Debug for project Reaction Wheel Flight code ****
make -j16 all 
arm-none-eabi-gcc "../Core/Src/main.c" -mcpu=cortex-m3 -std=gnu11 -g3 -DDEBUG -DUSE_HAL_DRIVER -DSTM32F103xB -c -I../Core/Inc -I../Drivers/STM32F1xx_HAL_Driver/Inc/Legacy -I../Drivers/STM32F1xx_HAL_Driver/Inc -I../Drivers/CMSIS/Device/ST/STM32F1xx/Include -I../Drivers/CMSIS/Include -O0 -ffunction-sections -fdata-sections -Wall -fstack-usage -fcyclomatic-complexity -MMD -MP -MF"Core/Src/main.d" -MT"Core/Src/main.o" --specs=nano.specs -mfloat-abi=soft -mthumb -o "Core/Src/main.o"
arm-none-eabi-g++ -o "Reaction Wheel Flight code.elf" @"objects.list"   -mcpu=cortex-m3 -T"C:\Users\kking\OneDrive\Documents\AVS\Code\Reaction Wheel Flight code\STM32F103C8TX_FLASH.ld" --specs=nosys.specs -Wl,-Map="Reaction Wheel Flight code.map" -Wl,--gc-sections -static --specs=nano.specs -mfloat-abi=soft -mthumb -Wl,--start-group -lc -lm -lstdc++ -lsupc++ -Wl,--end-group
Finished building target: Reaction Wheel Flight code.elf
 
arm-none-eabi-size   Reaction\ Wheel\ Flight\ code.elf 
arm-none-eabi-objdump -h -S  Reaction\ Wheel\ Flight\ code.elf  > "Reaction Wheel Flight code.list"
   text	   data	    bss	    dec	    hex	filename
   8828	     20	   1708	  10556	   293c	Reaction Wheel Flight code.elf
Finished building: default.size.stdout
 
Finished building: Reaction Wheel Flight code.list
 
16:29:42 **** Incremental Build of configuration Debug for project Reaction Wheel Flight code ****
make -j16 all 
arm-none-eabi-size   Reaction\ Wheel\ Flight\ code.elf 
   text	   data	    bss	    dec	    hex	filename
   8828	     20	   1708	  10556	   293c	Reaction Wheel Flight code.elf
Finished building: default.size.stdout
 
16:31:14 **** Incremental Build of configuration Debug for project Reaction Wheel Flight code ****
make -j16 all 
arm-none-eabi-size   Reaction\ Wheel\ Flight\ code.elf 
   text	   data	    bss	    dec	    hex	filename
   8828	     20	   1708	  10556	   293c	Reaction Wheel Flight code.elf
Finished building: default.size.stdout
 
16:32:15 **** Incremental Build of configuration Debug for project Reaction Wheel Flight code ****
make -j16 all 
arm-none-eabi-gcc "../Core/Src/main.c" -mcpu=cortex-m3 -std=gnu11 -g3 -DDEBUG -DUSE_HAL_DRIVER -DSTM32F103xB -c -I../Core/Inc -I../Drivers/STM32F1xx_HAL_Driver/Inc/Legacy -I../Drivers/STM32F1xx_HAL_Driver/Inc -I../Drivers/CMSIS/Device/ST/STM32F1xx/Include -I../Drivers/CMSIS/Include -O0 -ffunction-sections -fdata-sections -Wall -fstack-usage -fcyclomatic-complexity -MMD -MP -MF"Core/Src/main.d" -MT"Core/Src/main.o" --specs=nano.specs -mfloat-abi=soft -mthumb -o "Core/Src/main.o"
arm-none-eabi-g++ -o "Reaction Wheel Flight code.elf" @"objects.list"   -mcpu=cortex-m3 -T"C:\Users\kking\OneDrive\Documents\AVS\Code\Reaction Wheel Flight code\STM32F103C8TX_FLASH.ld" --specs=nosys.specs -Wl,-Map="Reaction Wheel Flight code.map" -Wl,--gc-sections -static --specs=nano.specs -mfloat-abi=soft -mthumb -Wl,--start-group -lc -lm -lstdc++ -lsupc++ -Wl,--end-group
Finished building target: Reaction Wheel Flight code.elf
 
arm-none-eabi-size   Reaction\ Wheel\ Flight\ code.elf 
arm-none-eabi-objdump -h -S  Reaction\ Wheel\ Flight\ code.elf  > "Reaction Wheel Flight code.list"
   text	   data	    bss	    dec	    hex	filename
   8828	     20	   1708	  10556	   293c	Reaction Wheel Flight code.elf
Finished building: default.size.stdout
 
Finished building: Reaction Wheel Flight code.list
 
16:38:00 **** Incremental Build of configuration Debug for project Reaction Wheel Flight code ****
make -j16 all 
arm-none-eabi-gcc "../Core/Src/main.c" -mcpu=cortex-m3 -std=gnu11 -g3 -DDEBUG -DUSE_HAL_DRIVER -DSTM32F103xB -c -I../Core/Inc -I../Drivers/STM32F1xx_HAL_Driver/Inc/Legacy -I../Drivers/STM32F1xx_HAL_Driver/Inc -I../Drivers/CMSIS/Device/ST/STM32F1xx/Include -I../Drivers/CMSIS/Include -O0 -ffunction-sections -fdata-sections -Wall -fstack-usage -fcyclomatic-complexity -MMD -MP -MF"Core/Src/main.d" -MT"Core/Src/main.o" --specs=nano.specs -mfloat-abi=soft -mthumb -o "Core/Src/main.o"
arm-none-eabi-g++ -o "Reaction Wheel Flight code.elf" @"objects.list"   -mcpu=cortex-m3 -T"C:\Users\kking\OneDrive\Documents\AVS\Code\Reaction Wheel Flight code\STM32F103C8TX_FLASH.ld" --specs=nosys.specs -Wl,-Map="Reaction Wheel Flight code.map" -Wl,--gc-sections -static --specs=nano.specs -mfloat-abi=soft -mthumb -Wl,--start-group -lc -lm -lstdc++ -lsupc++ -Wl,--end-group
Finished building target: Reaction Wheel Flight code.elf
 
arm-none-eabi-size   Reaction\ Wheel\ Flight\ code.elf 
arm-none-eabi-objdump -h -S  Reaction\ Wheel\ Flight\ code.elf  > "Reaction Wheel Flight code.list"
   text	   data	    bss	    dec	    hex	filename
   8828	     20	   1708	  10556	   293c	Reaction Wheel Flight code.elf
Finished building: default.size.stdout
 
Finished building: Reaction Wheel Flight code.list
 
16:38:46 **** Incremental Build of configuration Debug for project Reaction Wheel Flight code ****
make -j16 all 
arm-none-eabi-size   Reaction\ Wheel\ Flight\ code.elf 
   text	   data	    bss	    dec	    hex	filename
   8828	     20	   1708	  10556	   293c	Reaction Wheel Flight code.elf
Finished building: default.size.stdout
 
16:40:25 **** Incremental Build of configuration Debug for project Reaction Wheel Flight code ****
make -j16 all 
arm-none-eabi-gcc "../Core/Src/main.c" -mcpu=cortex-m3 -std=gnu11 -g3 -DDEBUG -DUSE_HAL_DRIVER -DSTM32F103xB -c -I../Core/Inc -I../Drivers/STM32F1xx_HAL_Driver/Inc/Legacy -I../Drivers/STM32F1xx_HAL_Driver/Inc -I../Drivers/CMSIS/Device/ST/STM32F1xx/Include -I../Drivers/CMSIS/Include -O0 -ffunction-sections -fdata-sections -Wall -fstack-usage -fcyclomatic-complexity -MMD -MP -MF"Core/Src/main.d" -MT"Core/Src/main.o" --specs=nano.specs -mfloat-abi=soft -mthumb -o "Core/Src/main.o"
arm-none-eabi-g++ -o "Reaction Wheel Flight code.elf" @"objects.list"   -mcpu=cortex-m3 -T"C:\Users\kking\OneDrive\Documents\AVS\Code\Reaction Wheel Flight code\STM32F103C8TX_FLASH.ld" --specs=nosys.specs -Wl,-Map="Reaction Wheel Flight code.map" -Wl,--gc-sections -static --specs=nano.specs -mfloat-abi=soft -mthumb -Wl,--start-group -lc -lm -lstdc++ -lsupc++ -Wl,--end-group
Finished building target: Reaction Wheel Flight code.elf
 
arm-none-eabi-size   Reaction\ Wheel\ Flight\ code.elf 
arm-none-eabi-objdump -h -S  Reaction\ Wheel\ Flight\ code.elf  > "Reaction Wheel Flight code.list"
   text	   data	    bss	    dec	    hex	filename
   8840	     20	   1708	  10568	   2948	Reaction Wheel Flight code.elf
Finished building: default.size.stdout
 
Finished building: Reaction Wheel Flight code.list
 
16:42:37 **** Incremental Build of configuration Debug for project Reaction Wheel Flight code ****
make -j16 all 
arm-none-eabi-gcc "../Core/Src/main.c" -mcpu=cortex-m3 -std=gnu11 -g3 -DDEBUG -DUSE_HAL_DRIVER -DSTM32F103xB -c -I../Core/Inc -I../Drivers/STM32F1xx_HAL_Driver/Inc/Legacy -I../Drivers/STM32F1xx_HAL_Driver/Inc -I../Drivers/CMSIS/Device/ST/STM32F1xx/Include -I../Drivers/CMSIS/Include -O0 -ffunction-sections -fdata-sections -Wall -fstack-usage -fcyclomatic-complexity -MMD -MP -MF"Core/Src/main.d" -MT"Core/Src/main.o" --specs=nano.specs -mfloat-abi=soft -mthumb -o "Core/Src/main.o"
../Core/Src/main.c: In function 'main':
../Core/Src/main.c:104:12: warning: unused variable 'min_dc' [-Wunused-variable]
  104 |   uint32_t min_dc = 1500;
      |            ^~~~~~
../Core/Src/main.c:103:12: warning: unused variable 'max_dc' [-Wunused-variable]
  103 |   uint32_t max_dc = 2685;
      |            ^~~~~~
arm-none-eabi-g++ -o "Reaction Wheel Flight code.elf" @"objects.list"   -mcpu=cortex-m3 -T"C:\Users\kking\OneDrive\Documents\AVS\Code\Reaction Wheel Flight code\STM32F103C8TX_FLASH.ld" --specs=nosys.specs -Wl,-Map="Reaction Wheel Flight code.map" -Wl,--gc-sections -static --specs=nano.specs -mfloat-abi=soft -mthumb -Wl,--start-group -lc -lm -lstdc++ -lsupc++ -Wl,--end-group
Finished building target: Reaction Wheel Flight code.elf
 
arm-none-eabi-size   Reaction\ Wheel\ Flight\ code.elf 
arm-none-eabi-objdump -h -S  Reaction\ Wheel\ Flight\ code.elf  > "Reaction Wheel Flight code.list"
   text	   data	    bss	    dec	    hex	filename
   8840	     20	   1708	  10568	   2948	Reaction Wheel Flight code.elf
Finished building: default.size.stdout
 
Finished building: Reaction Wheel Flight code.list
 
16:43:21 **** Incremental Build of configuration Debug for project Reaction Wheel Flight code ****
make -j16 all 
arm-none-eabi-gcc "../Core/Src/main.c" -mcpu=cortex-m3 -std=gnu11 -g3 -DDEBUG -DUSE_HAL_DRIVER -DSTM32F103xB -c -I../Core/Inc -I../Drivers/STM32F1xx_HAL_Driver/Inc/Legacy -I../Drivers/STM32F1xx_HAL_Driver/Inc -I../Drivers/CMSIS/Device/ST/STM32F1xx/Include -I../Drivers/CMSIS/Include -O0 -ffunction-sections -fdata-sections -Wall -fstack-usage -fcyclomatic-complexity -MMD -MP -MF"Core/Src/main.d" -MT"Core/Src/main.o" --specs=nano.specs -mfloat-abi=soft -mthumb -o "Core/Src/main.o"
../Core/Src/main.c: In function 'main':
../Core/Src/main.c:104:12: warning: unused variable 'min_dc' [-Wunused-variable]
  104 |   uint32_t min_dc = 1500;
      |            ^~~~~~
../Core/Src/main.c:103:12: warning: unused variable 'max_dc' [-Wunused-variable]
  103 |   uint32_t max_dc = 2685;
      |            ^~~~~~
arm-none-eabi-g++ -o "Reaction Wheel Flight code.elf" @"objects.list"   -mcpu=cortex-m3 -T"C:\Users\kking\OneDrive\Documents\AVS\Code\Reaction Wheel Flight code\STM32F103C8TX_FLASH.ld" --specs=nosys.specs -Wl,-Map="Reaction Wheel Flight code.map" -Wl,--gc-sections -static --specs=nano.specs -mfloat-abi=soft -mthumb -Wl,--start-group -lc -lm -lstdc++ -lsupc++ -Wl,--end-group
Finished building target: Reaction Wheel Flight code.elf
 
arm-none-eabi-size   Reaction\ Wheel\ Flight\ code.elf 
arm-none-eabi-objdump -h -S  Reaction\ Wheel\ Flight\ code.elf  > "Reaction Wheel Flight code.list"
   text	   data	    bss	    dec	    hex	filename
   8840	     20	   1708	  10568	   2948	Reaction Wheel Flight code.elf
Finished building: default.size.stdout
 
Finished building: Reaction Wheel Flight code.list
 
16:44:06 **** Incremental Build of configuration Debug for project Reaction Wheel Flight code ****
make -j16 all 
arm-none-eabi-gcc "../Core/Src/main.c" -mcpu=cortex-m3 -std=gnu11 -g3 -DDEBUG -DUSE_HAL_DRIVER -DSTM32F103xB -c -I../Core/Inc -I../Drivers/STM32F1xx_HAL_Driver/Inc/Legacy -I../Drivers/STM32F1xx_HAL_Driver/Inc -I../Drivers/CMSIS/Device/ST/STM32F1xx/Include -I../Drivers/CMSIS/Include -O0 -ffunction-sections -fdata-sections -Wall -fstack-usage -fcyclomatic-complexity -MMD -MP -MF"Core/Src/main.d" -MT"Core/Src/main.o" --specs=nano.specs -mfloat-abi=soft -mthumb -o "Core/Src/main.o"
../Core/Src/main.c: In function 'main':
../Core/Src/main.c:104:12: warning: unused variable 'min_dc' [-Wunused-variable]
  104 |   uint32_t min_dc = 1500;
      |            ^~~~~~
arm-none-eabi-g++ -o "Reaction Wheel Flight code.elf" @"objects.list"   -mcpu=cortex-m3 -T"C:\Users\kking\OneDrive\Documents\AVS\Code\Reaction Wheel Flight code\STM32F103C8TX_FLASH.ld" --specs=nosys.specs -Wl,-Map="Reaction Wheel Flight code.map" -Wl,--gc-sections -static --specs=nano.specs -mfloat-abi=soft -mthumb -Wl,--start-group -lc -lm -lstdc++ -lsupc++ -Wl,--end-group
Finished building target: Reaction Wheel Flight code.elf
 
arm-none-eabi-size   Reaction\ Wheel\ Flight\ code.elf 
arm-none-eabi-objdump -h -S  Reaction\ Wheel\ Flight\ code.elf  > "Reaction Wheel Flight code.list"
   text	   data	    bss	    dec	    hex	filename
   8840	     20	   1708	  10568	   2948	Reaction Wheel Flight code.elf
Finished building: default.size.stdout
 
Finished building: Reaction Wheel Flight code.list
 
16:45:10 **** Incremental Build of configuration Debug for project Reaction Wheel Flight code ****
make -j16 all 
arm-none-eabi-gcc "../Core/Src/main.c" -mcpu=cortex-m3 -std=gnu11 -g3 -DDEBUG -DUSE_HAL_DRIVER -DSTM32F103xB -c -I../Core/Inc -I../Drivers/STM32F1xx_HAL_Driver/Inc/Legacy -I../Drivers/STM32F1xx_HAL_Driver/Inc -I../Drivers/CMSIS/Device/ST/STM32F1xx/Include -I../Drivers/CMSIS/Include -O0 -ffunction-sections -fdata-sections -Wall -fstack-usage -fcyclomatic-complexity -MMD -MP -MF"Core/Src/main.d" -MT"Core/Src/main.o" --specs=nano.specs -mfloat-abi=soft -mthumb -o "Core/Src/main.o"
../Core/Src/main.c: In function 'main':
../Core/Src/main.c:104:12: warning: unused variable 'min_dc' [-Wunused-variable]
  104 |   uint32_t min_dc = 1500;
      |            ^~~~~~
arm-none-eabi-g++ -o "Reaction Wheel Flight code.elf" @"objects.list"   -mcpu=cortex-m3 -T"C:\Users\kking\OneDrive\Documents\AVS\Code\Reaction Wheel Flight code\STM32F103C8TX_FLASH.ld" --specs=nosys.specs -Wl,-Map="Reaction Wheel Flight code.map" -Wl,--gc-sections -static --specs=nano.specs -mfloat-abi=soft -mthumb -Wl,--start-group -lc -lm -lstdc++ -lsupc++ -Wl,--end-group
Finished building target: Reaction Wheel Flight code.elf
 
arm-none-eabi-size   Reaction\ Wheel\ Flight\ code.elf 
arm-none-eabi-objdump -h -S  Reaction\ Wheel\ Flight\ code.elf  > "Reaction Wheel Flight code.list"
   text	   data	    bss	    dec	    hex	filename
   8840	     20	   1708	  10568	   2948	Reaction Wheel Flight code.elf
Finished building: default.size.stdout
 
Finished building: Reaction Wheel Flight code.list
 
16:46:07 **** Incremental Build of configuration Debug for project Reaction Wheel Flight code ****
make -j16 all 
arm-none-eabi-gcc "../Core/Src/main.c" -mcpu=cortex-m3 -std=gnu11 -g3 -DDEBUG -DUSE_HAL_DRIVER -DSTM32F103xB -c -I../Core/Inc -I../Drivers/STM32F1xx_HAL_Driver/Inc/Legacy -I../Drivers/STM32F1xx_HAL_Driver/Inc -I../Drivers/CMSIS/Device/ST/STM32F1xx/Include -I../Drivers/CMSIS/Include -O0 -ffunction-sections -fdata-sections -Wall -fstack-usage -fcyclomatic-complexity -MMD -MP -MF"Core/Src/main.d" -MT"Core/Src/main.o" --specs=nano.specs -mfloat-abi=soft -mthumb -o "Core/Src/main.o"
arm-none-eabi-g++ -o "Reaction Wheel Flight code.elf" @"objects.list"   -mcpu=cortex-m3 -T"C:\Users\kking\OneDrive\Documents\AVS\Code\Reaction Wheel Flight code\STM32F103C8TX_FLASH.ld" --specs=nosys.specs -Wl,-Map="Reaction Wheel Flight code.map" -Wl,--gc-sections -static --specs=nano.specs -mfloat-abi=soft -mthumb -Wl,--start-group -lc -lm -lstdc++ -lsupc++ -Wl,--end-group
Finished building target: Reaction Wheel Flight code.elf
 
arm-none-eabi-size   Reaction\ Wheel\ Flight\ code.elf 
arm-none-eabi-objdump -h -S  Reaction\ Wheel\ Flight\ code.elf  > "Reaction Wheel Flight code.list"
   text	   data	    bss	    dec	    hex	filename
   8844	     20	   1708	  10572	   294c	Reaction Wheel Flight code.elf
Finished building: default.size.stdout
 
Finished building: Reaction Wheel Flight code.list
 
16:46:27 **** Incremental Build of configuration Debug for project Reaction Wheel Flight code ****
make -j16 all 
arm-none-eabi-size   Reaction\ Wheel\ Flight\ code.elf 
   text	   data	    bss	    dec	    hex	filename
   8844	     20	   1708	  10572	   294c	Reaction Wheel Flight code.elf
Finished building: default.size.stdout
 
16:46:56 **** Incremental Build of configuration Debug for project Reaction Wheel Flight code ****
make -j16 all 
arm-none-eabi-size   Reaction\ Wheel\ Flight\ code.elf 
   text	   data	    bss	    dec	    hex	filename
   8844	     20	   1708	  10572	   294c	Reaction Wheel Flight code.elf
Finished building: default.size.stdout
 
16:47:11 **** Incremental Build of configuration Debug for project Reaction Wheel Flight code ****
make -j16 all 
arm-none-eabi-size   Reaction\ Wheel\ Flight\ code.elf 
   text	   data	    bss	    dec	    hex	filename
   8844	     20	   1708	  10572	   294c	Reaction Wheel Flight code.elf
Finished building: default.size.stdout
 
16:48:41 **** Incremental Build of configuration Debug for project Reaction Wheel Flight code ****
make -j16 all 
arm-none-eabi-gcc "../Core/Src/main.c" -mcpu=cortex-m3 -std=gnu11 -g3 -DDEBUG -DUSE_HAL_DRIVER -DSTM32F103xB -c -I../Core/Inc -I../Drivers/STM32F1xx_HAL_Driver/Inc/Legacy -I../Drivers/STM32F1xx_HAL_Driver/Inc -I../Drivers/CMSIS/Device/ST/STM32F1xx/Include -I../Drivers/CMSIS/Include -O0 -ffunction-sections -fdata-sections -Wall -fstack-usage -fcyclomatic-complexity -MMD -MP -MF"Core/Src/main.d" -MT"Core/Src/main.o" --specs=nano.specs -mfloat-abi=soft -mthumb -o "Core/Src/main.o"
../Core/Src/main.c: In function 'main':
../Core/Src/main.c:106:12: warning: unused variable 'min_dc' [-Wunused-variable]
  106 |   uint32_t min_dc = 1500;
      |            ^~~~~~
../Core/Src/main.c:105:12: warning: unused variable 'max_dc' [-Wunused-variable]
  105 |   uint32_t max_dc = 2040;
      |            ^~~~~~
arm-none-eabi-g++ -o "Reaction Wheel Flight code.elf" @"objects.list"   -mcpu=cortex-m3 -T"C:\Users\kking\OneDrive\Documents\AVS\Code\Reaction Wheel Flight code\STM32F103C8TX_FLASH.ld" --specs=nosys.specs -Wl,-Map="Reaction Wheel Flight code.map" -Wl,--gc-sections -static --specs=nano.specs -mfloat-abi=soft -mthumb -Wl,--start-group -lc -lm -lstdc++ -lsupc++ -Wl,--end-group
Finished building target: Reaction Wheel Flight code.elf
 
arm-none-eabi-size   Reaction\ Wheel\ Flight\ code.elf 
arm-none-eabi-objdump -h -S  Reaction\ Wheel\ Flight\ code.elf  > "Reaction Wheel Flight code.list"
   text	   data	    bss	    dec	    hex	filename
   8860	     20	   1708	  10588	   295c	Reaction Wheel Flight code.elf
Finished building: default.size.stdout
 
Finished building: Reaction Wheel Flight code.list
 
16:50:46 **** Incremental Build of configuration Debug for project Reaction Wheel Flight code ****
make -j16 all 
arm-none-eabi-gcc "../Core/Src/main.c" -mcpu=cortex-m3 -std=gnu11 -g3 -DDEBUG -DUSE_HAL_DRIVER -DSTM32F103xB -c -I../Core/Inc -I../Drivers/STM32F1xx_HAL_Driver/Inc/Legacy -I../Drivers/STM32F1xx_HAL_Driver/Inc -I../Drivers/CMSIS/Device/ST/STM32F1xx/Include -I../Drivers/CMSIS/Include -O0 -ffunction-sections -fdata-sections -Wall -fstack-usage -fcyclomatic-complexity -MMD -MP -MF"Core/Src/main.d" -MT"Core/Src/main.o" --specs=nano.specs -mfloat-abi=soft -mthumb -o "Core/Src/main.o"
../Core/Src/main.c: In function 'main':
../Core/Src/main.c:105:12: warning: unused variable 'min_dc' [-Wunused-variable]
  105 |   uint32_t min_dc = 1500;
      |            ^~~~~~
../Core/Src/main.c:104:12: warning: unused variable 'max_dc' [-Wunused-variable]
  104 |   uint32_t max_dc = 2040;
      |            ^~~~~~
arm-none-eabi-g++ -o "Reaction Wheel Flight code.elf" @"objects.list"   -mcpu=cortex-m3 -T"C:\Users\kking\OneDrive\Documents\AVS\Code\Reaction Wheel Flight code\STM32F103C8TX_FLASH.ld" --specs=nosys.specs -Wl,-Map="Reaction Wheel Flight code.map" -Wl,--gc-sections -static --specs=nano.specs -mfloat-abi=soft -mthumb -Wl,--start-group -lc -lm -lstdc++ -lsupc++ -Wl,--end-group
Finished building target: Reaction Wheel Flight code.elf
 
arm-none-eabi-size   Reaction\ Wheel\ Flight\ code.elf 
arm-none-eabi-objdump -h -S  Reaction\ Wheel\ Flight\ code.elf  > "Reaction Wheel Flight code.list"
   text	   data	    bss	    dec	    hex	filename
   8860	     20	   1708	  10588	   295c	Reaction Wheel Flight code.elf
Finished building: default.size.stdout
 
Finished building: Reaction Wheel Flight code.list
 
16:51:28 **** Incremental Build of configuration Debug for project Reaction Wheel Flight code ****
make -j16 all 
arm-none-eabi-gcc "../Core/Src/main.c" -mcpu=cortex-m3 -std=gnu11 -g3 -DDEBUG -DUSE_HAL_DRIVER -DSTM32F103xB -c -I../Core/Inc -I../Drivers/STM32F1xx_HAL_Driver/Inc/Legacy -I../Drivers/STM32F1xx_HAL_Driver/Inc -I../Drivers/CMSIS/Device/ST/STM32F1xx/Include -I../Drivers/CMSIS/Include -O0 -ffunction-sections -fdata-sections -Wall -fstack-usage -fcyclomatic-complexity -MMD -MP -MF"Core/Src/main.d" -MT"Core/Src/main.o" --specs=nano.specs -mfloat-abi=soft -mthumb -o "Core/Src/main.o"
../Core/Src/main.c: In function 'main':
../Core/Src/main.c:105:12: warning: unused variable 'min_dc' [-Wunused-variable]
  105 |   uint32_t min_dc = 1500;
      |            ^~~~~~
../Core/Src/main.c:104:12: warning: unused variable 'max_dc' [-Wunused-variable]
  104 |   uint32_t max_dc = 2040;
      |            ^~~~~~
arm-none-eabi-g++ -o "Reaction Wheel Flight code.elf" @"objects.list"   -mcpu=cortex-m3 -T"C:\Users\kking\OneDrive\Documents\AVS\Code\Reaction Wheel Flight code\STM32F103C8TX_FLASH.ld" --specs=nosys.specs -Wl,-Map="Reaction Wheel Flight code.map" -Wl,--gc-sections -static --specs=nano.specs -mfloat-abi=soft -mthumb -Wl,--start-group -lc -lm -lstdc++ -lsupc++ -Wl,--end-group
Finished building target: Reaction Wheel Flight code.elf
 
arm-none-eabi-size   Reaction\ Wheel\ Flight\ code.elf 
arm-none-eabi-objdump -h -S  Reaction\ Wheel\ Flight\ code.elf  > "Reaction Wheel Flight code.list"
   text	   data	    bss	    dec	    hex	filename
   8860	     20	   1708	  10588	   295c	Reaction Wheel Flight code.elf
Finished building: default.size.stdout
 
Finished building: Reaction Wheel Flight code.list
 
16:51:52 **** Incremental Build of configuration Debug for project Reaction Wheel Flight code ****
make -j16 all 
arm-none-eabi-gcc "../Core/Src/main.c" -mcpu=cortex-m3 -std=gnu11 -g3 -DDEBUG -DUSE_HAL_DRIVER -DSTM32F103xB -c -I../Core/Inc -I../Drivers/STM32F1xx_HAL_Driver/Inc/Legacy -I../Drivers/STM32F1xx_HAL_Driver/Inc -I../Drivers/CMSIS/Device/ST/STM32F1xx/Include -I../Drivers/CMSIS/Include -O0 -ffunction-sections -fdata-sections -Wall -fstack-usage -fcyclomatic-complexity -MMD -MP -MF"Core/Src/main.d" -MT"Core/Src/main.o" --specs=nano.specs -mfloat-abi=soft -mthumb -o "Core/Src/main.o"
../Core/Src/main.c: In function 'main':
../Core/Src/main.c:105:12: warning: unused variable 'min_dc' [-Wunused-variable]
  105 |   uint32_t min_dc = 1500;
      |            ^~~~~~
../Core/Src/main.c:104:12: warning: unused variable 'max_dc' [-Wunused-variable]
  104 |   uint32_t max_dc = 2040;
      |            ^~~~~~
arm-none-eabi-g++ -o "Reaction Wheel Flight code.elf" @"objects.list"   -mcpu=cortex-m3 -T"C:\Users\kking\OneDrive\Documents\AVS\Code\Reaction Wheel Flight code\STM32F103C8TX_FLASH.ld" --specs=nosys.specs -Wl,-Map="Reaction Wheel Flight code.map" -Wl,--gc-sections -static --specs=nano.specs -mfloat-abi=soft -mthumb -Wl,--start-group -lc -lm -lstdc++ -lsupc++ -Wl,--end-group
Finished building target: Reaction Wheel Flight code.elf
 
arm-none-eabi-size   Reaction\ Wheel\ Flight\ code.elf 
arm-none-eabi-objdump -h -S  Reaction\ Wheel\ Flight\ code.elf  > "Reaction Wheel Flight code.list"
   text	   data	    bss	    dec	    hex	filename
   8860	     20	   1708	  10588	   295c	Reaction Wheel Flight code.elf
Finished building: default.size.stdout
 
Finished building: Reaction Wheel Flight code.list
 
16:52:53 **** Incremental Build of configuration Debug for project Reaction Wheel Flight code ****
make -j16 all 
arm-none-eabi-gcc "../Core/Src/main.c" -mcpu=cortex-m3 -std=gnu11 -g3 -DDEBUG -DUSE_HAL_DRIVER -DSTM32F103xB -c -I../Core/Inc -I../Drivers/STM32F1xx_HAL_Driver/Inc/Legacy -I../Drivers/STM32F1xx_HAL_Driver/Inc -I../Drivers/CMSIS/Device/ST/STM32F1xx/Include -I../Drivers/CMSIS/Include -O0 -ffunction-sections -fdata-sections -Wall -fstack-usage -fcyclomatic-complexity -MMD -MP -MF"Core/Src/main.d" -MT"Core/Src/main.o" --specs=nano.specs -mfloat-abi=soft -mthumb -o "Core/Src/main.o"
../Core/Src/main.c: In function 'main':
../Core/Src/main.c:105:12: warning: unused variable 'min_dc' [-Wunused-variable]
  105 |   uint32_t min_dc = 1500;
      |            ^~~~~~
../Core/Src/main.c:104:12: warning: unused variable 'max_dc' [-Wunused-variable]
  104 |   uint32_t max_dc = 2040;
      |            ^~~~~~
arm-none-eabi-g++ -o "Reaction Wheel Flight code.elf" @"objects.list"   -mcpu=cortex-m3 -T"C:\Users\kking\OneDrive\Documents\AVS\Code\Reaction Wheel Flight code\STM32F103C8TX_FLASH.ld" --specs=nosys.specs -Wl,-Map="Reaction Wheel Flight code.map" -Wl,--gc-sections -static --specs=nano.specs -mfloat-abi=soft -mthumb -Wl,--start-group -lc -lm -lstdc++ -lsupc++ -Wl,--end-group
Finished building target: Reaction Wheel Flight code.elf
 
arm-none-eabi-size   Reaction\ Wheel\ Flight\ code.elf 
arm-none-eabi-objdump -h -S  Reaction\ Wheel\ Flight\ code.elf  > "Reaction Wheel Flight code.list"
   text	   data	    bss	    dec	    hex	filename
   8860	     20	   1708	  10588	   295c	Reaction Wheel Flight code.elf
Finished building: default.size.stdout
 
Finished building: Reaction Wheel Flight code.list
 
16:55:31 **** Incremental Build of configuration Debug for project Reaction Wheel Flight code ****
make -j16 all 
arm-none-eabi-gcc "../Core/Src/main.c" -mcpu=cortex-m3 -std=gnu11 -g3 -DDEBUG -DUSE_HAL_DRIVER -DSTM32F103xB -c -I../Core/Inc -I../Drivers/STM32F1xx_HAL_Driver/Inc/Legacy -I../Drivers/STM32F1xx_HAL_Driver/Inc -I../Drivers/CMSIS/Device/ST/STM32F1xx/Include -I../Drivers/CMSIS/Include -O0 -ffunction-sections -fdata-sections -Wall -fstack-usage -fcyclomatic-complexity -MMD -MP -MF"Core/Src/main.d" -MT"Core/Src/main.o" --specs=nano.specs -mfloat-abi=soft -mthumb -o "Core/Src/main.o"
../Core/Src/main.c: In function 'main':
../Core/Src/main.c:105:12: warning: unused variable 'min_dc' [-Wunused-variable]
  105 |   uint32_t min_dc = 1500;
      |            ^~~~~~
../Core/Src/main.c:104:12: warning: unused variable 'max_dc' [-Wunused-variable]
  104 |   uint32_t max_dc = 1650;
      |            ^~~~~~
arm-none-eabi-g++ -o "Reaction Wheel Flight code.elf" @"objects.list"   -mcpu=cortex-m3 -T"C:\Users\kking\OneDrive\Documents\AVS\Code\Reaction Wheel Flight code\STM32F103C8TX_FLASH.ld" --specs=nosys.specs -Wl,-Map="Reaction Wheel Flight code.map" -Wl,--gc-sections -static --specs=nano.specs -mfloat-abi=soft -mthumb -Wl,--start-group -lc -lm -lstdc++ -lsupc++ -Wl,--end-group
Finished building target: Reaction Wheel Flight code.elf
 
arm-none-eabi-size   Reaction\ Wheel\ Flight\ code.elf 
arm-none-eabi-objdump -h -S  Reaction\ Wheel\ Flight\ code.elf  > "Reaction Wheel Flight code.list"
   text	   data	    bss	    dec	    hex	filename
   8860	     20	   1708	  10588	   295c	Reaction Wheel Flight code.elf
Finished building: default.size.stdout
 
Finished building: Reaction Wheel Flight code.list
 
17:00:34 **** Incremental Build of configuration Debug for project Reaction Wheel Flight code ****
make -j16 all 
arm-none-eabi-gcc "../Core/Src/main.c" -mcpu=cortex-m3 -std=gnu11 -g3 -DDEBUG -DUSE_HAL_DRIVER -DSTM32F103xB -c -I../Core/Inc -I../Drivers/STM32F1xx_HAL_Driver/Inc/Legacy -I../Drivers/STM32F1xx_HAL_Driver/Inc -I../Drivers/CMSIS/Device/ST/STM32F1xx/Include -I../Drivers/CMSIS/Include -O0 -ffunction-sections -fdata-sections -Wall -fstack-usage -fcyclomatic-complexity -MMD -MP -MF"Core/Src/main.d" -MT"Core/Src/main.o" --specs=nano.specs -mfloat-abi=soft -mthumb -o "Core/Src/main.o"
../Core/Src/main.c: In function 'main':
../Core/Src/main.c:103:12: warning: unused variable 'variance' [-Wunused-variable]
  103 |   uint32_t variance = 150;
      |            ^~~~~~~~
arm-none-eabi-g++ -o "Reaction Wheel Flight code.elf" @"objects.list"   -mcpu=cortex-m3 -T"C:\Users\kking\OneDrive\Documents\AVS\Code\Reaction Wheel Flight code\STM32F103C8TX_FLASH.ld" --specs=nosys.specs -Wl,-Map="Reaction Wheel Flight code.map" -Wl,--gc-sections -static --specs=nano.specs -mfloat-abi=soft -mthumb -Wl,--start-group -lc -lm -lstdc++ -lsupc++ -Wl,--end-group
Finished building target: Reaction Wheel Flight code.elf
 
arm-none-eabi-size   Reaction\ Wheel\ Flight\ code.elf 
arm-none-eabi-objdump -h -S  Reaction\ Wheel\ Flight\ code.elf  > "Reaction Wheel Flight code.list"
   text	   data	    bss	    dec	    hex	filename
   8852	     20	   1708	  10580	   2954	Reaction Wheel Flight code.elf
Finished building: default.size.stdout
 
Finished building: Reaction Wheel Flight code.list
 
17:05:00 **** Incremental Build of configuration Debug for project Reaction Wheel Flight code ****
make -j16 all 
arm-none-eabi-gcc "../Core/Src/main.c" -mcpu=cortex-m3 -std=gnu11 -g3 -DDEBUG -DUSE_HAL_DRIVER -DSTM32F103xB -c -I../Core/Inc -I../Drivers/STM32F1xx_HAL_Driver/Inc/Legacy -I../Drivers/STM32F1xx_HAL_Driver/Inc -I../Drivers/CMSIS/Device/ST/STM32F1xx/Include -I../Drivers/CMSIS/Include -O0 -ffunction-sections -fdata-sections -Wall -fstack-usage -fcyclomatic-complexity -MMD -MP -MF"Core/Src/main.d" -MT"Core/Src/main.o" --specs=nano.specs -mfloat-abi=soft -mthumb -o "Core/Src/main.o"
../Core/Src/main.c: In function 'main':
../Core/Src/main.c:103:12: warning: unused variable 'variance' [-Wunused-variable]
  103 |   uint32_t variance = 150;
      |            ^~~~~~~~
arm-none-eabi-g++ -o "Reaction Wheel Flight code.elf" @"objects.list"   -mcpu=cortex-m3 -T"C:\Users\kking\OneDrive\Documents\AVS\Code\Reaction Wheel Flight code\STM32F103C8TX_FLASH.ld" --specs=nosys.specs -Wl,-Map="Reaction Wheel Flight code.map" -Wl,--gc-sections -static --specs=nano.specs -mfloat-abi=soft -mthumb -Wl,--start-group -lc -lm -lstdc++ -lsupc++ -Wl,--end-group
Finished building target: Reaction Wheel Flight code.elf
 
arm-none-eabi-size   Reaction\ Wheel\ Flight\ code.elf 
arm-none-eabi-objdump -h -S  Reaction\ Wheel\ Flight\ code.elf  > "Reaction Wheel Flight code.list"
   text	   data	    bss	    dec	    hex	filename
   8848	     20	   1708	  10576	   2950	Reaction Wheel Flight code.elf
Finished building: default.size.stdout
 
Finished building: Reaction Wheel Flight code.list
 
17:06:03 **** Incremental Build of configuration Debug for project Reaction Wheel Flight code ****
make -j16 all 
arm-none-eabi-gcc "../Core/Src/main.c" -mcpu=cortex-m3 -std=gnu11 -g3 -DDEBUG -DUSE_HAL_DRIVER -DSTM32F103xB -c -I../Core/Inc -I../Drivers/STM32F1xx_HAL_Driver/Inc/Legacy -I../Drivers/STM32F1xx_HAL_Driver/Inc -I../Drivers/CMSIS/Device/ST/STM32F1xx/Include -I../Drivers/CMSIS/Include -O0 -ffunction-sections -fdata-sections -Wall -fstack-usage -fcyclomatic-complexity -MMD -MP -MF"Core/Src/main.d" -MT"Core/Src/main.o" --specs=nano.specs -mfloat-abi=soft -mthumb -o "Core/Src/main.o"
../Core/Src/main.c: In function 'main':
../Core/Src/main.c:103:12: warning: unused variable 'variance' [-Wunused-variable]
  103 |   uint32_t variance = 150;
      |            ^~~~~~~~
arm-none-eabi-g++ -o "Reaction Wheel Flight code.elf" @"objects.list"   -mcpu=cortex-m3 -T"C:\Users\kking\OneDrive\Documents\AVS\Code\Reaction Wheel Flight code\STM32F103C8TX_FLASH.ld" --specs=nosys.specs -Wl,-Map="Reaction Wheel Flight code.map" -Wl,--gc-sections -static --specs=nano.specs -mfloat-abi=soft -mthumb -Wl,--start-group -lc -lm -lstdc++ -lsupc++ -Wl,--end-group
Finished building target: Reaction Wheel Flight code.elf
 
arm-none-eabi-size   Reaction\ Wheel\ Flight\ code.elf 
arm-none-eabi-objdump -h -S  Reaction\ Wheel\ Flight\ code.elf  > "Reaction Wheel Flight code.list"
   text	   data	    bss	    dec	    hex	filename
   8848	     20	   1708	  10576	   2950	Reaction Wheel Flight code.elf
Finished building: default.size.stdout
 
Finished building: Reaction Wheel Flight code.list
 
17:06:21 **** Incremental Build of configuration Debug for project Reaction Wheel Flight code ****
make -j16 all 
arm-none-eabi-size   Reaction\ Wheel\ Flight\ code.elf 
   text	   data	    bss	    dec	    hex	filename
   8848	     20	   1708	  10576	   2950	Reaction Wheel Flight code.elf
Finished building: default.size.stdout
 
17:06:50 **** Incremental Build of configuration Debug for project Reaction Wheel Flight code ****
make -j16 all 
arm-none-eabi-gcc "../Core/Src/main.c" -mcpu=cortex-m3 -std=gnu11 -g3 -DDEBUG -DUSE_HAL_DRIVER -DSTM32F103xB -c -I../Core/Inc -I../Drivers/STM32F1xx_HAL_Driver/Inc/Legacy -I../Drivers/STM32F1xx_HAL_Driver/Inc -I../Drivers/CMSIS/Device/ST/STM32F1xx/Include -I../Drivers/CMSIS/Include -O0 -ffunction-sections -fdata-sections -Wall -fstack-usage -fcyclomatic-complexity -MMD -MP -MF"Core/Src/main.d" -MT"Core/Src/main.o" --specs=nano.specs -mfloat-abi=soft -mthumb -o "Core/Src/main.o"
../Core/Src/main.c: In function 'main':
../Core/Src/main.c:103:12: warning: unused variable 'variance' [-Wunused-variable]
  103 |   uint32_t variance = 150;
      |            ^~~~~~~~
arm-none-eabi-g++ -o "Reaction Wheel Flight code.elf" @"objects.list"   -mcpu=cortex-m3 -T"C:\Users\kking\OneDrive\Documents\AVS\Code\Reaction Wheel Flight code\STM32F103C8TX_FLASH.ld" --specs=nosys.specs -Wl,-Map="Reaction Wheel Flight code.map" -Wl,--gc-sections -static --specs=nano.specs -mfloat-abi=soft -mthumb -Wl,--start-group -lc -lm -lstdc++ -lsupc++ -Wl,--end-group
Finished building target: Reaction Wheel Flight code.elf
 
arm-none-eabi-size   Reaction\ Wheel\ Flight\ code.elf 
arm-none-eabi-objdump -h -S  Reaction\ Wheel\ Flight\ code.elf  > "Reaction Wheel Flight code.list"
   text	   data	    bss	    dec	    hex	filename
   8852	     20	   1708	  10580	   2954	Reaction Wheel Flight code.elf
Finished building: default.size.stdout
 
Finished building: Reaction Wheel Flight code.list
 
17:07:26 **** Incremental Build of configuration Debug for project Reaction Wheel Flight code ****
make -j16 all 
arm-none-eabi-size   Reaction\ Wheel\ Flight\ code.elf 
   text	   data	    bss	    dec	    hex	filename
   8852	     20	   1708	  10580	   2954	Reaction Wheel Flight code.elf
Finished building: default.size.stdout
 
17:07:33 **** Incremental Build of configuration Debug for project Reaction Wheel Flight code ****
make -j16 all 
arm-none-eabi-size   Reaction\ Wheel\ Flight\ code.elf 
   text	   data	    bss	    dec	    hex	filename
   8852	     20	   1708	  10580	   2954	Reaction Wheel Flight code.elf
Finished building: default.size.stdout
 
17:09:00 **** Incremental Build of configuration Debug for project Reaction Wheel Flight code ****
make -j16 all 
arm-none-eabi-size   Reaction\ Wheel\ Flight\ code.elf 
   text	   data	    bss	    dec	    hex	filename
   8852	     20	   1708	  10580	   2954	Reaction Wheel Flight code.elf
Finished building: default.size.stdout
 
17:09:31 **** Incremental Build of configuration Debug for project Reaction Wheel Flight code ****
make -j16 all 
arm-none-eabi-gcc "../Core/Src/main.c" -mcpu=cortex-m3 -std=gnu11 -g3 -DDEBUG -DUSE_HAL_DRIVER -DSTM32F103xB -c -I../Core/Inc -I../Drivers/STM32F1xx_HAL_Driver/Inc/Legacy -I../Drivers/STM32F1xx_HAL_Driver/Inc -I../Drivers/CMSIS/Device/ST/STM32F1xx/Include -I../Drivers/CMSIS/Include -O0 -ffunction-sections -fdata-sections -Wall -fstack-usage -fcyclomatic-complexity -MMD -MP -MF"Core/Src/main.d" -MT"Core/Src/main.o" --specs=nano.specs -mfloat-abi=soft -mthumb -o "Core/Src/main.o"
../Core/Src/main.c: In function 'main':
../Core/Src/main.c:103:12: warning: unused variable 'variance' [-Wunused-variable]
  103 |   uint32_t variance = 150;
      |            ^~~~~~~~
arm-none-eabi-g++ -o "Reaction Wheel Flight code.elf" @"objects.list"   -mcpu=cortex-m3 -T"C:\Users\kking\OneDrive\Documents\AVS\Code\Reaction Wheel Flight code\STM32F103C8TX_FLASH.ld" --specs=nosys.specs -Wl,-Map="Reaction Wheel Flight code.map" -Wl,--gc-sections -static --specs=nano.specs -mfloat-abi=soft -mthumb -Wl,--start-group -lc -lm -lstdc++ -lsupc++ -Wl,--end-group
Finished building target: Reaction Wheel Flight code.elf
 
arm-none-eabi-size   Reaction\ Wheel\ Flight\ code.elf 
arm-none-eabi-objdump -h -S  Reaction\ Wheel\ Flight\ code.elf  > "Reaction Wheel Flight code.list"
   text	   data	    bss	    dec	    hex	filename
   8852	     20	   1708	  10580	   2954	Reaction Wheel Flight code.elf
Finished building: default.size.stdout
 
Finished building: Reaction Wheel Flight code.list
 
17:14:45 **** Incremental Build of configuration Debug for project Reaction Wheel Flight code ****
make -j16 all 
arm-none-eabi-size   Reaction\ Wheel\ Flight\ code.elf 
   text	   data	    bss	    dec	    hex	filename
   8852	     20	   1708	  10580	   2954	Reaction Wheel Flight code.elf
Finished building: default.size.stdout
 
17:16:06 **** Incremental Build of configuration Debug for project Reaction Wheel Flight code ****
make -j16 all 
arm-none-eabi-gcc "../Core/Src/main.c" -mcpu=cortex-m3 -std=gnu11 -g3 -DDEBUG -DUSE_HAL_DRIVER -DSTM32F103xB -c -I../Core/Inc -I../Drivers/STM32F1xx_HAL_Driver/Inc/Legacy -I../Drivers/STM32F1xx_HAL_Driver/Inc -I../Drivers/CMSIS/Device/ST/STM32F1xx/Include -I../Drivers/CMSIS/Include -O0 -ffunction-sections -fdata-sections -Wall -fstack-usage -fcyclomatic-complexity -MMD -MP -MF"Core/Src/main.d" -MT"Core/Src/main.o" --specs=nano.specs -mfloat-abi=soft -mthumb -o "Core/Src/main.o"
../Core/Src/main.c: In function 'main':
../Core/Src/main.c:103:12: warning: unused variable 'variance' [-Wunused-variable]
  103 |   uint32_t variance = 150;
      |            ^~~~~~~~
arm-none-eabi-g++ -o "Reaction Wheel Flight code.elf" @"objects.list"   -mcpu=cortex-m3 -T"C:\Users\kking\OneDrive\Documents\AVS\Code\Reaction Wheel Flight code\STM32F103C8TX_FLASH.ld" --specs=nosys.specs -Wl,-Map="Reaction Wheel Flight code.map" -Wl,--gc-sections -static --specs=nano.specs -mfloat-abi=soft -mthumb -Wl,--start-group -lc -lm -lstdc++ -lsupc++ -Wl,--end-group
Finished building target: Reaction Wheel Flight code.elf
 
arm-none-eabi-size   Reaction\ Wheel\ Flight\ code.elf 
arm-none-eabi-objdump -h -S  Reaction\ Wheel\ Flight\ code.elf  > "Reaction Wheel Flight code.list"
   text	   data	    bss	    dec	    hex	filename
   8852	     20	   1708	  10580	   2954	Reaction Wheel Flight code.elf
Finished building: default.size.stdout
 
Finished building: Reaction Wheel Flight code.list
 
17:16:35 **** Incremental Build of configuration Debug for project Reaction Wheel Flight code ****
make -j16 all 
arm-none-eabi-size   Reaction\ Wheel\ Flight\ code.elf 
   text	   data	    bss	    dec	    hex	filename
   8852	     20	   1708	  10580	   2954	Reaction Wheel Flight code.elf
Finished building: default.size.stdout
 
17:17:12 **** Incremental Build of configuration Debug for project Reaction Wheel Flight code ****
make -j16 all 
arm-none-eabi-gcc "../Core/Src/main.c" -mcpu=cortex-m3 -std=gnu11 -g3 -DDEBUG -DUSE_HAL_DRIVER -DSTM32F103xB -c -I../Core/Inc -I../Drivers/STM32F1xx_HAL_Driver/Inc/Legacy -I../Drivers/STM32F1xx_HAL_Driver/Inc -I../Drivers/CMSIS/Device/ST/STM32F1xx/Include -I../Drivers/CMSIS/Include -O0 -ffunction-sections -fdata-sections -Wall -fstack-usage -fcyclomatic-complexity -MMD -MP -MF"Core/Src/main.d" -MT"Core/Src/main.o" --specs=nano.specs -mfloat-abi=soft -mthumb -o "Core/Src/main.o"
../Core/Src/main.c: In function 'main':
../Core/Src/main.c:103:12: warning: unused variable 'variance' [-Wunused-variable]
  103 |   uint32_t variance = 150;
      |            ^~~~~~~~
arm-none-eabi-g++ -o "Reaction Wheel Flight code.elf" @"objects.list"   -mcpu=cortex-m3 -T"C:\Users\kking\OneDrive\Documents\AVS\Code\Reaction Wheel Flight code\STM32F103C8TX_FLASH.ld" --specs=nosys.specs -Wl,-Map="Reaction Wheel Flight code.map" -Wl,--gc-sections -static --specs=nano.specs -mfloat-abi=soft -mthumb -Wl,--start-group -lc -lm -lstdc++ -lsupc++ -Wl,--end-group
Finished building target: Reaction Wheel Flight code.elf
 
arm-none-eabi-size   Reaction\ Wheel\ Flight\ code.elf 
arm-none-eabi-objdump -h -S  Reaction\ Wheel\ Flight\ code.elf  > "Reaction Wheel Flight code.list"
   text	   data	    bss	    dec	    hex	filename
   8848	     20	   1708	  10576	   2950	Reaction Wheel Flight code.elf
Finished building: default.size.stdout
 
Finished building: Reaction Wheel Flight code.list
 
17:18:00 **** Incremental Build of configuration Debug for project Reaction Wheel Flight code ****
make -j16 all 
arm-none-eabi-gcc "../Core/Src/main.c" -mcpu=cortex-m3 -std=gnu11 -g3 -DDEBUG -DUSE_HAL_DRIVER -DSTM32F103xB -c -I../Core/Inc -I../Drivers/STM32F1xx_HAL_Driver/Inc/Legacy -I../Drivers/STM32F1xx_HAL_Driver/Inc -I../Drivers/CMSIS/Device/ST/STM32F1xx/Include -I../Drivers/CMSIS/Include -O0 -ffunction-sections -fdata-sections -Wall -fstack-usage -fcyclomatic-complexity -MMD -MP -MF"Core/Src/main.d" -MT"Core/Src/main.o" --specs=nano.specs -mfloat-abi=soft -mthumb -o "Core/Src/main.o"
../Core/Src/main.c: In function 'main':
../Core/Src/main.c:103:12: warning: unused variable 'variance' [-Wunused-variable]
  103 |   uint32_t variance = 150;
      |            ^~~~~~~~
arm-none-eabi-g++ -o "Reaction Wheel Flight code.elf" @"objects.list"   -mcpu=cortex-m3 -T"C:\Users\kking\OneDrive\Documents\AVS\Code\Reaction Wheel Flight code\STM32F103C8TX_FLASH.ld" --specs=nosys.specs -Wl,-Map="Reaction Wheel Flight code.map" -Wl,--gc-sections -static --specs=nano.specs -mfloat-abi=soft -mthumb -Wl,--start-group -lc -lm -lstdc++ -lsupc++ -Wl,--end-group
Finished building target: Reaction Wheel Flight code.elf
 
arm-none-eabi-size   Reaction\ Wheel\ Flight\ code.elf 
arm-none-eabi-objdump -h -S  Reaction\ Wheel\ Flight\ code.elf  > "Reaction Wheel Flight code.list"
   text	   data	    bss	    dec	    hex	filename
   8848	     20	   1708	  10576	   2950	Reaction Wheel Flight code.elf
Finished building: default.size.stdout
 
Finished building: Reaction Wheel Flight code.list
 
17:33:49 **** Clean-only build of configuration Debug for project Reaction Wheel Flight code ****
make -j16 clean 
[...]
  109 |   double min_dc = 0.06;
      |          ^~~~~~
../Core/Src/main.c:108:10: warning: unused variable 'max_dc' [-Wunused-variable]
  108 |   double max_dc = 0.08;
      |          ^~~~~~
../Core/Src/main.c:104:12: warning: unused variable 'variance' [-Wunused-variable]
  104 |   uint32_t variance = 150;
      |            ^~~~~~~~
../Core/Src/main.c:101:12: warning: unused variable 'clock_speed' [-Wunused-variable]
  101 |   uint32_t clock_speed = 64 * 1000000; //64 mhz
      |            ^~~~~~~~~~~
arm-none-eabi-g++ -o "Reaction Wheel Flight code.elf" @"objects.list"   -mcpu=cortex-m3 -T"C:\Users\kking\OneDrive\Documents\AVS\Code\Reaction Wheel Flight code\STM32F103C8TX_FLASH.ld" --specs=nosys.specs -Wl,-Map="Reaction Wheel Flight code.map" -Wl,--gc-sections -static --specs=nano.specs -mfloat-abi=soft -mthumb -Wl,--start-group -lc -lm -lstdc++ -lsupc++ -Wl,--end-group
Finished building target: Reaction Wheel Flight code.elf
 
arm-none-eabi-size   Reaction\ Wheel\ Flight\ code.elf 
arm-none-eabi-objdump -h -S  Reaction\ Wheel\ Flight\ code.elf  > "Reaction Wheel Flight code.list"
   text	   data	    bss	    dec	    hex	filename
  11152	     20	   1708	  12880	   3250	Reaction Wheel Flight code.elf
Finished building: default.size.stdout
 
Finished building: Reaction Wheel Flight code.list
 
20:31:07 **** Incremental Build of configuration Debug for project Reaction Wheel Flight code ****
make -j16 all 
arm-none-eabi-gcc "../Core/Src/main.c" -mcpu=cortex-m3 -std=gnu11 -g3 -DDEBUG -DUSE_HAL_DRIVER -DSTM32F103xB -c -I../Core/Inc -I../Drivers/STM32F1xx_HAL_Driver/Inc/Legacy -I../Drivers/STM32F1xx_HAL_Driver/Inc -I../Drivers/CMSIS/Device/ST/STM32F1xx/Include -I../Drivers/CMSIS/Include -O0 -ffunction-sections -fdata-sections -Wall -fstack-usage -fcyclomatic-complexity -MMD -MP -MF"Core/Src/main.d" -MT"Core/Src/main.o" --specs=nano.specs -mfloat-abi=soft -mthumb -o "Core/Src/main.o"
../Core/Src/main.c: In function 'main':
../Core/Src/main.c:109:10: warning: unused variable 'min_dc' [-Wunused-variable]
  109 |   double min_dc = 0.06;
      |          ^~~~~~
../Core/Src/main.c:108:10: warning: unused variable 'max_dc' [-Wunused-variable]
  108 |   double max_dc = 0.08;
      |          ^~~~~~
../Core/Src/main.c:104:12: warning: unused variable 'variance' [-Wunused-variable]
  104 |   uint32_t variance = 150;
      |            ^~~~~~~~
../Core/Src/main.c:101:12: warning: unused variable 'clock_speed' [-Wunused-variable]
  101 |   uint32_t clock_speed = 64 * 1000000; //64 mhz
      |            ^~~~~~~~~~~
arm-none-eabi-g++ -o "Reaction Wheel Flight code.elf" @"objects.list"   -mcpu=cortex-m3 -T"C:\Users\kking\OneDrive\Documents\AVS\Code\Reaction Wheel Flight code\STM32F103C8TX_FLASH.ld" --specs=nosys.specs -Wl,-Map="Reaction Wheel Flight code.map" -Wl,--gc-sections -static --specs=nano.specs -mfloat-abi=soft -mthumb -Wl,--start-group -lc -lm -lstdc++ -lsupc++ -Wl,--end-group
Finished building target: Reaction Wheel Flight code.elf
 
arm-none-eabi-size   Reaction\ Wheel\ Flight\ code.elf 
arm-none-eabi-objdump -h -S  Reaction\ Wheel\ Flight\ code.elf  > "Reaction Wheel Flight code.list"
   text	   data	    bss	    dec	    hex	filename
  11152	     20	   1708	  12880	   3250	Reaction Wheel Flight code.elf
Finished building: default.size.stdout
 
Finished building: Reaction Wheel Flight code.list
 
20:32:30 **** Incremental Build of configuration Debug for project Reaction Wheel Flight code ****
make -j16 all 
arm-none-eabi-gcc "../Core/Src/main.c" -mcpu=cortex-m3 -std=gnu11 -g3 -DDEBUG -DUSE_HAL_DRIVER -DSTM32F103xB -c -I../Core/Inc -I../Drivers/STM32F1xx_HAL_Driver/Inc/Legacy -I../Drivers/STM32F1xx_HAL_Driver/Inc -I../Drivers/CMSIS/Device/ST/STM32F1xx/Include -I../Drivers/CMSIS/Include -O0 -ffunction-sections -fdata-sections -Wall -fstack-usage -fcyclomatic-complexity -MMD -MP -MF"Core/Src/main.d" -MT"Core/Src/main.o" --specs=nano.specs -mfloat-abi=soft -mthumb -o "Core/Src/main.o"
../Core/Src/main.c: In function 'main':
../Core/Src/main.c:109:10: warning: unused variable 'min_dc' [-Wunused-variable]
  109 |   double min_dc = 0.06;
      |          ^~~~~~
../Core/Src/main.c:108:10: warning: unused variable 'max_dc' [-Wunused-variable]
  108 |   double max_dc = 0.08;
      |          ^~~~~~
../Core/Src/main.c:104:12: warning: unused variable 'variance' [-Wunused-variable]
  104 |   uint32_t variance = 150;
      |            ^~~~~~~~
../Core/Src/main.c:101:12: warning: unused variable 'clock_speed' [-Wunused-variable]
  101 |   uint32_t clock_speed = 64 * 1000000; //64 mhz
      |            ^~~~~~~~~~~
arm-none-eabi-g++ -o "Reaction Wheel Flight code.elf" @"objects.list"   -mcpu=cortex-m3 -T"C:\Users\kking\OneDrive\Documents\AVS\Code\Reaction Wheel Flight code\STM32F103C8TX_FLASH.ld" --specs=nosys.specs -Wl,-Map="Reaction Wheel Flight code.map" -Wl,--gc-sections -static --specs=nano.specs -mfloat-abi=soft -mthumb -Wl,--start-group -lc -lm -lstdc++ -lsupc++ -Wl,--end-group
Finished building target: Reaction Wheel Flight code.elf
 
arm-none-eabi-size   Reaction\ Wheel\ Flight\ code.elf 
arm-none-eabi-objdump -h -S  Reaction\ Wheel\ Flight\ code.elf  > "Reaction Wheel Flight code.list"
   text	   data	    bss	    dec	    hex	filename
  11152	     20	   1708	  12880	   3250	Reaction Wheel Flight code.elf
Finished building: default.size.stdout
 
Finished building: Reaction Wheel Flight code.list
 
20:34:02 **** Incremental Build of configuration Debug for project Reaction Wheel Flight code ****
make -j16 all 
arm-none-eabi-gcc "../Core/Src/main.c" -mcpu=cortex-m3 -std=gnu11 -g3 -DDEBUG -DUSE_HAL_DRIVER -DSTM32F103xB -c -I../Core/Inc -I../Drivers/STM32F1xx_HAL_Driver/Inc/Legacy -I../Drivers/STM32F1xx_HAL_Driver/Inc -I../Drivers/CMSIS/Device/ST/STM32F1xx/Include -I../Drivers/CMSIS/Include -O0 -ffunction-sections -fdata-sections -Wall -fstack-usage -fcyclomatic-complexity -MMD -MP -MF"Core/Src/main.d" -MT"Core/Src/main.o" --specs=nano.specs -mfloat-abi=soft -mthumb -o "Core/Src/main.o"
../Core/Src/main.c: In function 'main':
../Core/Src/main.c:109:10: warning: unused variable 'min_dc' [-Wunused-variable]
  109 |   double min_dc = 0.06;
      |          ^~~~~~
../Core/Src/main.c:108:10: warning: unused variable 'max_dc' [-Wunused-variable]
  108 |   double max_dc = 0.08;
      |          ^~~~~~
../Core/Src/main.c:104:12: warning: unused variable 'variance' [-Wunused-variable]
  104 |   uint32_t variance = 150;
      |            ^~~~~~~~
../Core/Src/main.c:101:12: warning: unused variable 'clock_speed' [-Wunused-variable]
  101 |   uint32_t clock_speed = 64 * 1000000; //64 mhz
      |            ^~~~~~~~~~~
arm-none-eabi-g++ -o "Reaction Wheel Flight code.elf" @"objects.list"   -mcpu=cortex-m3 -T"C:\Users\kking\OneDrive\Documents\AVS\Code\Reaction Wheel Flight code\STM32F103C8TX_FLASH.ld" --specs=nosys.specs -Wl,-Map="Reaction Wheel Flight code.map" -Wl,--gc-sections -static --specs=nano.specs -mfloat-abi=soft -mthumb -Wl,--start-group -lc -lm -lstdc++ -lsupc++ -Wl,--end-group
Finished building target: Reaction Wheel Flight code.elf
 
arm-none-eabi-size   Reaction\ Wheel\ Flight\ code.elf 
arm-none-eabi-objdump -h -S  Reaction\ Wheel\ Flight\ code.elf  > "Reaction Wheel Flight code.list"
   text	   data	    bss	    dec	    hex	filename
  11176	     20	   1708	  12904	   3268	Reaction Wheel Flight code.elf
Finished building: default.size.stdout
 
Finished building: Reaction Wheel Flight code.list
 
20:35:19 **** Incremental Build of configuration Debug for project Reaction Wheel Flight code ****
make -j16 all 
arm-none-eabi-gcc "../Core/Src/main.c" -mcpu=cortex-m3 -std=gnu11 -g3 -DDEBUG -DUSE_HAL_DRIVER -DSTM32F103xB -c -I../Core/Inc -I../Drivers/STM32F1xx_HAL_Driver/Inc/Legacy -I../Drivers/STM32F1xx_HAL_Driver/Inc -I../Drivers/CMSIS/Device/ST/STM32F1xx/Include -I../Drivers/CMSIS/Include -O0 -ffunction-sections -fdata-sections -Wall -fstack-usage -fcyclomatic-complexity -MMD -MP -MF"Core/Src/main.d" -MT"Core/Src/main.o" --specs=nano.specs -mfloat-abi=soft -mthumb -o "Core/Src/main.o"
../Core/Src/main.c: In function 'main':
../Core/Src/main.c:109:10: warning: unused variable 'min_dc' [-Wunused-variable]
  109 |   double min_dc = 0.06;
      |          ^~~~~~
../Core/Src/main.c:108:10: warning: unused variable 'max_dc' [-Wunused-variable]
  108 |   double max_dc = 0.08;
      |          ^~~~~~
../Core/Src/main.c:104:12: warning: unused variable 'variance' [-Wunused-variable]
  104 |   uint32_t variance = 150;
      |            ^~~~~~~~
../Core/Src/main.c:101:12: warning: unused variable 'clock_speed' [-Wunused-variable]
  101 |   uint32_t clock_speed = 64 * 1000000; //64 mhz
      |            ^~~~~~~~~~~
arm-none-eabi-g++ -o "Reaction Wheel Flight code.elf" @"objects.list"   -mcpu=cortex-m3 -T"C:\Users\kking\OneDrive\Documents\AVS\Code\Reaction Wheel Flight code\STM32F103C8TX_FLASH.ld" --specs=nosys.specs -Wl,-Map="Reaction Wheel Flight code.map" -Wl,--gc-sections -static --specs=nano.specs -mfloat-abi=soft -mthumb -Wl,--start-group -lc -lm -lstdc++ -lsupc++ -Wl,--end-group
Finished building target: Reaction Wheel Flight code.elf
 
arm-none-eabi-size   Reaction\ Wheel\ Flight\ code.elf 
arm-none-eabi-objdump -h -S  Reaction\ Wheel\ Flight\ code.elf  > "Reaction Wheel Flight code.list"
   text	   data	    bss	    dec	    hex	filename
  11176	     20	   1708	  12904	   3268	Reaction Wheel Flight code.elf
Finished building: default.size.stdout
 
Finished building: Reaction Wheel Flight code.list
 
20:37:35 **** Incremental Build of configuration Debug for project Reaction Wheel Flight code ****
make -j16 all 
arm-none-eabi-gcc "../Core/Src/main.c" -mcpu=cortex-m3 -std=gnu11 -g3 -DDEBUG -DUSE_HAL_DRIVER -DSTM32F103xB -c -I../Core/Inc -I../Drivers/STM32F1xx_HAL_Driver/Inc/Legacy -I../Drivers/STM32F1xx_HAL_Driver/Inc -I../Drivers/CMSIS/Device/ST/STM32F1xx/Include -I../Drivers/CMSIS/Include -O0 -ffunction-sections -fdata-sections -Wall -fstack-usage -fcyclomatic-complexity -MMD -MP -MF"Core/Src/main.d" -MT"Core/Src/main.o" --specs=nano.specs -mfloat-abi=soft -mthumb -o "Core/Src/main.o"
../Core/Src/main.c: In function 'main':
../Core/Src/main.c:109:10: warning: unused variable 'min_dc' [-Wunused-variable]
  109 |   double min_dc = 0.06;
      |          ^~~~~~
../Core/Src/main.c:108:10: warning: unused variable 'max_dc' [-Wunused-variable]
  108 |   double max_dc = 0.08;
      |          ^~~~~~
../Core/Src/main.c:104:12: warning: unused variable 'variance' [-Wunused-variable]
  104 |   uint32_t variance = 150;
      |            ^~~~~~~~
../Core/Src/main.c:101:12: warning: unused variable 'clock_speed' [-Wunused-variable]
  101 |   uint32_t clock_speed = 64 * 1000000; //64 mhz
      |            ^~~~~~~~~~~
arm-none-eabi-g++ -o "Reaction Wheel Flight code.elf" @"objects.list"   -mcpu=cortex-m3 -T"C:\Users\kking\OneDrive\Documents\AVS\Code\Reaction Wheel Flight code\STM32F103C8TX_FLASH.ld" --specs=nosys.specs -Wl,-Map="Reaction Wheel Flight code.map" -Wl,--gc-sections -static --specs=nano.specs -mfloat-abi=soft -mthumb -Wl,--start-group -lc -lm -lstdc++ -lsupc++ -Wl,--end-group
Finished building target: Reaction Wheel Flight code.elf
 
arm-none-eabi-size   Reaction\ Wheel\ Flight\ code.elf 
arm-none-eabi-objdump -h -S  Reaction\ Wheel\ Flight\ code.elf  > "Reaction Wheel Flight code.list"
   text	   data	    bss	    dec	    hex	filename
  11328	     20	   1708	  13056	   3300	Reaction Wheel Flight code.elf
Finished building: default.size.stdout
 
Finished building: Reaction Wheel Flight code.list
 
20:39:09 **** Incremental Build of configuration Debug for project Reaction Wheel Flight code ****
make -j16 all 
arm-none-eabi-gcc "../Core/Src/main.c" -mcpu=cortex-m3 -std=gnu11 -g3 -DDEBUG -DUSE_HAL_DRIVER -DSTM32F103xB -c -I../Core/Inc -I../Drivers/STM32F1xx_HAL_Driver/Inc/Legacy -I../Drivers/STM32F1xx_HAL_Driver/Inc -I../Drivers/CMSIS/Device/ST/STM32F1xx/Include -I../Drivers/CMSIS/Include -O0 -ffunction-sections -fdata-sections -Wall -fstack-usage -fcyclomatic-complexity -MMD -MP -MF"Core/Src/main.d" -MT"Core/Src/main.o" --specs=nano.specs -mfloat-abi=soft -mthumb -o "Core/Src/main.o"
../Core/Src/main.c: In function 'main':
../Core/Src/main.c:109:10: warning: unused variable 'min_dc' [-Wunused-variable]
  109 |   double min_dc = 0.06;
      |          ^~~~~~
../Core/Src/main.c:108:10: warning: unused variable 'max_dc' [-Wunused-variable]
  108 |   double max_dc = 0.08;
      |          ^~~~~~
../Core/Src/main.c:104:12: warning: unused variable 'variance' [-Wunused-variable]
  104 |   uint32_t variance = 150;
      |            ^~~~~~~~
../Core/Src/main.c:101:12: warning: unused variable 'clock_speed' [-Wunused-variable]
  101 |   uint32_t clock_speed = 64 * 1000000; //64 mhz
      |            ^~~~~~~~~~~
arm-none-eabi-g++ -o "Reaction Wheel Flight code.elf" @"objects.list"   -mcpu=cortex-m3 -T"C:\Users\kking\OneDrive\Documents\AVS\Code\Reaction Wheel Flight code\STM32F103C8TX_FLASH.ld" --specs=nosys.specs -Wl,-Map="Reaction Wheel Flight code.map" -Wl,--gc-sections -static --specs=nano.specs -mfloat-abi=soft -mthumb -Wl,--start-group -lc -lm -lstdc++ -lsupc++ -Wl,--end-group
Finished building target: Reaction Wheel Flight code.elf
 
arm-none-eabi-size   Reaction\ Wheel\ Flight\ code.elf 
arm-none-eabi-objdump -h -S  Reaction\ Wheel\ Flight\ code.elf  > "Reaction Wheel Flight code.list"
   text	   data	    bss	    dec	    hex	filename
  11328	     20	   1708	  13056	   3300	Reaction Wheel Flight code.elf
Finished building: default.size.stdout
 
Finished building: Reaction Wheel Flight code.list
 
20:39:26 **** Incremental Build of configuration Debug for project Reaction Wheel Flight code ****
make -j16 all 
arm-none-eabi-size   Reaction\ Wheel\ Flight\ code.elf 
   text	   data	    bss	    dec	    hex	filename
  11328	     20	   1708	  13056	   3300	Reaction Wheel Flight code.elf
Finished building: default.size.stdout
 
20:39:43 **** Incremental Build of configuration Debug for project Reaction Wheel Flight code ****
make -j16 all 
arm-none-eabi-gcc "../Core/Src/main.c" -mcpu=cortex-m3 -std=gnu11 -g3 -DDEBUG -DUSE_HAL_DRIVER -DSTM32F103xB -c -I../Core/Inc -I../Drivers/STM32F1xx_HAL_Driver/Inc/Legacy -I../Drivers/STM32F1xx_HAL_Driver/Inc -I../Drivers/CMSIS/Device/ST/STM32F1xx/Include -I../Drivers/CMSIS/Include -O0 -ffunction-sections -fdata-sections -Wall -fstack-usage -fcyclomatic-complexity -MMD -MP -MF"Core/Src/main.d" -MT"Core/Src/main.o" --specs=nano.specs -mfloat-abi=soft -mthumb -o "Core/Src/main.o"
../Core/Src/main.c: In function 'main':
../Core/Src/main.c:109:10: warning: unused variable 'min_dc' [-Wunused-variable]
  109 |   double min_dc = 0.06;
      |          ^~~~~~
../Core/Src/main.c:108:10: warning: unused variable 'max_dc' [-Wunused-variable]
  108 |   double max_dc = 0.08;
      |          ^~~~~~
../Core/Src/main.c:104:12: warning: unused variable 'variance' [-Wunused-variable]
  104 |   uint32_t variance = 150;
      |            ^~~~~~~~
../Core/Src/main.c:101:12: warning: unused variable 'clock_speed' [-Wunused-variable]
  101 |   uint32_t clock_speed = 64 * 1000000; //64 mhz
      |            ^~~~~~~~~~~
arm-none-eabi-g++ -o "Reaction Wheel Flight code.elf" @"objects.list"   -mcpu=cortex-m3 -T"C:\Users\kking\OneDrive\Documents\AVS\Code\Reaction Wheel Flight code\STM32F103C8TX_FLASH.ld" --specs=nosys.specs -Wl,-Map="Reaction Wheel Flight code.map" -Wl,--gc-sections -static --specs=nano.specs -mfloat-abi=soft -mthumb -Wl,--start-group -lc -lm -lstdc++ -lsupc++ -Wl,--end-group
Finished building target: Reaction Wheel Flight code.elf
 
arm-none-eabi-size   Reaction\ Wheel\ Flight\ code.elf 
arm-none-eabi-objdump -h -S  Reaction\ Wheel\ Flight\ code.elf  > "Reaction Wheel Flight code.list"
   text	   data	    bss	    dec	    hex	filename
  11328	     20	   1708	  13056	   3300	Reaction Wheel Flight code.elf
Finished building: default.size.stdout
 
Finished building: Reaction Wheel Flight code.list
 
20:42:48 **** Incremental Build of configuration Debug for project Reaction Wheel Flight code ****
make -j16 all 
arm-none-eabi-gcc "../Core/Src/main.c" -mcpu=cortex-m3 -std=gnu11 -g3 -DDEBUG -DUSE_HAL_DRIVER -DSTM32F103xB -c -I../Core/Inc -I../Drivers/STM32F1xx_HAL_Driver/Inc/Legacy -I../Drivers/STM32F1xx_HAL_Driver/Inc -I../Drivers/CMSIS/Device/ST/STM32F1xx/Include -I../Drivers/CMSIS/Include -O0 -ffunction-sections -fdata-sections -Wall -fstack-usage -fcyclomatic-complexity -MMD -MP -MF"Core/Src/main.d" -MT"Core/Src/main.o" --specs=nano.specs -mfloat-abi=soft -mthumb -o "Core/Src/main.o"
../Core/Src/main.c: In function 'main':
../Core/Src/main.c:109:10: warning: unused variable 'min_dc' [-Wunused-variable]
  109 |   double min_dc = 0.06;
      |          ^~~~~~
../Core/Src/main.c:108:10: warning: unused variable 'max_dc' [-Wunused-variable]
  108 |   double max_dc = 0.08;
      |          ^~~~~~
../Core/Src/main.c:104:12: warning: unused variable 'variance' [-Wunused-variable]
  104 |   uint32_t variance = 150;
      |            ^~~~~~~~
../Core/Src/main.c:101:12: warning: unused variable 'clock_speed' [-Wunused-variable]
  101 |   uint32_t clock_speed = 64 * 1000000; //64 mhz
      |            ^~~~~~~~~~~
arm-none-eabi-g++ -o "Reaction Wheel Flight code.elf" @"objects.list"   -mcpu=cortex-m3 -T"C:\Users\kking\OneDrive\Documents\AVS\Code\Reaction Wheel Flight code\STM32F103C8TX_FLASH.ld" --specs=nosys.specs -Wl,-Map="Reaction Wheel Flight code.map" -Wl,--gc-sections -static --specs=nano.specs -mfloat-abi=soft -mthumb -Wl,--start-group -lc -lm -lstdc++ -lsupc++ -Wl,--end-group
Finished building target: Reaction Wheel Flight code.elf
 
arm-none-eabi-size   Reaction\ Wheel\ Flight\ code.elf 
arm-none-eabi-objdump -h -S  Reaction\ Wheel\ Flight\ code.elf  > "Reaction Wheel Flight code.list"
   text	   data	    bss	    dec	    hex	filename
  11328	     20	   1708	  13056	   3300	Reaction Wheel Flight code.elf
Finished building: default.size.stdout
 
Finished building: Reaction Wheel Flight code.list
 
20:44:53 **** Incremental Build of configuration Debug for project Reaction Wheel Flight code ****
make -j16 all 
arm-none-eabi-gcc "../Core/Src/main.c" -mcpu=cortex-m3 -std=gnu11 -g3 -DDEBUG -DUSE_HAL_DRIVER -DSTM32F103xB -c -I../Core/Inc -I../Drivers/STM32F1xx_HAL_Driver/Inc/Legacy -I../Drivers/STM32F1xx_HAL_Driver/Inc -I../Drivers/CMSIS/Device/ST/STM32F1xx/Include -I../Drivers/CMSIS/Include -O0 -ffunction-sections -fdata-sections -Wall -fstack-usage -fcyclomatic-complexity -MMD -MP -MF"Core/Src/main.d" -MT"Core/Src/main.o" --specs=nano.specs -mfloat-abi=soft -mthumb -o "Core/Src/main.o"
../Core/Src/main.c: In function 'main':
../Core/Src/main.c:109:10: warning: unused variable 'min_dc' [-Wunused-variable]
  109 |   double min_dc = 0.06;
      |          ^~~~~~
../Core/Src/main.c:108:10: warning: unused variable 'max_dc' [-Wunused-variable]
  108 |   double max_dc = 0.08;
      |          ^~~~~~
../Core/Src/main.c:104:12: warning: unused variable 'variance' [-Wunused-variable]
  104 |   uint32_t variance = 150;
      |            ^~~~~~~~
../Core/Src/main.c:101:12: warning: unused variable 'clock_speed' [-Wunused-variable]
  101 |   uint32_t clock_speed = 64 * 1000000; //64 mhz
      |            ^~~~~~~~~~~
arm-none-eabi-g++ -o "Reaction Wheel Flight code.elf" @"objects.list"   -mcpu=cortex-m3 -T"C:\Users\kking\OneDrive\Documents\AVS\Code\Reaction Wheel Flight code\STM32F103C8TX_FLASH.ld" --specs=nosys.specs -Wl,-Map="Reaction Wheel Flight code.map" -Wl,--gc-sections -static --specs=nano.specs -mfloat-abi=soft -mthumb -Wl,--start-group -lc -lm -lstdc++ -lsupc++ -Wl,--end-group
Finished building target: Reaction Wheel Flight code.elf
 
arm-none-eabi-size   Reaction\ Wheel\ Flight\ code.elf 
arm-none-eabi-objdump -h -S  Reaction\ Wheel\ Flight\ code.elf  > "Reaction Wheel Flight code.list"
   text	   data	    bss	    dec	    hex	filename
  11304	     20	   1708	  13032	   32e8	Reaction Wheel Flight code.elf
Finished building: default.size.stdout
 
Finished building: Reaction Wheel Flight code.list
 
