20:44:53 **** Incremental Build of configuration Debug for project Reaction Wheel Flight code ****
make -j16 all 
arm-none-eabi-gcc "../Core/Src/main.c" -mcpu=cortex-m3 -std=gnu11 -g3 -DDEBUG -DUSE_HAL_DRIVER -DSTM32F103xB -c -I../Core/Inc -I../Drivers/STM32F1xx_HAL_Driver/Inc/Legacy -I../Drivers/STM32F1xx_HAL_Driver/Inc -I../Drivers/CMSIS/Device/ST/STM32F1xx/Include -I../Drivers/CMSIS/Include -O0 -ffunction-sections -fdata-sections -Wall -fstack-usage -fcyclomatic-complexity -MMD -MP -MF"Core/Src/main.d" -MT"Core/Src/main.o" --specs=nano.specs -mfloat-abi=soft -mthumb -o "Core/Src/main.o"
../Core/Src/main.c: In function 'main':
../Core/Src/main.c:109:10: warning: unused variable 'min_dc' [-Wunused-variable]
  109 |   double min_dc = 0.06;
      |          ^~~~~~
../Core/Src/main.c:108:10: warning: unused variable 'max_dc' [-Wunused-variable]
  108 |   double max_dc = 0.08;
      |          ^~~~~~
../Core/Src/main.c:104:12: warning: unused variable 'variance' [-Wunused-variable]
  104 |   uint32_t variance = 150;
      |            ^~~~~~~~
../Core/Src/main.c:101:12: warning: unused variable 'clock_speed' [-Wunused-variable]
  101 |   uint32_t clock_speed = 64 * 1000000; //64 mhz
      |            ^~~~~~~~~~~
arm-none-eabi-g++ -o "Reaction Wheel Flight code.elf" @"objects.list"   -mcpu=cortex-m3 -T"C:\Users\kking\OneDrive\Documents\AVS\Code\Reaction Wheel Flight code\STM32F103C8TX_FLASH.ld" --specs=nosys.specs -Wl,-Map="Reaction Wheel Flight code.map" -Wl,--gc-sections -static --specs=nano.specs -mfloat-abi=soft -mthumb -Wl,--start-group -lc -lm -lstdc++ -lsupc++ -Wl,--end-group
Finished building target: Reaction Wheel Flight code.elf
 
arm-none-eabi-size   Reaction\ Wheel\ Flight\ code.elf 
arm-none-eabi-objdump -h -S  Reaction\ Wheel\ Flight\ code.elf  > "Reaction Wheel Flight code.list"
   text	   data	    bss	    dec	    hex	filename
  11304	     20	   1708	  13032	   32e8	Reaction Wheel Flight code.elf
Finished building: default.size.stdout
 
Finished building: Reaction Wheel Flight code.list
 

20:44:53 Build Finished. 0 errors, 4 warnings. (took 604ms)

