Archive member included to satisfy reference by file (symbol)

c:/st/stm32cubeide_1.9.0/stm32cubeide/plugins/com.st.stm32cube.ide.mcu.externaltools.gnu-tools-for-stm32.10.3-2021.10.win32_1.0.200.202301161003/tools/bin/../lib/gcc/arm-none-eabi/10.3.1/../../../../arm-none-eabi/lib/thumb/v7-m/nofp\libstdc++_nano.a(new_op.o)
                              ./Core/Src/main.o (operator new(unsigned int))
c:/st/stm32cubeide_1.9.0/stm32cubeide/plugins/com.st.stm32cube.ide.mcu.externaltools.gnu-tools-for-stm32.10.3-2021.10.win32_1.0.200.202301161003/tools/bin/../lib/gcc/arm-none-eabi/10.3.1/../../../../arm-none-eabi/lib/thumb/v7-m/nofp\libstdc++_nano.a(new_handler.o)
                              c:/st/stm32cubeide_1.9.0/stm32cubeide/plugins/com.st.stm32cube.ide.mcu.externaltools.gnu-tools-for-stm32.10.3-2021.10.win32_1.0.200.202301161003/tools/bin/../lib/gcc/arm-none-eabi/10.3.1/../../../../arm-none-eabi/lib/thumb/v7-m/nofp\libstdc++_nano.a(new_op.o) (std::get_new_handler())
c:/st/stm32cubeide_1.9.0/stm32cubeide/plugins/com.st.stm32cube.ide.mcu.externaltools.gnu-tools-for-stm32.10.3-2021.10.win32_1.0.200.202301161003/tools/bin/../lib/gcc/arm-none-eabi/10.3.1/../../../../arm-none-eabi/lib/thumb/v7-m/nofp\libm.a(lib_a-s_sin.o)
                              ./Core/Src/main.o (sin)
c:/st/stm32cubeide_1.9.0/stm32cubeide/plugins/com.st.stm32cube.ide.mcu.externaltools.gnu-tools-for-stm32.10.3-2021.10.win32_1.0.200.202301161003/tools/bin/../lib/gcc/arm-none-eabi/10.3.1/../../../../arm-none-eabi/lib/thumb/v7-m/nofp\libm.a(lib_a-s_tan.o)
                              ./Core/Src/lib/ws2813b_controller.o (tan)
c:/st/stm32cubeide_1.9.0/stm32cubeide/plugins/com.st.stm32cube.ide.mcu.externaltools.gnu-tools-for-stm32.10.3-2021.10.win32_1.0.200.202301161003/tools/bin/../lib/gcc/arm-none-eabi/10.3.1/../../../../arm-none-eabi/lib/thumb/v7-m/nofp\libm.a(lib_a-e_rem_pio2.o)
                              c:/st/stm32cubeide_1.9.0/stm32cubeide/plugins/com.st.stm32cube.ide.mcu.externaltools.gnu-tools-for-stm32.10.3-2021.10.win32_1.0.200.202301161003/tools/bin/../lib/gcc/arm-none-eabi/10.3.1/../../../../arm-none-eabi/lib/thumb/v7-m/nofp\libm.a(lib_a-s_sin.o) (__ieee754_rem_pio2)
c:/st/stm32cubeide_1.9.0/stm32cubeide/plugins/com.st.stm32cube.ide.mcu.externaltools.gnu-tools-for-stm32.10.3-2021.10.win32_1.0.200.202301161003/tools/bin/../lib/gcc/arm-none-eabi/10.3.1/../../../../arm-none-eabi/lib/thumb/v7-m/nofp\libm.a(lib_a-k_cos.o)
                              c:/st/stm32cubeide_1.9.0/stm32cubeide/plugins/com.st.stm32cube.ide.mcu.externaltools.gnu-tools-for-stm32.10.3-2021.10.win32_1.0.200.202301161003/tools/bin/../lib/gcc/arm-none-eabi/10.3.1/../../../../arm-none-eabi/lib/thumb/v7-m/nofp\libm.a(lib_a-s_sin.o) (__kernel_cos)
c:/st/stm32cubeide_1.9.0/stm32cubeide/plugins/com.st.stm32cube.ide.mcu.externaltools.gnu-tools-for-stm32.10.3-2021.10.win32_1.0.200.202301161003/tools/bin/../lib/gcc/arm-none-eabi/10.3.1/../../../../arm-none-eabi/lib/thumb/v7-m/nofp\libm.a(lib_a-k_rem_pio2.o)
                              c:/st/stm32cubeide_1.9.0/stm32cubeide/plugins/com.st.stm32cube.ide.mcu.externaltools.gnu-tools-for-stm32.10.3-2021.10.win32_1.0.200.202301161003/tools/bin/../lib/gcc/arm-none-eabi/10.3.1/../../../../arm-none-eabi/lib/thumb/v7-m/nofp\libm.a(lib_a-e_rem_pio2.o) (__kernel_rem_pio2)
c:/st/stm32cubeide_1.9.0/stm32cubeide/plugins/com.st.stm32cube.ide.mcu.externaltools.gnu-tools-for-stm32.10.3-2021.10.win32_1.0.200.202301161003/tools/bin/../lib/gcc/arm-none-eabi/10.3.1/../../../../arm-none-eabi/lib/thumb/v7-m/nofp\libm.a(lib_a-k_sin.o)
                              c:/st/stm32cubeide_1.9.0/stm32cubeide/plugins/com.st.stm32cube.ide.mcu.externaltools.gnu-tools-for-stm32.10.3-2021.10.win32_1.0.200.202301161003/tools/bin/../lib/gcc/arm-none-eabi/10.3.1/../../../../arm-none-eabi/lib/thumb/v7-m/nofp\libm.a(lib_a-s_sin.o) (__kernel_sin)
c:/st/stm32cubeide_1.9.0/stm32cubeide/plugins/com.st.stm32cube.ide.mcu.externaltools.gnu-tools-for-stm32.10.3-2021.10.win32_1.0.200.202301161003/tools/bin/../lib/gcc/arm-none-eabi/10.3.1/../../../../arm-none-eabi/lib/thumb/v7-m/nofp\libm.a(lib_a-k_tan.o)
                              c:/st/stm32cubeide_1.9.0/stm32cubeide/plugins/com.st.stm32cube.ide.mcu.externaltools.gnu-tools-for-stm32.10.3-2021.10.win32_1.0.200.202301161003/tools/bin/../lib/gcc/arm-none-eabi/10.3.1/../../../../arm-none-eabi/lib/thumb/v7-m/nofp\libm.a(lib_a-s_tan.o) (__kernel_tan)
c:/st/stm32cubeide_1.9.0/stm32cubeide/plugins/com.st.stm32cube.ide.mcu.externaltools.gnu-tools-for-stm32.10.3-2021.10.win32_1.0.200.202301161003/tools/bin/../lib/gcc/arm-none-eabi/10.3.1/../../../../arm-none-eabi/lib/thumb/v7-m/nofp\libm.a(lib_a-s_fabs.o)
                              c:/st/stm32cubeide_1.9.0/stm32cubeide/plugins/com.st.stm32cube.ide.mcu.externaltools.gnu-tools-for-stm32.10.3-2021.10.win32_1.0.200.202301161003/tools/bin/../lib/gcc/arm-none-eabi/10.3.1/../../../../arm-none-eabi/lib/thumb/v7-m/nofp\libm.a(lib_a-e_rem_pio2.o) (fabs)
[...]
Memory Configuration

Name             Origin             Length             Attributes
RAM              0x0000000020000000 0x0000000000005000 xrw
FLASH            0x0000000008000000 0x0000000000010000 xr
*default*        0x0000000000000000 0xffffffffffffffff

Linker script and memory map

LOAD c:/st/stm32cubeide_1.9.0/stm32cubeide/plugins/com.st.stm32cube.ide.mcu.externaltools.gnu-tools-for-stm32.10.3-2021.10.win32_1.0.200.202301161003/tools/bin/../lib/gcc/arm-none-eabi/10.3.1/thumb/v7-m/nofp/crti.o
LOAD c:/st/stm32cubeide_1.9.0/stm32cubeide/plugins/com.st.stm32cube.ide.mcu.externaltools.gnu-tools-for-stm32.10.3-2021.10.win32_1.0.200.202301161003/tools/bin/../lib/gcc/arm-none-eabi/10.3.1/thumb/v7-m/nofp/crtbegin.o
LOAD c:/st/stm32cubeide_1.9.0/stm32cubeide/plugins/com.st.stm32cube.ide.mcu.externaltools.gnu-tools-for-stm32.10.3-2021.10.win32_1.0.200.202301161003/tools/bin/../lib/gcc/arm-none-eabi/10.3.1/../../../../arm-none-eabi/lib/thumb/v7-m/nofp/crt0.o
LOAD ./Core/Src/lib/led_strip.o
LOAD ./Core/Src/lib/reversable_pwm_motor.o
LOAD ./Core/Src/lib/ws2813b_controller.o
LOAD ./Core/Src/main.o
LOAD ./Core/Src/stm32f1xx_hal_msp.o
LOAD ./Core/Src/stm32f1xx_it.o
LOAD ./Core/Src/syscalls.o
LOAD ./Core/Src/sysmem.o
LOAD ./Core/Src/system_stm32f1xx.o
LOAD ./Core/Startup/startup_stm32f103c8tx.o
LOAD ./Drivers/STM32F1xx_HAL_Driver/Src/stm32f1xx_hal.o
LOAD ./Drivers/STM32F1xx_HAL_Driver/Src/stm32f1xx_hal_cortex.o
LOAD ./Drivers/STM32F1xx_HAL_Driver/Src/stm32f1xx_hal_dma.o
LOAD ./Drivers/STM32F1xx_HAL_Driver/Src/stm32f1xx_hal_exti.o
LOAD ./Drivers/STM32F1xx_HAL_Driver/Src/stm32f1xx_hal_flash.o
LOAD ./Drivers/STM32F1xx_HAL_Driver/Src/stm32f1xx_hal_flash_ex.o
LOAD ./Drivers/STM32F1xx_HAL_Driver/Src/stm32f1xx_hal_gpio.o
LOAD ./Drivers/STM32F1xx_HAL_Driver/Src/stm32f1xx_hal_gpio_ex.o
LOAD ./Drivers/STM32F1xx_HAL_Driver/Src/stm32f1xx_hal_i2c.o
LOAD ./Drivers/STM32F1xx_HAL_Driver/Src/stm32f1xx_hal_pwr.o
LOAD ./Drivers/STM32F1xx_HAL_Driver/Src/stm32f1xx_hal_rcc.o
LOAD ./Drivers/STM32F1xx_HAL_Driver/Src/stm32f1xx_hal_rcc_ex.o
LOAD ./Drivers/STM32F1xx_HAL_Driver/Src/stm32f1xx_hal_tim.o
LOAD ./Drivers/STM32F1xx_HAL_Driver/Src/stm32f1xx_hal_tim_ex.o
START GROUP
LOAD c:/st/stm32cubeide_1.9.0/stm32cubeide/plugins/com.st.stm32cube.ide.mcu.externaltools.gnu-tools-for-stm32.10.3-2021.10.win32_1.0.200.202301161003/tools/bin/../lib/gcc/arm-none-eabi/10.3.1/../../../../arm-none-eabi/lib/thumb/v7-m/nofp\libstdc++_nano.a
LOAD c:/st/stm32cubeide_1.9.0/stm32cubeide/plugins/com.st.stm32cube.ide.mcu.externaltools.gnu-tools-for-stm32.10.3-2021.10.win32_1.0.200.202301161003/tools/bin/../lib/gcc/arm-none-eabi/10.3.1/../../../../arm-none-eabi/lib/thumb/v7-m/nofp\libsupc++_nano.a
END GROUP
LOAD c:/st/stm32cubeide_1.9.0/stm32cubeide/plugins/com.st.stm32cube.ide.mcu.externaltools.gnu-tools-for-stm32.10.3-2021.10.win32_1.0.200.202301161003/tools/bin/../lib/gcc/arm-none-eabi/10.3.1/../../../../arm-none-eabi/lib/thumb/v7-m/nofp\libstdc++_nano.a
LOAD c:/st/stm32cubeide_1.9.0/stm32cubeide/plugins/com.st.stm32cube.ide.mcu.externaltools.gnu-tools-for-stm32.10.3-2021.10.win32_1.0.200.202301161003/tools/bin/../lib/gcc/arm-none-eabi/10.3.1/../../../../arm-none-eabi/lib/thumb/v7-m/nofp\libm.a
LOAD c:/st/stm32cubeide_1.9.0/stm32cubeide/plugins/com.st.stm32cube.ide.mcu.externaltools.gnu-tools-for-stm32.10.3-2021.10.win32_1.0.200.202301161003/tools/bin/../lib/gcc/arm-none-eabi/10.3.1/../../../../arm-none-eabi/lib/thumb/v7-m/nofp\libc_nano.a
START GROUP
LOAD c:/st/stm32cubeide_1.9.0/stm32cubeide/plugins/com.st.stm32cube.ide.mcu.externaltools.gnu-tools-for-stm32.10.3-2021.10.win32_1.0.200.202301161003/tools/bin/../lib/gcc/arm-none-eabi/10.3.1/thumb/v7-m/nofp\libgcc.a
LOAD c:/st/stm32cubeide_1.9.0/stm32cubeide/plugins/com.st.stm32cube.ide.mcu.externaltools.gnu-tools-for-stm32.10.3-2021.10.win32_1.0.200.202301161003/tools/bin/../lib/gcc/arm-none-eabi/10.3.1/../../../../arm-none-eabi/lib/thumb/v7-m/nofp\libc_nano.a
END GROUP
START GROUP
LOAD c:/st/stm32cubeide_1.9.0/stm32cubeide/plugins/com.st.stm32cube.ide.mcu.externaltools.gnu-tools-for-stm32.10.3-2021.10.win32_1.0.200.202301161003/tools/bin/../lib/gcc/arm-none-eabi/10.3.1/thumb/v7-m/nofp\libgcc.a
LOAD c:/st/stm32cubeide_1.9.0/stm32cubeide/plugins/com.st.stm32cube.ide.mcu.externaltools.gnu-tools-for-stm32.10.3-2021.10.win32_1.0.200.202301161003/tools/bin/../lib/gcc/arm-none-eabi/10.3.1/../../../../arm-none-eabi/lib/thumb/v7-m/nofp\libc_nano.a
LOAD c:/st/stm32cubeide_1.9.0/stm32cubeide/plugins/com.st.stm32cube.ide.mcu.externaltools.gnu-tools-for-stm32.10.3-2021.10.win32_1.0.200.202301161003/tools/bin/../lib/gcc/arm-none-eabi/10.3.1/../../../../arm-none-eabi/lib/thumb/v7-m/nofp\libnosys.a
END GROUP
START GROUP
LOAD c:/st/stm32cubeide_1.9.0/stm32cubeide/plugins/com.st.stm32cube.ide.mcu.externaltools.gnu-tools-for-stm32.10.3-2021.10.win32_1.0.200.202301161003/tools/bin/../lib/gcc/arm-none-eabi/10.3.1/thumb/v7-m/nofp\libgcc.a
LOAD c:/st/stm32cubeide_1.9.0/stm32cubeide/plugins/com.st.stm32cube.ide.mcu.externaltools.gnu-tools-for-stm32.10.3-2021.10.win32_1.0.200.202301161003/tools/bin/../lib/gcc/arm-none-eabi/10.3.1/../../../../arm-none-eabi/lib/thumb/v7-m/nofp\libc_nano.a
LOAD c:/st/stm32cubeide_1.9.0/stm32cubeide/plugins/com.st.stm32cube.ide.mcu.externaltools.gnu-tools-for-stm32.10.3-2021.10.win32_1.0.200.202301161003/tools/bin/../lib/gcc/arm-none-eabi/10.3.1/../../../../arm-none-eabi/lib/thumb/v7-m/nofp\libnosys.a
END GROUP
LOAD c:/st/stm32cubeide_1.9.0/stm32cubeide/plugins/com.st.stm32cube.ide.mcu.externaltools.gnu-tools-for-stm32.10.3-2021.10.win32_1.0.200.202301161003/tools/bin/../lib/gcc/arm-none-eabi/10.3.1/thumb/v7-m/nofp/crtend.o
LOAD c:/st/stm32cubeide_1.9.0/stm32cubeide/plugins/com.st.stm32cube.ide.mcu.externaltools.gnu-tools-for-stm32.10.3-2021.10.win32_1.0.200.202301161003/tools/bin/../lib/gcc/arm-none-eabi/10.3.1/thumb/v7-m/nofp/crtn.o
                0x0000000020005000                _estack = (ORIGIN (RAM) + LENGTH (RAM))
                0x0000000000000200                _Min_Heap_Size = 0x200
                0x0000000000000400                _Min_Stack_Size = 0x400

.isr_vector     0x0000000008000000      0x10c
                0x0000000008000000                . = ALIGN (0x4)
 *(.isr_vector)
 .isr_vector    0x0000000008000000      0x10c ./Core/Startup/startup_stm32f103c8tx.o
                0x0000000008000000                g_pfnVectors
                0x000000000800010c                . = ALIGN (0x4)

.text           0x0000000008000110     0x5b1c
                0x0000000008000110                . = ALIGN (0x4)
 *(.text)
 .text          0x0000000008000110       0x40 c:/st/stm32cubeide_1.9.0/stm32cubeide/plugins/com.st.stm32cube.ide.mcu.externaltools.gnu-tools-for-stm32.10.3-2021.10.win32_1.0.200.202301161003/tools/bin/../lib/gcc/arm-none-eabi/10.3.1/thumb/v7-m/nofp/crtbegin.o
 .text          0x0000000008000150      0x168 c:/st/stm32cubeide_1.9.0/stm32cubeide/plugins/com.st.stm32cube.ide.mcu.externaltools.gnu-tools-for-stm32.10.3-2021.10.win32_1.0.200.202301161003/tools/bin/../lib/gcc/arm-none-eabi/10.3.1/thumb/v7-m/nofp\libgcc.a(_arm_mulsf3.o)
                0x0000000008000150                __aeabi_fmul
                0x0000000008000150                __mulsf3
 .text          0x00000000080002b8      0x378 c:/st/stm32cubeide_1.9.0/stm32cubeide/plugins/com.st.stm32cube.ide.mcu.externaltools.gnu-tools-for-stm32.10.3-2021.10.win32_1.0.200.202301161003/tools/bin/../lib/gcc/arm-none-eabi/10.3.1/thumb/v7-m/nofp\libgcc.a(_arm_addsubdf3.o)
                0x00000000080002b8                __aeabi_drsub
                0x00000000080002c0                __aeabi_dsub
                0x00000000080002c0                __subdf3
                0x00000000080002c4                __aeabi_dadd
                0x00000000080002c4                __adddf3
                0x000000000800053c                __floatunsidf
                0x000000000800053c                __aeabi_ui2d
                0x000000000800055c                __floatsidf
                0x000000000800055c                __aeabi_i2d
                0x0000000008000580                __aeabi_f2d
                0x0000000008000580                __extendsfdf2
                0x00000000080005c4                __floatundidf
                0x00000000080005c4                __aeabi_ul2d
                0x00000000080005d4                __floatdidf
                0x00000000080005d4                __aeabi_l2d
 .text          0x0000000008000630      0x424 c:/st/stm32cubeide_1.9.0/stm32cubeide/plugins/com.st.stm32cube.ide.mcu.externaltools.gnu-tools-for-stm32.10.3-2021.10.win32_1.0.200.202301161003/tools/bin/../lib/gcc/arm-none-eabi/10.3.1/thumb/v7-m/nofp\libgcc.a(_arm_muldivdf3.o)
                0x0000000008000630                __aeabi_dmul
                0x0000000008000630                __muldf3
                0x0000000008000884                __divdf3
                0x0000000008000884                __aeabi_ddiv
 .text          0x0000000008000a54      0x110 c:/st/stm32cubeide_1.9.0/stm32cubeide/plugins/com.st.stm32cube.ide.mcu.externaltools.gnu-tools-for-stm32.10.3-2021.10.win32_1.0.200.202301161003/tools/bin/../lib/gcc/arm-none-eabi/10.3.1/thumb/v7-m/nofp\libgcc.a(_arm_cmpdf2.o)
                0x0000000008000a54                __gtdf2
                0x0000000008000a54                __gedf2
                0x0000000008000a5c                __ltdf2
                0x0000000008000a5c                __ledf2
                0x0000000008000a64                __nedf2
                0x0000000008000a64                __eqdf2
                0x0000000008000a64                __cmpdf2
                0x0000000008000ae0                __aeabi_cdrcmple
                0x0000000008000af0                __aeabi_cdcmpeq
                0x0000000008000af0                __aeabi_cdcmple
                0x0000000008000b00                __aeabi_dcmpeq
                0x0000000008000b14                __aeabi_dcmplt
                0x0000000008000b28                __aeabi_dcmple
                0x0000000008000b3c                __aeabi_dcmpge
                0x0000000008000b50                __aeabi_dcmpgt
 .text          0x0000000008000b64       0x50 c:/st/stm32cubeide_1.9.0/stm32cubeide/plugins/com.st.stm32cube.ide.mcu.externaltools.gnu-tools-for-stm32.10.3-2021.10.win32_1.0.200.202301161003/tools/bin/../lib/gcc/arm-none-eabi/10.3.1/thumb/v7-m/nofp\libgcc.a(_arm_fixdfsi.o)
                0x0000000008000b64                __aeabi_d2iz
                0x0000000008000b64                __fixdfsi
 .text          0x0000000008000bb4       0x40 c:/st/stm32cubeide_1.9.0/stm32cubeide/plugins/com.st.stm32cube.ide.mcu.externaltools.gnu-tools-for-stm32.10.3-2021.10.win32_1.0.200.202301161003/tools/bin/../lib/gcc/arm-none-eabi/10.3.1/thumb/v7-m/nofp\libgcc.a(_arm_fixunsdfsi.o)
                0x0000000008000bb4                __aeabi_d2uiz
                0x0000000008000bb4                __fixunsdfsi
 .text          0x0000000008000bf4       0xa0 c:/st/stm32cubeide_1.9.0/stm32cubeide/plugins/com.st.stm32cube.ide.mcu.externaltools.gnu-tools-for-stm32.10.3-2021.10.win32_1.0.200.202301161003/tools/bin/../lib/gcc/arm-none-eabi/10.3.1/thumb/v7-m/nofp\libgcc.a(_arm_truncdfsf2.o)
                0x0000000008000bf4                __truncdfsf2
                0x0000000008000bf4                __aeabi_d2f
 .text          0x0000000008000c94      0x21c c:/st/stm32cubeide_1.9.0/stm32cubeide/plugins/com.st.stm32cube.ide.mcu.externaltools.gnu-tools-for-stm32.10.3-2021.10.win32_1.0.200.202301161003/tools/bin/../lib/gcc/arm-none-eabi/10.3.1/thumb/v7-m/nofp\libgcc.a(_arm_addsubsf3.o)
                0x0000000008000c94                __aeabi_frsub
                0x0000000008000c9c                __subsf3
                0x0000000008000c9c                __aeabi_fsub
                0x0000000008000ca0                __aeabi_fadd
                0x0000000008000ca0                __addsf3
                0x0000000008000e00                __aeabi_ui2f
                0x0000000008000e00                __floatunsisf
                0x0000000008000e08                __aeabi_i2f
                0x0000000008000e08                __floatsisf
                0x0000000008000e24                __aeabi_ul2f
                0x0000000008000e24                __floatundisf
                0x0000000008000e34                __aeabi_l2f
                0x0000000008000e34                __floatdisf
 .text          0x0000000008000eb0       0xec c:/st/stm32cubeide_1.9.0/stm32cubeide/plugins/com.st.stm32cube.ide.mcu.externaltools.gnu-tools-for-stm32.10.3-2021.10.win32_1.0.200.202301161003/tools/bin/../lib/gcc/arm-none-eabi/10.3.1/thumb/v7-m/nofp\libgcc.a(_arm_cmpsf2.o)
                0x0000000008000eb0                __gesf2
                0x0000000008000eb0                __gtsf2
                0x0000000008000eb8                __lesf2
                0x0000000008000eb8                __ltsf2
                0x0000000008000ec0                __nesf2
                0x0000000008000ec0                __eqsf2
                0x0000000008000ec0                __cmpsf2
                0x0000000008000f20                __aeabi_cfrcmple
                0x0000000008000f28                __aeabi_cfcmpeq
                0x0000000008000f28                __aeabi_cfcmple
                0x0000000008000f38                __aeabi_fcmpeq
                0x0000000008000f4c                __aeabi_fcmplt
                0x0000000008000f60                __aeabi_fcmple
                0x0000000008000f74                __aeabi_fcmpge
                0x0000000008000f88                __aeabi_fcmpgt
 .text          0x0000000008000f9c       0x40 c:/st/stm32cubeide_1.9.0/stm32cubeide/plugins/com.st.stm32cube.ide.mcu.externaltools.gnu-tools-for-stm32.10.3-2021.10.win32_1.0.200.202301161003/tools/bin/../lib/gcc/arm-none-eabi/10.3.1/thumb/v7-m/nofp\libgcc.a(_arm_fixunssfsi.o)
                0x0000000008000f9c                __fixunssfsi
                0x0000000008000f9c                __aeabi_f2uiz
 *(.text*)
 .text.Strip_Set_Timer
                0x0000000008000fdc       0x16 ./Core/Src/lib/led_strip.o
                0x0000000008000fdc                Strip_Set_Timer
 .text.Strip_Progress_Bar_Single_Color
                0x0000000008000ff2       0x48 ./Core/Src/lib/led_strip.o
                0x0000000008000ff2                Strip_Progress_Bar_Single_Color
 .text.Strip_Clear
                0x000000000800103a        0xc ./Core/Src/lib/led_strip.o
                0x000000000800103a                Strip_Clear
 .text.Strip_Send
                0x0000000008001046        0xc ./Core/Src/lib/led_strip.o
                0x0000000008001046                Strip_Send
 .text._ZN20Reversable_PWM_MotorC2EP17TIM_HandleTypeDefP11TIM_TypeDeftfffff
                0x0000000008001052       0xac ./Core/Src/lib/reversable_pwm_motor.o
                0x0000000008001052                Reversable_PWM_Motor::Reversable_PWM_Motor(TIM_HandleTypeDef*, TIM_TypeDef*, unsigned short, float, float, float, float, float)
                0x0000000008001052                Reversable_PWM_Motor::Reversable_PWM_Motor(TIM_HandleTypeDef*, TIM_TypeDef*, unsigned short, float, float, float, float, float)
 *fill*         0x00000000080010fe        0x2 
 .text._ZN20Reversable_PWM_Motor3armEv
                0x0000000008001100       0x58 ./Core/Src/lib/reversable_pwm_motor.o
                0x0000000008001100                Reversable_PWM_Motor::arm()
 .text._ZN20Reversable_PWM_Motor8setSpeedEbf
                0x0000000008001158       0xbc ./Core/Src/lib/reversable_pwm_motor.o
                0x0000000008001158                Reversable_PWM_Motor::setSpeed(bool, float)
 .text.Set_LED_Timer
                0x0000000008001214       0x1c ./Core/Src/lib/ws2813b_controller.o
                0x0000000008001214                Set_LED_Timer
 .text.Set_LED  0x0000000008001230       0x5c ./Core/Src/lib/ws2813b_controller.o
                0x0000000008001230                Set_LED
 *fill*         0x000000000800128c        0x4 
 .text.Set_Brightness
                0x0000000008001290      0x108 ./Core/Src/lib/ws2813b_controller.o
                0x0000000008001290                Set_Brightness
 .text.WS2813_Send
                0x0000000008001398       0xec ./Core/Src/lib/ws2813b_controller.o
                0x0000000008001398                WS2813_Send
 .text.Color_To_RGB
                0x0000000008001484       0xa6 ./Core/Src/lib/ws2813b_controller.o
                0x0000000008001484                Color_To_RGB
 .text.Set_LED_From_RGB
                0x000000000800152a       0x28 ./Core/Src/lib/ws2813b_controller.o
                0x000000000800152a                Set_LED_From_RGB
 .text.Set_LED_From_Color_Name
                0x0000000008001552       0x2e ./Core/Src/lib/ws2813b_controller.o
                0x0000000008001552                Set_LED_From_Color_Name
 .text.HAL_TIM_PWM_PulseFinishedCallback
                0x0000000008001580       0x28 ./Core/Src/lib/ws2813b_controller.o
                0x0000000008001580                HAL_TIM_PWM_PulseFinishedCallback
 .text.Clear_All_LED
                0x00000000080015a8       0x2c ./Core/Src/lib/ws2813b_controller.o
                0x00000000080015a8                Clear_All_LED
 *fill*         0x00000000080015d4        0x4 
 .text.main     0x00000000080015d8      0x108 ./Core/Src/main.o
                0x00000000080015d8                main
 .text._Z18SystemClock_Configv
                0x00000000080016e0       0x96 ./Core/Src/main.o
                0x00000000080016e0                SystemClock_Config()
 *fill*         0x0000000008001776        0x2 
 .text._ZL12MX_I2C1_Initv
                0x0000000008001778       0x68 ./Core/Src/main.o
 .text._ZL12MX_TIM2_Initv
                0x00000000080017e0      0x11c ./Core/Src/main.o
 .text._ZL12MX_TIM3_Initv
                0x00000000080018fc      0x11c ./Core/Src/main.o
 .text._ZL11MX_DMA_Initv
                0x0000000008001a18       0x4c ./Core/Src/main.o
 .text._ZL12MX_GPIO_Initv
                0x0000000008001a64       0x44 ./Core/Src/main.o
 .text.Error_Handler
                0x0000000008001aa8        0xa ./Core/Src/main.o
                0x0000000008001aa8                Error_Handler
 *fill*         0x0000000008001ab2        0x2 
 .text.HAL_MspInit
                0x0000000008001ab4       0x44 ./Core/Src/stm32f1xx_hal_msp.o
                0x0000000008001ab4                HAL_MspInit
 .text.HAL_I2C_MspInit
                0x0000000008001af8       0x7c ./Core/Src/stm32f1xx_hal_msp.o
                0x0000000008001af8                HAL_I2C_MspInit
 .text.HAL_TIM_Base_MspInit
                0x0000000008001b74      0x128 ./Core/Src/stm32f1xx_hal_msp.o
                0x0000000008001b74                HAL_TIM_Base_MspInit
 .text.HAL_TIM_MspPostInit
                0x0000000008001c9c       0xa0 ./Core/Src/stm32f1xx_hal_msp.o
                0x0000000008001c9c                HAL_TIM_MspPostInit
 .text.NMI_Handler
                0x0000000008001d3c        0x6 ./Core/Src/stm32f1xx_it.o
                0x0000000008001d3c                NMI_Handler
 .text.HardFault_Handler
                0x0000000008001d42        0x6 ./Core/Src/stm32f1xx_it.o
                0x0000000008001d42                HardFault_Handler
 .text.MemManage_Handler
                0x0000000008001d48        0x6 ./Core/Src/stm32f1xx_it.o
                0x0000000008001d48                MemManage_Handler
 .text.BusFault_Handler
                0x0000000008001d4e        0x6 ./Core/Src/stm32f1xx_it.o
                0x0000000008001d4e                BusFault_Handler
 .text.UsageFault_Handler
                0x0000000008001d54        0x6 ./Core/Src/stm32f1xx_it.o
                0x0000000008001d54                UsageFault_Handler
 .text.SVC_Handler
                0x0000000008001d5a        0xc ./Core/Src/stm32f1xx_it.o
                0x0000000008001d5a                SVC_Handler
 .text.DebugMon_Handler
                0x0000000008001d66        0xc ./Core/Src/stm32f1xx_it.o
                0x0000000008001d66                DebugMon_Handler
 .text.PendSV_Handler
                0x0000000008001d72        0xc ./Core/Src/stm32f1xx_it.o
                0x0000000008001d72                PendSV_Handler
 .text.SysTick_Handler
                0x0000000008001d7e        0xc ./Core/Src/stm32f1xx_it.o
                0x0000000008001d7e                SysTick_Handler
 *fill*         0x0000000008001d8a        0x2 
 .text.DMA1_Channel6_IRQHandler
                0x0000000008001d8c       0x14 ./Core/Src/stm32f1xx_it.o
                0x0000000008001d8c                DMA1_Channel6_IRQHandler
 .text.DMA1_Channel7_IRQHandler
                0x0000000008001da0       0x14 ./Core/Src/stm32f1xx_it.o
                0x0000000008001da0                DMA1_Channel7_IRQHandler
 .text._getpid  0x0000000008001db4        0xe ./Core/Src/syscalls.o
                0x0000000008001db4                _getpid
 .text._kill    0x0000000008001dc2       0x20 ./Core/Src/syscalls.o
                0x0000000008001dc2                _kill
 .text._exit    0x0000000008001de2       0x14 ./Core/Src/syscalls.o
                0x0000000008001de2                _exit
 *fill*         0x0000000008001df6        0x2 
 .text._sbrk    0x0000000008001df8       0x6c ./Core/Src/sysmem.o
                0x0000000008001df8                _sbrk
 .text.SystemInit
                0x0000000008001e64        0xc ./Core/Src/system_stm32f1xx.o
                0x0000000008001e64                SystemInit
 .text.Reset_Handler
                0x0000000008001e70       0x48 ./Core/Startup/startup_stm32f103c8tx.o
                0x0000000008001e70                Reset_Handler
 .text.Default_Handler
                0x0000000008001eb8        0x2 ./Core/Startup/startup_stm32f103c8tx.o
                0x0000000008001eb8                RTC_Alarm_IRQHandler
                0x0000000008001eb8                EXTI2_IRQHandler
                0x0000000008001eb8                TIM1_CC_IRQHandler
                0x0000000008001eb8                PVD_IRQHandler
                0x0000000008001eb8                EXTI3_IRQHandler
                0x0000000008001eb8                EXTI0_IRQHandler
                0x0000000008001eb8                I2C2_EV_IRQHandler
                0x0000000008001eb8                ADC1_2_IRQHandler
                0x0000000008001eb8                SPI1_IRQHandler
                0x0000000008001eb8                TAMPER_IRQHandler
                0x0000000008001eb8                DMA1_Channel4_IRQHandler
                0x0000000008001eb8                USART3_IRQHandler
                0x0000000008001eb8                RTC_IRQHandler
                0x0000000008001eb8                CAN1_RX1_IRQHandler
                0x0000000008001eb8                TIM4_IRQHandler
                0x0000000008001eb8                I2C1_EV_IRQHandler
                0x0000000008001eb8                TIM3_IRQHandler
                0x0000000008001eb8                RCC_IRQHandler
                0x0000000008001eb8                TIM1_TRG_COM_IRQHandler
                0x0000000008001eb8                DMA1_Channel1_IRQHandler
                0x0000000008001eb8                Default_Handler
                0x0000000008001eb8                EXTI15_10_IRQHandler
                0x0000000008001eb8                EXTI9_5_IRQHandler
                0x0000000008001eb8                SPI2_IRQHandler
                0x0000000008001eb8                DMA1_Channel5_IRQHandler
                0x0000000008001eb8                EXTI4_IRQHandler
                0x0000000008001eb8                USB_LP_CAN1_RX0_IRQHandler
                0x0000000008001eb8                USB_HP_CAN1_TX_IRQHandler
                0x0000000008001eb8                DMA1_Channel3_IRQHandler
                0x0000000008001eb8                TIM1_UP_IRQHandler
                0x0000000008001eb8                WWDG_IRQHandler
                0x0000000008001eb8                TIM2_IRQHandler
                0x0000000008001eb8                TIM1_BRK_IRQHandler
                0x0000000008001eb8                EXTI1_IRQHandler
                0x0000000008001eb8                USART2_IRQHandler
                0x0000000008001eb8                I2C2_ER_IRQHandler
                0x0000000008001eb8                DMA1_Channel2_IRQHandler
                0x0000000008001eb8                CAN1_SCE_IRQHandler
                0x0000000008001eb8                FLASH_IRQHandler
                0x0000000008001eb8                USART1_IRQHandler
                0x0000000008001eb8                I2C1_ER_IRQHandler
                0x0000000008001eb8                USBWakeUp_IRQHandler
 *fill*         0x0000000008001eba        0x2 
 .text.HAL_Init
                0x0000000008001ebc       0x2c ./Drivers/STM32F1xx_HAL_Driver/Src/stm32f1xx_hal.o
                0x0000000008001ebc                HAL_Init
 .text.HAL_InitTick
                0x0000000008001ee8       0x60 ./Drivers/STM32F1xx_HAL_Driver/Src/stm32f1xx_hal.o
                0x0000000008001ee8                HAL_InitTick
 .text.HAL_IncTick
                0x0000000008001f48       0x24 ./Drivers/STM32F1xx_HAL_Driver/Src/stm32f1xx_hal.o
                0x0000000008001f48                HAL_IncTick
 .text.HAL_GetTick
                0x0000000008001f6c       0x14 ./Drivers/STM32F1xx_HAL_Driver/Src/stm32f1xx_hal.o
                0x0000000008001f6c                HAL_GetTick
 .text.HAL_Delay
                0x0000000008001f80       0x48 ./Drivers/STM32F1xx_HAL_Driver/Src/stm32f1xx_hal.o
                0x0000000008001f80                HAL_Delay
 .text.__NVIC_SetPriorityGrouping
                0x0000000008001fc8       0x48 ./Drivers/STM32F1xx_HAL_Driver/Src/stm32f1xx_hal_cortex.o
 .text.__NVIC_GetPriorityGrouping
                0x0000000008002010       0x1c ./Drivers/STM32F1xx_HAL_Driver/Src/stm32f1xx_hal_cortex.o
 .text.__NVIC_EnableIRQ
                0x000000000800202c       0x38 ./Drivers/STM32F1xx_HAL_Driver/Src/stm32f1xx_hal_cortex.o
 .text.__NVIC_SetPriority
                0x0000000008002064       0x54 ./Drivers/STM32F1xx_HAL_Driver/Src/stm32f1xx_hal_cortex.o
 .text.NVIC_EncodePriority
                0x00000000080020b8       0x64 ./Drivers/STM32F1xx_HAL_Driver/Src/stm32f1xx_hal_cortex.o
 .text.SysTick_Config
                0x000000000800211c       0x44 ./Drivers/STM32F1xx_HAL_Driver/Src/stm32f1xx_hal_cortex.o
 .text.HAL_NVIC_SetPriorityGrouping
                0x0000000008002160       0x16 ./Drivers/STM32F1xx_HAL_Driver/Src/stm32f1xx_hal_cortex.o
                0x0000000008002160                HAL_NVIC_SetPriorityGrouping
 .text.HAL_NVIC_SetPriority
                0x0000000008002176       0x38 ./Drivers/STM32F1xx_HAL_Driver/Src/stm32f1xx_hal_cortex.o
                0x0000000008002176                HAL_NVIC_SetPriority
 .text.HAL_NVIC_EnableIRQ
                0x00000000080021ae       0x1c ./Drivers/STM32F1xx_HAL_Driver/Src/stm32f1xx_hal_cortex.o
                0x00000000080021ae                HAL_NVIC_EnableIRQ
 .text.HAL_SYSTICK_Config
                0x00000000080021ca       0x18 ./Drivers/STM32F1xx_HAL_Driver/Src/stm32f1xx_hal_cortex.o
                0x00000000080021ca                HAL_SYSTICK_Config
 *fill*         0x00000000080021e2        0x2 
 .text.HAL_DMA_Init
                0x00000000080021e4       0xb4 ./Drivers/STM32F1xx_HAL_Driver/Src/stm32f1xx_hal_dma.o
                0x00000000080021e4                HAL_DMA_Init
 .text.HAL_DMA_Start_IT
                0x0000000008002298       0xc0 ./Drivers/STM32F1xx_HAL_Driver/Src/stm32f1xx_hal_dma.o
                0x0000000008002298                HAL_DMA_Start_IT
 .text.HAL_DMA_Abort_IT
                0x0000000008002358       0xf0 ./Drivers/STM32F1xx_HAL_Driver/Src/stm32f1xx_hal_dma.o
                0x0000000008002358                HAL_DMA_Abort_IT
 .text.HAL_DMA_IRQHandler
                0x0000000008002448      0x20c ./Drivers/STM32F1xx_HAL_Driver/Src/stm32f1xx_hal_dma.o
                0x0000000008002448                HAL_DMA_IRQHandler
 .text.DMA_SetConfig
                0x0000000008002654       0x5a ./Drivers/STM32F1xx_HAL_Driver/Src/stm32f1xx_hal_dma.o
 *fill*         0x00000000080026ae        0x2 
 .text.HAL_GPIO_Init
                0x00000000080026b0      0x308 ./Drivers/STM32F1xx_HAL_Driver/Src/stm32f1xx_hal_gpio.o
                0x00000000080026b0                HAL_GPIO_Init
 .text.HAL_I2C_Init
                0x00000000080029b8      0x288 ./Drivers/STM32F1xx_HAL_Driver/Src/stm32f1xx_hal_i2c.o
                0x00000000080029b8                HAL_I2C_Init
 .text.HAL_RCC_OscConfig
                0x0000000008002c40      0x504 ./Drivers/STM32F1xx_HAL_Driver/Src/stm32f1xx_hal_rcc.o
                0x0000000008002c40                HAL_RCC_OscConfig
 .text.HAL_RCC_ClockConfig
                0x0000000008003144      0x1d4 ./Drivers/STM32F1xx_HAL_Driver/Src/stm32f1xx_hal_rcc.o
                0x0000000008003144                HAL_RCC_ClockConfig
 .text.HAL_RCC_GetSysClockFreq
                0x0000000008003318       0xa8 ./Drivers/STM32F1xx_HAL_Driver/Src/stm32f1xx_hal_rcc.o
                0x0000000008003318                HAL_RCC_GetSysClockFreq
 .text.HAL_RCC_GetHCLKFreq
                0x00000000080033c0       0x14 ./Drivers/STM32F1xx_HAL_Driver/Src/stm32f1xx_hal_rcc.o
                0x00000000080033c0                HAL_RCC_GetHCLKFreq
 .text.HAL_RCC_GetPCLK1Freq
                0x00000000080033d4       0x28 ./Drivers/STM32F1xx_HAL_Driver/Src/stm32f1xx_hal_rcc.o
                0x00000000080033d4                HAL_RCC_GetPCLK1Freq
 .text.RCC_Delay
                0x00000000080033fc       0x3c ./Drivers/STM32F1xx_HAL_Driver/Src/stm32f1xx_hal_rcc.o
 .text.HAL_TIM_Base_Init
                0x0000000008003438       0x9e ./Drivers/STM32F1xx_HAL_Driver/Src/stm32f1xx_hal_tim.o
                0x0000000008003438                HAL_TIM_Base_Init
 .text.HAL_TIM_PWM_Init
                0x00000000080034d6       0x9e ./Drivers/STM32F1xx_HAL_Driver/Src/stm32f1xx_hal_tim.o
                0x00000000080034d6                HAL_TIM_PWM_Init
 .text.HAL_TIM_PWM_MspInit
                0x0000000008003574       0x12 ./Drivers/STM32F1xx_HAL_Driver/Src/stm32f1xx_hal_tim.o
                0x0000000008003574                HAL_TIM_PWM_MspInit
 *fill*         0x0000000008003586        0x2 
 .text.HAL_TIM_PWM_Start_DMA
                0x0000000008003588      0x344 ./Drivers/STM32F1xx_HAL_Driver/Src/stm32f1xx_hal_tim.o
                0x0000000008003588                HAL_TIM_PWM_Start_DMA
 .text.HAL_TIM_PWM_Stop_DMA
                0x00000000080038cc      0x18c ./Drivers/STM32F1xx_HAL_Driver/Src/stm32f1xx_hal_tim.o
                0x00000000080038cc                HAL_TIM_PWM_Stop_DMA
 .text.HAL_TIM_PWM_ConfigChannel
                0x0000000008003a58      0x184 ./Drivers/STM32F1xx_HAL_Driver/Src/stm32f1xx_hal_tim.o
                0x0000000008003a58                HAL_TIM_PWM_ConfigChannel
 .text.HAL_TIM_ConfigClockSource
                0x0000000008003bdc      0x18e ./Drivers/STM32F1xx_HAL_Driver/Src/stm32f1xx_hal_tim.o
                0x0000000008003bdc                HAL_TIM_ConfigClockSource
 .text.HAL_TIM_PWM_PulseFinishedHalfCpltCallback
                0x0000000008003d6a       0x12 ./Drivers/STM32F1xx_HAL_Driver/Src/stm32f1xx_hal_tim.o
                0x0000000008003d6a                HAL_TIM_PWM_PulseFinishedHalfCpltCallback
 .text.HAL_TIM_ErrorCallback
                0x0000000008003d7c       0x12 ./Drivers/STM32F1xx_HAL_Driver/Src/stm32f1xx_hal_tim.o
                0x0000000008003d7c                HAL_TIM_ErrorCallback
 .text.TIM_DMAError
                0x0000000008003d8e       0x92 ./Drivers/STM32F1xx_HAL_Driver/Src/stm32f1xx_hal_tim.o
                0x0000000008003d8e                TIM_DMAError
 .text.TIM_DMADelayPulseCplt
                0x0000000008003e20       0xa8 ./Drivers/STM32F1xx_HAL_Driver/Src/stm32f1xx_hal_tim.o
 .text.TIM_DMADelayPulseHalfCplt
                0x0000000008003ec8       0x68 ./Drivers/STM32F1xx_HAL_Driver/Src/stm32f1xx_hal_tim.o
                0x0000000008003ec8                TIM_DMADelayPulseHalfCplt
 .text.TIM_Base_SetConfig
                0x0000000008003f30       0xc4 ./Drivers/STM32F1xx_HAL_Driver/Src/stm32f1xx_hal_tim.o
                0x0000000008003f30                TIM_Base_SetConfig
 .text.TIM_OC1_SetConfig
                0x0000000008003ff4       0xcc ./Drivers/STM32F1xx_HAL_Driver/Src/stm32f1xx_hal_tim.o
 .text.TIM_OC2_SetConfig
                0x00000000080040c0       0xd4 ./Drivers/STM32F1xx_HAL_Driver/Src/stm32f1xx_hal_tim.o
                0x00000000080040c0                TIM_OC2_SetConfig
 .text.TIM_OC3_SetConfig
                0x0000000008004194       0xd4 ./Drivers/STM32F1xx_HAL_Driver/Src/stm32f1xx_hal_tim.o
 .text.TIM_OC4_SetConfig
                0x0000000008004268       0x9c ./Drivers/STM32F1xx_HAL_Driver/Src/stm32f1xx_hal_tim.o
 .text.TIM_TI1_ConfigInputStage
                0x0000000008004304       0x5c ./Drivers/STM32F1xx_HAL_Driver/Src/stm32f1xx_hal_tim.o
 .text.TIM_TI2_ConfigInputStage
                0x0000000008004360       0x5e ./Drivers/STM32F1xx_HAL_Driver/Src/stm32f1xx_hal_tim.o
 .text.TIM_ITRx_SetConfig
                0x00000000080043be       0x34 ./Drivers/STM32F1xx_HAL_Driver/Src/stm32f1xx_hal_tim.o
 .text.TIM_ETR_SetConfig
                0x00000000080043f2       0x3e ./Drivers/STM32F1xx_HAL_Driver/Src/stm32f1xx_hal_tim.o
                0x00000000080043f2                TIM_ETR_SetConfig
 .text.TIM_CCxChannelCmd
                0x0000000008004430       0x48 ./Drivers/STM32F1xx_HAL_Driver/Src/stm32f1xx_hal_tim.o
                0x0000000008004430                TIM_CCxChannelCmd
 .text.HAL_TIMEx_MasterConfigSynchronization
                0x0000000008004478       0xbc ./Drivers/STM32F1xx_HAL_Driver/Src/stm32f1xx_hal_tim_ex.o
                0x0000000008004478                HAL_TIMEx_MasterConfigSynchronization
 .text._Znwj    0x0000000008004534       0x22 c:/st/stm32cubeide_1.9.0/stm32cubeide/plugins/com.st.stm32cube.ide.mcu.externaltools.gnu-tools-for-stm32.10.3-2021.10.win32_1.0.200.202301161003/tools/bin/../lib/gcc/arm-none-eabi/10.3.1/../../../../arm-none-eabi/lib/thumb/v7-m/nofp\libstdc++_nano.a(new_op.o)
                0x0000000008004534                operator new(unsigned int)
 *fill*         0x0000000008004556        0x2 
 .text._ZSt15get_new_handlerv
                0x0000000008004558       0x10 c:/st/stm32cubeide_1.9.0/stm32cubeide/plugins/com.st.stm32cube.ide.mcu.externaltools.gnu-tools-for-stm32.10.3-2021.10.win32_1.0.200.202301161003/tools/bin/../lib/gcc/arm-none-eabi/10.3.1/../../../../arm-none-eabi/lib/thumb/v7-m/nofp\libstdc++_nano.a(new_handler.o)
                0x0000000008004558                std::get_new_handler()
 .text.sin      0x0000000008004568       0x8c c:/st/stm32cubeide_1.9.0/stm32cubeide/plugins/com.st.stm32cube.ide.mcu.externaltools.gnu-tools-for-stm32.10.3-2021.10.win32_1.0.200.202301161003/tools/bin/../lib/gcc/arm-none-eabi/10.3.1/../../../../arm-none-eabi/lib/thumb/v7-m/nofp\libm.a(lib_a-s_sin.o)
                0x0000000008004568                sin
 .text.tan      0x00000000080045f4       0x54 c:/st/stm32cubeide_1.9.0/stm32cubeide/plugins/com.st.stm32cube.ide.mcu.externaltools.gnu-tools-for-stm32.10.3-2021.10.win32_1.0.200.202301161003/tools/bin/../lib/gcc/arm-none-eabi/10.3.1/../../../../arm-none-eabi/lib/thumb/v7-m/nofp\libm.a(lib_a-s_tan.o)
                0x00000000080045f4                tan
 .text.__ieee754_rem_pio2
                0x0000000008004648      0x3f0 c:/st/stm32cubeide_1.9.0/stm32cubeide/plugins/com.st.stm32cube.ide.mcu.externaltools.gnu-tools-for-stm32.10.3-2021.10.win32_1.0.200.202301161003/tools/bin/../lib/gcc/arm-none-eabi/10.3.1/../../../../arm-none-eabi/lib/thumb/v7-m/nofp\libm.a(lib_a-e_rem_pio2.o)
                0x0000000008004648                __ieee754_rem_pio2
 .text.__kernel_cos
                0x0000000008004a38      0x17c c:/st/stm32cubeide_1.9.0/stm32cubeide/plugins/com.st.stm32cube.ide.mcu.externaltools.gnu-tools-for-stm32.10.3-2021.10.win32_1.0.200.202301161003/tools/bin/../lib/gcc/arm-none-eabi/10.3.1/../../../../arm-none-eabi/lib/thumb/v7-m/nofp\libm.a(lib_a-k_cos.o)
                0x0000000008004a38                __kernel_cos
 .text.__kernel_rem_pio2
                0x0000000008004bb4      0x684 c:/st/stm32cubeide_1.9.0/stm32cubeide/plugins/com.st.stm32cube.ide.mcu.externaltools.gnu-tools-for-stm32.10.3-2021.10.win32_1.0.200.202301161003/tools/bin/../lib/gcc/arm-none-eabi/10.3.1/../../../../arm-none-eabi/lib/thumb/v7-m/nofp\libm.a(lib_a-k_rem_pio2.o)
                0x0000000008004bb4                __kernel_rem_pio2
 .text.__kernel_sin
                0x0000000008005238      0x16c c:/st/stm32cubeide_1.9.0/stm32cubeide/plugins/com.st.stm32cube.ide.mcu.externaltools.gnu-tools-for-stm32.10.3-2021.10.win32_1.0.200.202301161003/tools/bin/../lib/gcc/arm-none-eabi/10.3.1/../../../../arm-none-eabi/lib/thumb/v7-m/nofp\libm.a(lib_a-k_sin.o)
                0x0000000008005238                __kernel_sin
 *fill*         0x00000000080053a4        0x4 
 .text.__kernel_tan
                0x00000000080053a8      0x3f8 c:/st/stm32cubeide_1.9.0/stm32cubeide/plugins/com.st.stm32cube.ide.mcu.externaltools.gnu-tools-for-stm32.10.3-2021.10.win32_1.0.200.202301161003/tools/bin/../lib/gcc/arm-none-eabi/10.3.1/../../../../arm-none-eabi/lib/thumb/v7-m/nofp\libm.a(lib_a-k_tan.o)
                0x00000000080053a8                __kernel_tan
 .text.fabs     0x00000000080057a0        0x6 c:/st/stm32cubeide_1.9.0/stm32cubeide/plugins/com.st.stm32cube.ide.mcu.externaltools.gnu-tools-for-stm32.10.3-2021.10.win32_1.0.200.202301161003/tools/bin/../lib/gcc/arm-none-eabi/10.3.1/../../../../arm-none-eabi/lib/thumb/v7-m/nofp\libm.a(lib_a-s_fabs.o)
                0x00000000080057a0                fabs
 *fill*         0x00000000080057a6        0x2 
 .text.floor    0x00000000080057a8      0x100 c:/st/stm32cubeide_1.9.0/stm32cubeide/plugins/com.st.stm32cube.ide.mcu.externaltools.gnu-tools-for-stm32.10.3-2021.10.win32_1.0.200.202301161003/tools/bin/../lib/gcc/arm-none-eabi/10.3.1/../../../../arm-none-eabi/lib/thumb/v7-m/nofp\libm.a(lib_a-s_floor.o)
                0x00000000080057a8                floor
 .text.scalbn   0x00000000080058a8       0xfc c:/st/stm32cubeide_1.9.0/stm32cubeide/plugins/com.st.stm32cube.ide.mcu.externaltools.gnu-tools-for-stm32.10.3-2021.10.win32_1.0.200.202301161003/tools/bin/../lib/gcc/arm-none-eabi/10.3.1/../../../../arm-none-eabi/lib/thumb/v7-m/nofp\libm.a(lib_a-s_scalbn.o)
                0x00000000080058a8                scalbn
 .text.abort    0x00000000080059a4        0xe c:/st/stm32cubeide_1.9.0/stm32cubeide/plugins/com.st.stm32cube.ide.mcu.externaltools.gnu-tools-for-stm32.10.3-2021.10.win32_1.0.200.202301161003/tools/bin/../lib/gcc/arm-none-eabi/10.3.1/../../../../arm-none-eabi/lib/thumb/v7-m/nofp\libc_nano.a(lib_a-abort.o)
                0x00000000080059a4                abort
 *fill*         0x00000000080059b2        0x2 
 .text.__errno  0x00000000080059b4        0xc c:/st/stm32cubeide_1.9.0/stm32cubeide/plugins/com.st.stm32cube.ide.mcu.externaltools.gnu-tools-for-stm32.10.3-2021.10.win32_1.0.200.202301161003/tools/bin/../lib/gcc/arm-none-eabi/10.3.1/../../../../arm-none-eabi/lib/thumb/v7-m/nofp\libc_nano.a(lib_a-errno.o)
                0x00000000080059b4                __errno
 .text.__libc_init_array
                0x00000000080059c0       0x48 c:/st/stm32cubeide_1.9.0/stm32cubeide/plugins/com.st.stm32cube.ide.mcu.externaltools.gnu-tools-for-stm32.10.3-2021.10.win32_1.0.200.202301161003/tools/bin/../lib/gcc/arm-none-eabi/10.3.1/../../../../arm-none-eabi/lib/thumb/v7-m/nofp\libc_nano.a(lib_a-init.o)
                0x00000000080059c0                __libc_init_array
 .text.malloc   0x0000000008005a08       0x10 c:/st/stm32cubeide_1.9.0/stm32cubeide/plugins/com.st.stm32cube.ide.mcu.externaltools.gnu-tools-for-stm32.10.3-2021.10.win32_1.0.200.202301161003/tools/bin/../lib/gcc/arm-none-eabi/10.3.1/../../../../arm-none-eabi/lib/thumb/v7-m/nofp\libc_nano.a(lib_a-malloc.o)
                0x0000000008005a08                malloc
 .text.memset   0x0000000008005a18       0x10 c:/st/stm32cubeide_1.9.0/stm32cubeide/plugins/com.st.stm32cube.ide.mcu.externaltools.gnu-tools-for-stm32.10.3-2021.10.win32_1.0.200.202301161003/tools/bin/../lib/gcc/arm-none-eabi/10.3.1/../../../../arm-none-eabi/lib/thumb/v7-m/nofp\libc_nano.a(lib_a-memset.o)
                0x0000000008005a18                memset
 .text.sbrk_aligned
                0x0000000008005a28       0x40 c:/st/stm32cubeide_1.9.0/stm32cubeide/plugins/com.st.stm32cube.ide.mcu.externaltools.gnu-tools-for-stm32.10.3-2021.10.win32_1.0.200.202301161003/tools/bin/../lib/gcc/arm-none-eabi/10.3.1/../../../../arm-none-eabi/lib/thumb/v7-m/nofp\libc_nano.a(lib_a-nano-mallocr.o)
 .text._malloc_r
                0x0000000008005a68       0xe8 c:/st/stm32cubeide_1.9.0/stm32cubeide/plugins/com.st.stm32cube.ide.mcu.externaltools.gnu-tools-for-stm32.10.3-2021.10.win32_1.0.200.202301161003/tools/bin/../lib/gcc/arm-none-eabi/10.3.1/../../../../arm-none-eabi/lib/thumb/v7-m/nofp\libc_nano.a(lib_a-nano-mallocr.o)
                0x0000000008005a68                _malloc_r
 .text._sbrk_r  0x0000000008005b50       0x20 c:/st/stm32cubeide_1.9.0/stm32cubeide/plugins/com.st.stm32cube.ide.mcu.externaltools.gnu-tools-for-stm32.10.3-2021.10.win32_1.0.200.202301161003/tools/bin/../lib/gcc/arm-none-eabi/10.3.1/../../../../arm-none-eabi/lib/thumb/v7-m/nofp\libc_nano.a(lib_a-sbrkr.o)
                0x0000000008005b50                _sbrk_r
 .text._raise_r
                0x0000000008005b70       0x50 c:/st/stm32cubeide_1.9.0/stm32cubeide/plugins/com.st.stm32cube.ide.mcu.externaltools.gnu-tools-for-stm32.10.3-2021.10.win32_1.0.200.202301161003/tools/bin/../lib/gcc/arm-none-eabi/10.3.1/../../../../arm-none-eabi/lib/thumb/v7-m/nofp\libc_nano.a(lib_a-signal.o)
                0x0000000008005b70                _raise_r
 .text.raise    0x0000000008005bc0       0x10 c:/st/stm32cubeide_1.9.0/stm32cubeide/plugins/com.st.stm32cube.ide.mcu.externaltools.gnu-tools-for-stm32.10.3-2021.10.win32_1.0.200.202301161003/tools/bin/../lib/gcc/arm-none-eabi/10.3.1/../../../../arm-none-eabi/lib/thumb/v7-m/nofp\libc_nano.a(lib_a-signal.o)
                0x0000000008005bc0                raise
 .text._kill_r  0x0000000008005bd0       0x24 c:/st/stm32cubeide_1.9.0/stm32cubeide/plugins/com.st.stm32cube.ide.mcu.externaltools.gnu-tools-for-stm32.10.3-2021.10.win32_1.0.200.202301161003/tools/bin/../lib/gcc/arm-none-eabi/10.3.1/../../../../arm-none-eabi/lib/thumb/v7-m/nofp\libc_nano.a(lib_a-signalr.o)
                0x0000000008005bd0                _kill_r
 .text._getpid_r
                0x0000000008005bf4        0x4 c:/st/stm32cubeide_1.9.0/stm32cubeide/plugins/com.st.stm32cube.ide.mcu.externaltools.gnu-tools-for-stm32.10.3-2021.10.win32_1.0.200.202301161003/tools/bin/../lib/gcc/arm-none-eabi/10.3.1/../../../../arm-none-eabi/lib/thumb/v7-m/nofp\libc_nano.a(lib_a-signalr.o)
                0x0000000008005bf4                _getpid_r
 .text.__malloc_lock
                0x0000000008005bf8        0xc c:/st/stm32cubeide_1.9.0/stm32cubeide/plugins/com.st.stm32cube.ide.mcu.externaltools.gnu-tools-for-stm32.10.3-2021.10.win32_1.0.200.202301161003/tools/bin/../lib/gcc/arm-none-eabi/10.3.1/../../../../arm-none-eabi/lib/thumb/v7-m/nofp\libc_nano.a(lib_a-mlock.o)
                0x0000000008005bf8                __malloc_lock
 .text.__malloc_unlock
                0x0000000008005c04        0xc c:/st/stm32cubeide_1.9.0/stm32cubeide/plugins/com.st.stm32cube.ide.mcu.externaltools.gnu-tools-for-stm32.10.3-2021.10.win32_1.0.200.202301161003/tools/bin/../lib/gcc/arm-none-eabi/10.3.1/../../../../arm-none-eabi/lib/thumb/v7-m/nofp\libc_nano.a(lib_a-mlock.o)
                0x0000000008005c04                __malloc_unlock
 .text.__retarget_lock_acquire_recursive
                0x0000000008005c10        0x2 c:/st/stm32cubeide_1.9.0/stm32cubeide/plugins/com.st.stm32cube.ide.mcu.externaltools.gnu-tools-for-stm32.10.3-2021.10.win32_1.0.200.202301161003/tools/bin/../lib/gcc/arm-none-eabi/10.3.1/../../../../arm-none-eabi/lib/thumb/v7-m/nofp\libc_nano.a(lib_a-lock.o)
                0x0000000008005c10                __retarget_lock_acquire_recursive
 .text.__retarget_lock_release_recursive
                0x0000000008005c12        0x2 c:/st/stm32cubeide_1.9.0/stm32cubeide/plugins/com.st.stm32cube.ide.mcu.externaltools.gnu-tools-for-stm32.10.3-2021.10.win32_1.0.200.202301161003/tools/bin/../lib/gcc/arm-none-eabi/10.3.1/../../../../arm-none-eabi/lib/thumb/v7-m/nofp\libc_nano.a(lib_a-lock.o)
                0x0000000008005c12                __retarget_lock_release_recursive
 *(.glue_7)
 .glue_7        0x0000000008005c14        0x0 linker stubs
 *(.glue_7t)
 .glue_7t       0x0000000008005c14        0x0 linker stubs
 *(.eh_frame)
 .eh_frame      0x0000000008005c14        0x0 c:/st/stm32cubeide_1.9.0/stm32cubeide/plugins/com.st.stm32cube.ide.mcu.externaltools.gnu-tools-for-stm32.10.3-2021.10.win32_1.0.200.202301161003/tools/bin/../lib/gcc/arm-none-eabi/10.3.1/thumb/v7-m/nofp/crtbegin.o
 *(.init)
 .init          0x0000000008005c14        0x4 c:/st/stm32cubeide_1.9.0/stm32cubeide/plugins/com.st.stm32cube.ide.mcu.externaltools.gnu-tools-for-stm32.10.3-2021.10.win32_1.0.200.202301161003/tools/bin/../lib/gcc/arm-none-eabi/10.3.1/thumb/v7-m/nofp/crti.o
                0x0000000008005c14                _init
 .init          0x0000000008005c18        0x8 c:/st/stm32cubeide_1.9.0/stm32cubeide/plugins/com.st.stm32cube.ide.mcu.externaltools.gnu-tools-for-stm32.10.3-2021.10.win32_1.0.200.202301161003/tools/bin/../lib/gcc/arm-none-eabi/10.3.1/thumb/v7-m/nofp/crtn.o
 *(.fini)
 .fini          0x0000000008005c20        0x4 c:/st/stm32cubeide_1.9.0/stm32cubeide/plugins/com.st.stm32cube.ide.mcu.externaltools.gnu-tools-for-stm32.10.3-2021.10.win32_1.0.200.202301161003/tools/bin/../lib/gcc/arm-none-eabi/10.3.1/thumb/v7-m/nofp/crti.o
                0x0000000008005c20                _fini
 .fini          0x0000000008005c24        0x8 c:/st/stm32cubeide_1.9.0/stm32cubeide/plugins/com.st.stm32cube.ide.mcu.externaltools.gnu-tools-for-stm32.10.3-2021.10.win32_1.0.200.202301161003/tools/bin/../lib/gcc/arm-none-eabi/10.3.1/thumb/v7-m/nofp/crtn.o
                0x0000000008005c2c                . = ALIGN (0x4)
                0x0000000008005c2c                _etext = .

.vfp11_veneer   0x0000000008005c2c        0x0
 .vfp11_veneer  0x0000000008005c2c        0x0 linker stubs

.v4_bx          0x0000000008005c2c        0x0
 .v4_bx         0x0000000008005c2c        0x0 linker stubs

.iplt           0x0000000008005c2c        0x0
 .iplt          0x0000000008005c2c        0x0 c:/st/stm32cubeide_1.9.0/stm32cubeide/plugins/com.st.stm32cube.ide.mcu.externaltools.gnu-tools-for-stm32.10.3-2021.10.win32_1.0.200.202301161003/tools/bin/../lib/gcc/arm-none-eabi/10.3.1/thumb/v7-m/nofp/crtbegin.o

.rodata         0x0000000008005c30      0x208
                0x0000000008005c30                . = ALIGN (0x4)
 *(.rodata)
 *(.rodata*)
 .rodata.AHBPrescTable
                0x0000000008005c30       0x10 ./Core/Src/system_stm32f1xx.o
                0x0000000008005c30                AHBPrescTable
 .rodata.APBPrescTable
                0x0000000008005c40        0x8 ./Core/Src/system_stm32f1xx.o
                0x0000000008005c40                APBPrescTable
 .rodata.aPLLMULFactorTable.1
                0x0000000008005c48       0x10 ./Drivers/STM32F1xx_HAL_Driver/Src/stm32f1xx_hal_rcc.o
 .rodata.aPredivFactorTable.0
                0x0000000008005c58        0x2 ./Drivers/STM32F1xx_HAL_Driver/Src/stm32f1xx_hal_rcc.o
 *fill*         0x0000000008005c5a        0x2 
 .rodata.npio2_hw
                0x0000000008005c5c       0x80 c:/st/stm32cubeide_1.9.0/stm32cubeide/plugins/com.st.stm32cube.ide.mcu.externaltools.gnu-tools-for-stm32.10.3-2021.10.win32_1.0.200.202301161003/tools/bin/../lib/gcc/arm-none-eabi/10.3.1/../../../../arm-none-eabi/lib/thumb/v7-m/nofp\libm.a(lib_a-e_rem_pio2.o)
 .rodata.two_over_pi
                0x0000000008005cdc      0x108 c:/st/stm32cubeide_1.9.0/stm32cubeide/plugins/com.st.stm32cube.ide.mcu.externaltools.gnu-tools-for-stm32.10.3-2021.10.win32_1.0.200.202301161003/tools/bin/../lib/gcc/arm-none-eabi/10.3.1/../../../../arm-none-eabi/lib/thumb/v7-m/nofp\libm.a(lib_a-e_rem_pio2.o)
 *fill*         0x0000000008005de4        0x4 
 .rodata.PIo2   0x0000000008005de8       0x40 c:/st/stm32cubeide_1.9.0/stm32cubeide/plugins/com.st.stm32cube.ide.mcu.externaltools.gnu-tools-for-stm32.10.3-2021.10.win32_1.0.200.202301161003/tools/bin/../lib/gcc/arm-none-eabi/10.3.1/../../../../arm-none-eabi/lib/thumb/v7-m/nofp\libm.a(lib_a-k_rem_pio2.o)
 .rodata.init_jk
                0x0000000008005e28       0x10 c:/st/stm32cubeide_1.9.0/stm32cubeide/plugins/com.st.stm32cube.ide.mcu.externaltools.gnu-tools-for-stm32.10.3-2021.10.win32_1.0.200.202301161003/tools/bin/../lib/gcc/arm-none-eabi/10.3.1/../../../../arm-none-eabi/lib/thumb/v7-m/nofp\libm.a(lib_a-k_rem_pio2.o)
                0x0000000008005e38                . = ALIGN (0x4)

.rel.dyn        0x0000000008005e38        0x0
 .rel.iplt      0x0000000008005e38        0x0 c:/st/stm32cubeide_1.9.0/stm32cubeide/plugins/com.st.stm32cube.ide.mcu.externaltools.gnu-tools-for-stm32.10.3-2021.10.win32_1.0.200.202301161003/tools/bin/../lib/gcc/arm-none-eabi/10.3.1/thumb/v7-m/nofp/crtbegin.o

.ARM.extab      0x0000000008005e38        0x0
                0x0000000008005e38                . = ALIGN (0x4)
 *(.ARM.extab* .gnu.linkonce.armextab.*)
                0x0000000008005e38                . = ALIGN (0x4)

.ARM            0x0000000008005e38        0x0
                0x0000000008005e38                . = ALIGN (0x4)
                0x0000000008005e38                __exidx_start = .
 *(.ARM.exidx*)
                0x0000000008005e38                __exidx_end = .
                0x0000000008005e38                . = ALIGN (0x4)

.preinit_array  0x0000000008005e38        0x0
                0x0000000008005e38                . = ALIGN (0x4)
                0x0000000008005e38                PROVIDE (__preinit_array_start = .)
 *(.preinit_array*)
                0x0000000008005e38                PROVIDE (__preinit_array_end = .)
                0x0000000008005e38                . = ALIGN (0x4)

.init_array     0x0000000008005e38        0x4
                0x0000000008005e38                . = ALIGN (0x4)
                0x0000000008005e38                PROVIDE (__init_array_start = .)
 *(SORT_BY_NAME(.init_array.*))
 *(.init_array*)
 .init_array    0x0000000008005e38        0x4 c:/st/stm32cubeide_1.9.0/stm32cubeide/plugins/com.st.stm32cube.ide.mcu.externaltools.gnu-tools-for-stm32.10.3-2021.10.win32_1.0.200.202301161003/tools/bin/../lib/gcc/arm-none-eabi/10.3.1/thumb/v7-m/nofp/crtbegin.o
                0x0000000008005e3c                PROVIDE (__init_array_end = .)
                0x0000000008005e3c                . = ALIGN (0x4)

.fini_array     0x0000000008005e3c        0x4
                0x0000000008005e3c                . = ALIGN (0x4)
                [!provide]                        PROVIDE (__fini_array_start = .)
 *(SORT_BY_NAME(.fini_array.*))
 *(.fini_array*)
 .fini_array    0x0000000008005e3c        0x4 c:/st/stm32cubeide_1.9.0/stm32cubeide/plugins/com.st.stm32cube.ide.mcu.externaltools.gnu-tools-for-stm32.10.3-2021.10.win32_1.0.200.202301161003/tools/bin/../lib/gcc/arm-none-eabi/10.3.1/thumb/v7-m/nofp/crtbegin.o
                [!provide]                        PROVIDE (__fini_array_end = .)
                0x0000000008005e40                . = ALIGN (0x4)
                0x0000000008005e40                _sidata = LOADADDR (.data)

.data           0x0000000020000000       0x70 load address 0x0000000008005e40
                0x0000000020000000                . = ALIGN (0x4)
                0x0000000020000000                _sdata = .
 *(.data)
 *(.data*)
 .data.SystemCoreClock
                0x0000000020000000        0x4 ./Core/Src/system_stm32f1xx.o
                0x0000000020000000                SystemCoreClock
 .data.uwTickPrio
                0x0000000020000004        0x4 ./Drivers/STM32F1xx_HAL_Driver/Src/stm32f1xx_hal.o
                0x0000000020000004                uwTickPrio
 .data.uwTickFreq
                0x0000000020000008        0x1 ./Drivers/STM32F1xx_HAL_Driver/Src/stm32f1xx_hal.o
                0x0000000020000008                uwTickFreq
 *fill*         0x0000000020000009        0x3 
 .data._impure_ptr
                0x000000002000000c        0x4 c:/st/stm32cubeide_1.9.0/stm32cubeide/plugins/com.st.stm32cube.ide.mcu.externaltools.gnu-tools-for-stm32.10.3-2021.10.win32_1.0.200.202301161003/tools/bin/../lib/gcc/arm-none-eabi/10.3.1/../../../../arm-none-eabi/lib/thumb/v7-m/nofp\libc_nano.a(lib_a-impure.o)
                0x000000002000000c                _impure_ptr
 .data.impure_data
                0x0000000020000010       0x60 c:/st/stm32cubeide_1.9.0/stm32cubeide/plugins/com.st.stm32cube.ide.mcu.externaltools.gnu-tools-for-stm32.10.3-2021.10.win32_1.0.200.202301161003/tools/bin/../lib/gcc/arm-none-eabi/10.3.1/../../../../arm-none-eabi/lib/thumb/v7-m/nofp\libc_nano.a(lib_a-impure.o)
 *(.RamFunc)
 *(.RamFunc*)
                0x0000000020000070                . = ALIGN (0x4)
                0x0000000020000070                _edata = .

.igot.plt       0x0000000020000070        0x0 load address 0x0000000008005eb0
 .igot.plt      0x0000000020000070        0x0 c:/st/stm32cubeide_1.9.0/stm32cubeide/plugins/com.st.stm32cube.ide.mcu.externaltools.gnu-tools-for-stm32.10.3-2021.10.win32_1.0.200.202301161003/tools/bin/../lib/gcc/arm-none-eabi/10.3.1/thumb/v7-m/nofp/crtbegin.o
                0x0000000020000070                . = ALIGN (0x4)

.bss            0x0000000020000070      0x440 load address 0x0000000008005eb0
                0x0000000020000070                _sbss = .
                0x0000000020000070                __bss_start__ = _sbss
 *(.bss)
 .bss           0x0000000020000070       0x1c c:/st/stm32cubeide_1.9.0/stm32cubeide/plugins/com.st.stm32cube.ide.mcu.externaltools.gnu-tools-for-stm32.10.3-2021.10.win32_1.0.200.202301161003/tools/bin/../lib/gcc/arm-none-eabi/10.3.1/thumb/v7-m/nofp/crtbegin.o
 *(.bss*)
 .bss.ws_config
                0x000000002000008c      0x29c ./Core/Src/lib/ws2813b_controller.o
                0x000000002000008c                ws_config
 .bss.hi2c1     0x0000000020000328       0x54 ./Core/Src/main.o
                0x0000000020000328                hi2c1
 .bss.htim2     0x000000002000037c       0x48 ./Core/Src/main.o
                0x000000002000037c                htim2
 .bss.htim3     0x00000000200003c4       0x48 ./Core/Src/main.o
                0x00000000200003c4                htim3
 .bss.hdma_tim2_ch2_ch4
                0x000000002000040c       0x44 ./Core/Src/main.o
                0x000000002000040c                hdma_tim2_ch2_ch4
 .bss.hdma_tim3_ch1_trig
                0x0000000020000450       0x44 ./Core/Src/main.o
                0x0000000020000450                hdma_tim3_ch1_trig
 .bss.__sbrk_heap_end
                0x0000000020000494        0x4 ./Core/Src/sysmem.o
 .bss.uwTick    0x0000000020000498        0x4 ./Drivers/STM32F1xx_HAL_Driver/Src/stm32f1xx_hal.o
                0x0000000020000498                uwTick
 .bss._ZN12_GLOBAL__N_113__new_handlerE
                0x000000002000049c        0x4 c:/st/stm32cubeide_1.9.0/stm32cubeide/plugins/com.st.stm32cube.ide.mcu.externaltools.gnu-tools-for-stm32.10.3-2021.10.win32_1.0.200.202301161003/tools/bin/../lib/gcc/arm-none-eabi/10.3.1/../../../../arm-none-eabi/lib/thumb/v7-m/nofp\libstdc++_nano.a(new_handler.o)
 .bss.__malloc_free_list
                0x00000000200004a0        0x4 c:/st/stm32cubeide_1.9.0/stm32cubeide/plugins/com.st.stm32cube.ide.mcu.externaltools.gnu-tools-for-stm32.10.3-2021.10.win32_1.0.200.202301161003/tools/bin/../lib/gcc/arm-none-eabi/10.3.1/../../../../arm-none-eabi/lib/thumb/v7-m/nofp\libc_nano.a(lib_a-nano-mallocr.o)
                0x00000000200004a0                __malloc_free_list
 .bss.__malloc_sbrk_start
                0x00000000200004a4        0x4 c:/st/stm32cubeide_1.9.0/stm32cubeide/plugins/com.st.stm32cube.ide.mcu.externaltools.gnu-tools-for-stm32.10.3-2021.10.win32_1.0.200.202301161003/tools/bin/../lib/gcc/arm-none-eabi/10.3.1/../../../../arm-none-eabi/lib/thumb/v7-m/nofp\libc_nano.a(lib_a-nano-mallocr.o)
                0x00000000200004a4                __malloc_sbrk_start
 .bss.errno     0x00000000200004a8        0x4 c:/st/stm32cubeide_1.9.0/stm32cubeide/plugins/com.st.stm32cube.ide.mcu.externaltools.gnu-tools-for-stm32.10.3-2021.10.win32_1.0.200.202301161003/tools/bin/../lib/gcc/arm-none-eabi/10.3.1/../../../../arm-none-eabi/lib/thumb/v7-m/nofp\libc_nano.a(lib_a-reent.o)
                0x00000000200004a8                errno
 .bss.__lock___malloc_recursive_mutex
                0x00000000200004ac        0x1 c:/st/stm32cubeide_1.9.0/stm32cubeide/plugins/com.st.stm32cube.ide.mcu.externaltools.gnu-tools-for-stm32.10.3-2021.10.win32_1.0.200.202301161003/tools/bin/../lib/gcc/arm-none-eabi/10.3.1/../../../../arm-none-eabi/lib/thumb/v7-m/nofp\libc_nano.a(lib_a-lock.o)
                0x00000000200004ac                __lock___malloc_recursive_mutex
 *(COMMON)
                0x00000000200004b0                . = ALIGN (0x4)
 *fill*         0x00000000200004ad        0x3 
                0x00000000200004b0                _ebss = .
                0x00000000200004b0                __bss_end__ = _ebss

._user_heap_stack
                0x00000000200004b0      0x600 load address 0x0000000008005eb0
                0x00000000200004b0                . = ALIGN (0x8)
                [!provide]                        PROVIDE (end = .)
                0x00000000200004b0                PROVIDE (_end = .)
                0x00000000200006b0                . = (. + _Min_Heap_Size)
 *fill*         0x00000000200004b0      0x200 
                0x0000000020000ab0                . = (. + _Min_Stack_Size)
 *fill*         0x00000000200006b0      0x400 
                0x0000000020000ab0                . = ALIGN (0x8)

/DISCARD/
 libc.a(*)
 libm.a(*)
 libgcc.a(*)

.ARM.attributes
                0x0000000000000000       0x29
 *(.ARM.attributes)
 .ARM.attributes
                0x0000000000000000       0x1d c:/st/stm32cubeide_1.9.0/stm32cubeide/plugins/com.st.stm32cube.ide.mcu.externaltools.gnu-tools-for-stm32.10.3-2021.10.win32_1.0.200.202301161003/tools/bin/../lib/gcc/arm-none-eabi/10.3.1/thumb/v7-m/nofp/crti.o
 .ARM.attributes
                0x000000000000001d       0x2d c:/st/stm32cubeide_1.9.0/stm32cubeide/plugins/com.st.stm32cube.ide.mcu.externaltools.gnu-tools-for-stm32.10.3-2021.10.win32_1.0.200.202301161003/tools/bin/../lib/gcc/arm-none-eabi/10.3.1/thumb/v7-m/nofp/crtbegin.o
 .ARM.attributes
                0x000000000000004a       0x2d ./Core/Src/lib/led_strip.o
 .ARM.attributes
                0x0000000000000077       0x2d ./Core/Src/lib/reversable_pwm_motor.o
 .ARM.attributes
                0x00000000000000a4       0x2d ./Core/Src/lib/ws2813b_controller.o
 .ARM.attributes
                0x00000000000000d1       0x2d ./Core/Src/main.o
 .ARM.attributes
                0x00000000000000fe       0x2d ./Core/Src/stm32f1xx_hal_msp.o
 .ARM.attributes
                0x000000000000012b       0x2d ./Core/Src/stm32f1xx_it.o
 .ARM.attributes
                0x0000000000000158       0x2d ./Core/Src/syscalls.o
 .ARM.attributes
                0x0000000000000185       0x2d ./Core/Src/sysmem.o
 .ARM.attributes
                0x00000000000001b2       0x2d ./Core/Src/system_stm32f1xx.o
 .ARM.attributes
                0x00000000000001df       0x21 ./Core/Startup/startup_stm32f103c8tx.o
 .ARM.attributes
                0x0000000000000200       0x2d ./Drivers/STM32F1xx_HAL_Driver/Src/stm32f1xx_hal.o
 .ARM.attributes
                0x000000000000022d       0x2d ./Drivers/STM32F1xx_HAL_Driver/Src/stm32f1xx_hal_cortex.o
 .ARM.attributes
                0x000000000000025a       0x2d ./Drivers/STM32F1xx_HAL_Driver/Src/stm32f1xx_hal_dma.o
 .ARM.attributes
                0x0000000000000287       0x2d ./Drivers/STM32F1xx_HAL_Driver/Src/stm32f1xx_hal_gpio.o
 .ARM.attributes
                0x00000000000002b4       0x2d ./Drivers/STM32F1xx_HAL_Driver/Src/stm32f1xx_hal_i2c.o
 .ARM.attributes
                0x00000000000002e1       0x2d ./Drivers/STM32F1xx_HAL_Driver/Src/stm32f1xx_hal_rcc.o
 .ARM.attributes
                0x000000000000030e       0x2d ./Drivers/STM32F1xx_HAL_Driver/Src/stm32f1xx_hal_tim.o
 .ARM.attributes
                0x000000000000033b       0x2d ./Drivers/STM32F1xx_HAL_Driver/Src/stm32f1xx_hal_tim_ex.o
 .ARM.attributes
                0x0000000000000368       0x2d c:/st/stm32cubeide_1.9.0/stm32cubeide/plugins/com.st.stm32cube.ide.mcu.externaltools.gnu-tools-for-stm32.10.3-2021.10.win32_1.0.200.202301161003/tools/bin/../lib/gcc/arm-none-eabi/10.3.1/../../../../arm-none-eabi/lib/thumb/v7-m/nofp\libstdc++_nano.a(new_op.o)
 .ARM.attributes
                0x0000000000000395       0x2d c:/st/stm32cubeide_1.9.0/stm32cubeide/plugins/com.st.stm32cube.ide.mcu.externaltools.gnu-tools-for-stm32.10.3-2021.10.win32_1.0.200.202301161003/tools/bin/../lib/gcc/arm-none-eabi/10.3.1/../../../../arm-none-eabi/lib/thumb/v7-m/nofp\libstdc++_nano.a(new_handler.o)
 .ARM.attributes
                0x00000000000003c2       0x2d c:/st/stm32cubeide_1.9.0/stm32cubeide/plugins/com.st.stm32cube.ide.mcu.externaltools.gnu-tools-for-stm32.10.3-2021.10.win32_1.0.200.202301161003/tools/bin/../lib/gcc/arm-none-eabi/10.3.1/../../../../arm-none-eabi/lib/thumb/v7-m/nofp\libm.a(lib_a-s_sin.o)
 .ARM.attributes
                0x00000000000003ef       0x2d c:/st/stm32cubeide_1.9.0/stm32cubeide/plugins/com.st.stm32cube.ide.mcu.externaltools.gnu-tools-for-stm32.10.3-2021.10.win32_1.0.200.202301161003/tools/bin/../lib/gcc/arm-none-eabi/10.3.1/../../../../arm-none-eabi/lib/thumb/v7-m/nofp\libm.a(lib_a-s_tan.o)
 .ARM.attributes
                0x000000000000041c       0x2d c:/st/stm32cubeide_1.9.0/stm32cubeide/plugins/com.st.stm32cube.ide.mcu.externaltools.gnu-tools-for-stm32.10.3-2021.10.win32_1.0.200.202301161003/tools/bin/../lib/gcc/arm-none-eabi/10.3.1/../../../../arm-none-eabi/lib/thumb/v7-m/nofp\libm.a(lib_a-e_rem_pio2.o)
 .ARM.attributes
                0x0000000000000449       0x2d c:/st/stm32cubeide_1.9.0/stm32cubeide/plugins/com.st.stm32cube.ide.mcu.externaltools.gnu-tools-for-stm32.10.3-2021.10.win32_1.0.200.202301161003/tools/bin/../lib/gcc/arm-none-eabi/10.3.1/../../../../arm-none-eabi/lib/thumb/v7-m/nofp\libm.a(lib_a-k_cos.o)
 .ARM.attributes
                0x0000000000000476       0x2d c:/st/stm32cubeide_1.9.0/stm32cubeide/plugins/com.st.stm32cube.ide.mcu.externaltools.gnu-tools-for-stm32.10.3-2021.10.win32_1.0.200.202301161003/tools/bin/../lib/gcc/arm-none-eabi/10.3.1/../../../../arm-none-eabi/lib/thumb/v7-m/nofp\libm.a(lib_a-k_rem_pio2.o)
 .ARM.attributes
                0x00000000000004a3       0x2d c:/st/stm32cubeide_1.9.0/stm32cubeide/plugins/com.st.stm32cube.ide.mcu.externaltools.gnu-tools-for-stm32.10.3-2021.10.win32_1.0.200.202301161003/tools/bin/../lib/gcc/arm-none-eabi/10.3.1/../../../../arm-none-eabi/lib/thumb/v7-m/nofp\libm.a(lib_a-k_sin.o)
 .ARM.attributes
                0x00000000000004d0       0x2d c:/st/stm32cubeide_1.9.0/stm32cubeide/plugins/com.st.stm32cube.ide.mcu.externaltools.gnu-tools-for-stm32.10.3-2021.10.win32_1.0.200.202301161003/tools/bin/../lib/gcc/arm-none-eabi/10.3.1/../../../../arm-none-eabi/lib/thumb/v7-m/nofp\libm.a(lib_a-k_tan.o)
 .ARM.attributes
                0x00000000000004fd       0x2d c:/st/stm32cubeide_1.9.0/stm32cubeide/plugins/com.st.stm32cube.ide.mcu.externaltools.gnu-tools-for-stm32.10.3-2021.10.win32_1.0.200.202301161003/tools/bin/../lib/gcc/arm-none-eabi/10.3.1/../../../../arm-none-eabi/lib/thumb/v7-m/nofp\libm.a(lib_a-s_fabs.o)
 .ARM.attributes
                0x000000000000052a       0x2d c:/st/stm32cubeide_1.9.0/stm32cubeide/plugins/com.st.stm32cube.ide.mcu.externaltools.gnu-tools-for-stm32.10.3-2021.10.win32_1.0.200.202301161003/tools/bin/../lib/gcc/arm-none-eabi/10.3.1/../../../../arm-none-eabi/lib/thumb/v7-m/nofp\libm.a(lib_a-s_floor.o)
 .ARM.attributes
                0x0000000000000557       0x2d c:/st/stm32cubeide_1.9.0/stm32cubeide/plugins/com.st.stm32cube.ide.mcu.externaltools.gnu-tools-for-stm32.10.3-2021.10.win32_1.0.200.202301161003/tools/bin/../lib/gcc/arm-none-eabi/10.3.1/../../../../arm-none-eabi/lib/thumb/v7-m/nofp\libm.a(lib_a-s_scalbn.o)
 .ARM.attributes
                0x0000000000000584       0x2d c:/st/stm32cubeide_1.9.0/stm32cubeide/plugins/com.st.stm32cube.ide.mcu.externaltools.gnu-tools-for-stm32.10.3-2021.10.win32_1.0.200.202301161003/tools/bin/../lib/gcc/arm-none-eabi/10.3.1/../../../../arm-none-eabi/lib/thumb/v7-m/nofp\libc_nano.a(lib_a-abort.o)
 .ARM.attributes
                0x00000000000005b1       0x2d c:/st/stm32cubeide_1.9.0/stm32cubeide/plugins/com.st.stm32cube.ide.mcu.externaltools.gnu-tools-for-stm32.10.3-2021.10.win32_1.0.200.202301161003/tools/bin/../lib/gcc/arm-none-eabi/10.3.1/../../../../arm-none-eabi/lib/thumb/v7-m/nofp\libc_nano.a(lib_a-errno.o)
 .ARM.attributes
                0x00000000000005de       0x2d c:/st/stm32cubeide_1.9.0/stm32cubeide/plugins/com.st.stm32cube.ide.mcu.externaltools.gnu-tools-for-stm32.10.3-2021.10.win32_1.0.200.202301161003/tools/bin/../lib/gcc/arm-none-eabi/10.3.1/../../../../arm-none-eabi/lib/thumb/v7-m/nofp\libc_nano.a(lib_a-impure.o)
 .ARM.attributes
                0x000000000000060b       0x2d c:/st/stm32cubeide_1.9.0/stm32cubeide/plugins/com.st.stm32cube.ide.mcu.externaltools.gnu-tools-for-stm32.10.3-2021.10.win32_1.0.200.202301161003/tools/bin/../lib/gcc/arm-none-eabi/10.3.1/../../../../arm-none-eabi/lib/thumb/v7-m/nofp\libc_nano.a(lib_a-init.o)
 .ARM.attributes
                0x0000000000000638       0x2d c:/st/stm32cubeide_1.9.0/stm32cubeide/plugins/com.st.stm32cube.ide.mcu.externaltools.gnu-tools-for-stm32.10.3-2021.10.win32_1.0.200.202301161003/tools/bin/../lib/gcc/arm-none-eabi/10.3.1/../../../../arm-none-eabi/lib/thumb/v7-m/nofp\libc_nano.a(lib_a-malloc.o)
 .ARM.attributes
                0x0000000000000665       0x2d c:/st/stm32cubeide_1.9.0/stm32cubeide/plugins/com.st.stm32cube.ide.mcu.externaltools.gnu-tools-for-stm32.10.3-2021.10.win32_1.0.200.202301161003/tools/bin/../lib/gcc/arm-none-eabi/10.3.1/../../../../arm-none-eabi/lib/thumb/v7-m/nofp\libc_nano.a(lib_a-memset.o)
 .ARM.attributes
                0x0000000000000692       0x2d c:/st/stm32cubeide_1.9.0/stm32cubeide/plugins/com.st.stm32cube.ide.mcu.externaltools.gnu-tools-for-stm32.10.3-2021.10.win32_1.0.200.202301161003/tools/bin/../lib/gcc/arm-none-eabi/10.3.1/../../../../arm-none-eabi/lib/thumb/v7-m/nofp\libc_nano.a(lib_a-nano-mallocr.o)
 .ARM.attributes
                0x00000000000006bf       0x2d c:/st/stm32cubeide_1.9.0/stm32cubeide/plugins/com.st.stm32cube.ide.mcu.externaltools.gnu-tools-for-stm32.10.3-2021.10.win32_1.0.200.202301161003/tools/bin/../lib/gcc/arm-none-eabi/10.3.1/../../../../arm-none-eabi/lib/thumb/v7-m/nofp\libc_nano.a(lib_a-sbrkr.o)
 .ARM.attributes
                0x00000000000006ec       0x2d c:/st/stm32cubeide_1.9.0/stm32cubeide/plugins/com.st.stm32cube.ide.mcu.externaltools.gnu-tools-for-stm32.10.3-2021.10.win32_1.0.200.202301161003/tools/bin/../lib/gcc/arm-none-eabi/10.3.1/../../../../arm-none-eabi/lib/thumb/v7-m/nofp\libc_nano.a(lib_a-signal.o)
 .ARM.attributes
                0x0000000000000719       0x2d c:/st/stm32cubeide_1.9.0/stm32cubeide/plugins/com.st.stm32cube.ide.mcu.externaltools.gnu-tools-for-stm32.10.3-2021.10.win32_1.0.200.202301161003/tools/bin/../lib/gcc/arm-none-eabi/10.3.1/../../../../arm-none-eabi/lib/thumb/v7-m/nofp\libc_nano.a(lib_a-signalr.o)
 .ARM.attributes
                0x0000000000000746       0x2d c:/st/stm32cubeide_1.9.0/stm32cubeide/plugins/com.st.stm32cube.ide.mcu.externaltools.gnu-tools-for-stm32.10.3-2021.10.win32_1.0.200.202301161003/tools/bin/../lib/gcc/arm-none-eabi/10.3.1/../../../../arm-none-eabi/lib/thumb/v7-m/nofp\libc_nano.a(lib_a-mlock.o)
 .ARM.attributes
                0x0000000000000773       0x2d c:/st/stm32cubeide_1.9.0/stm32cubeide/plugins/com.st.stm32cube.ide.mcu.externaltools.gnu-tools-for-stm32.10.3-2021.10.win32_1.0.200.202301161003/tools/bin/../lib/gcc/arm-none-eabi/10.3.1/../../../../arm-none-eabi/lib/thumb/v7-m/nofp\libc_nano.a(lib_a-reent.o)
 .ARM.attributes
                0x00000000000007a0       0x2d c:/st/stm32cubeide_1.9.0/stm32cubeide/plugins/com.st.stm32cube.ide.mcu.externaltools.gnu-tools-for-stm32.10.3-2021.10.win32_1.0.200.202301161003/tools/bin/../lib/gcc/arm-none-eabi/10.3.1/../../../../arm-none-eabi/lib/thumb/v7-m/nofp\libc_nano.a(lib_a-lock.o)
 .ARM.attributes
                0x00000000000007cd       0x1d c:/st/stm32cubeide_1.9.0/stm32cubeide/plugins/com.st.stm32cube.ide.mcu.externaltools.gnu-tools-for-stm32.10.3-2021.10.win32_1.0.200.202301161003/tools/bin/../lib/gcc/arm-none-eabi/10.3.1/thumb/v7-m/nofp\libgcc.a(_arm_mulsf3.o)
 .ARM.attributes
                0x00000000000007ea       0x1d c:/st/stm32cubeide_1.9.0/stm32cubeide/plugins/com.st.stm32cube.ide.mcu.externaltools.gnu-tools-for-stm32.10.3-2021.10.win32_1.0.200.202301161003/tools/bin/../lib/gcc/arm-none-eabi/10.3.1/thumb/v7-m/nofp\libgcc.a(_arm_addsubdf3.o)
 .ARM.attributes
                0x0000000000000807       0x1d c:/st/stm32cubeide_1.9.0/stm32cubeide/plugins/com.st.stm32cube.ide.mcu.externaltools.gnu-tools-for-stm32.10.3-2021.10.win32_1.0.200.202301161003/tools/bin/../lib/gcc/arm-none-eabi/10.3.1/thumb/v7-m/nofp\libgcc.a(_arm_muldivdf3.o)
 .ARM.attributes
                0x0000000000000824       0x1d c:/st/stm32cubeide_1.9.0/stm32cubeide/plugins/com.st.stm32cube.ide.mcu.externaltools.gnu-tools-for-stm32.10.3-2021.10.win32_1.0.200.202301161003/tools/bin/../lib/gcc/arm-none-eabi/10.3.1/thumb/v7-m/nofp\libgcc.a(_arm_cmpdf2.o)
 .ARM.attributes
                0x0000000000000841       0x1d c:/st/stm32cubeide_1.9.0/stm32cubeide/plugins/com.st.stm32cube.ide.mcu.externaltools.gnu-tools-for-stm32.10.3-2021.10.win32_1.0.200.202301161003/tools/bin/../lib/gcc/arm-none-eabi/10.3.1/thumb/v7-m/nofp\libgcc.a(_arm_fixdfsi.o)
 .ARM.attributes
                0x000000000000085e       0x1d c:/st/stm32cubeide_1.9.0/stm32cubeide/plugins/com.st.stm32cube.ide.mcu.externaltools.gnu-tools-for-stm32.10.3-2021.10.win32_1.0.200.202301161003/tools/bin/../lib/gcc/arm-none-eabi/10.3.1/thumb/v7-m/nofp\libgcc.a(_arm_fixunsdfsi.o)
 .ARM.attributes
                0x000000000000087b       0x1d c:/st/stm32cubeide_1.9.0/stm32cubeide/plugins/com.st.stm32cube.ide.mcu.externaltools.gnu-tools-for-stm32.10.3-2021.10.win32_1.0.200.202301161003/tools/bin/../lib/gcc/arm-none-eabi/10.3.1/thumb/v7-m/nofp\libgcc.a(_arm_truncdfsf2.o)
 .ARM.attributes
                0x0000000000000898       0x1d c:/st/stm32cubeide_1.9.0/stm32cubeide/plugins/com.st.stm32cube.ide.mcu.externaltools.gnu-tools-for-stm32.10.3-2021.10.win32_1.0.200.202301161003/tools/bin/../lib/gcc/arm-none-eabi/10.3.1/thumb/v7-m/nofp\libgcc.a(_arm_addsubsf3.o)
 .ARM.attributes
                0x00000000000008b5       0x1d c:/st/stm32cubeide_1.9.0/stm32cubeide/plugins/com.st.stm32cube.ide.mcu.externaltools.gnu-tools-for-stm32.10.3-2021.10.win32_1.0.200.202301161003/tools/bin/../lib/gcc/arm-none-eabi/10.3.1/thumb/v7-m/nofp\libgcc.a(_arm_cmpsf2.o)
 .ARM.attributes
                0x00000000000008d2       0x1d c:/st/stm32cubeide_1.9.0/stm32cubeide/plugins/com.st.stm32cube.ide.mcu.externaltools.gnu-tools-for-stm32.10.3-2021.10.win32_1.0.200.202301161003/tools/bin/../lib/gcc/arm-none-eabi/10.3.1/thumb/v7-m/nofp\libgcc.a(_arm_fixunssfsi.o)
 .ARM.attributes
                0x00000000000008ef       0x1d c:/st/stm32cubeide_1.9.0/stm32cubeide/plugins/com.st.stm32cube.ide.mcu.externaltools.gnu-tools-for-stm32.10.3-2021.10.win32_1.0.200.202301161003/tools/bin/../lib/gcc/arm-none-eabi/10.3.1/thumb/v7-m/nofp/crtn.o
OUTPUT(Reaction Wheel Flight code.elf elf32-littlearm)
LOAD linker stubs
LOAD c:/st/stm32cubeide_1.9.0/stm32cubeide/plugins/com.st.stm32cube.ide.mcu.externaltools.gnu-tools-for-stm32.10.3-2021.10.win32_1.0.200.202301161003/tools/bin/../lib/gcc/arm-none-eabi/10.3.1/../../../../arm-none-eabi/lib/thumb/v7-m/nofp\libc.a
LOAD c:/st/stm32cubeide_1.9.0/stm32cubeide/plugins/com.st.stm32cube.ide.mcu.externaltools.gnu-tools-for-stm32.10.3-2021.10.win32_1.0.200.202301161003/tools/bin/../lib/gcc/arm-none-eabi/10.3.1/../../../../arm-none-eabi/lib/thumb/v7-m/nofp\libm.a
LOAD c:/st/stm32cubeide_1.9.0/stm32cubeide/plugins/com.st.stm32cube.ide.mcu.externaltools.gnu-tools-for-stm32.10.3-2021.10.win32_1.0.200.202301161003/tools/bin/../lib/gcc/arm-none-eabi/10.3.1/thumb/v7-m/nofp\libgcc.a

.debug_info     0x0000000000000000     0xf262
 .debug_info    0x0000000000000000      0x74e ./Core/Src/lib/led_strip.o
 .debug_info    0x000000000000074e      0x91a ./Core/Src/lib/reversable_pwm_motor.o
 .debug_info    0x0000000000001068      0xa4e ./Core/Src/lib/ws2813b_controller.o
 .debug_info    0x0000000000001ab6     0x2b6f ./Core/Src/main.o
 .debug_info    0x0000000000004625      0xce5 ./Core/Src/stm32f1xx_hal_msp.o
 .debug_info    0x000000000000530a      0x3c3 ./Core/Src/stm32f1xx_it.o
 .debug_info    0x00000000000056cd      0x6e0 ./Core/Src/syscalls.o
 .debug_info    0x0000000000005dad      0x171 ./Core/Src/sysmem.o
 .debug_info    0x0000000000005f1e      0x23d ./Core/Src/system_stm32f1xx.o
 .debug_info    0x000000000000615b       0x22 ./Core/Startup/startup_stm32f103c8tx.o
 .debug_info    0x000000000000617d      0x734 ./Drivers/STM32F1xx_HAL_Driver/Src/stm32f1xx_hal.o
 .debug_info    0x00000000000068b1      0xb20 ./Drivers/STM32F1xx_HAL_Driver/Src/stm32f1xx_hal_cortex.o
 .debug_info    0x00000000000073d1      0x744 ./Drivers/STM32F1xx_HAL_Driver/Src/stm32f1xx_hal_dma.o
 .debug_info    0x0000000000007b15      0x615 ./Drivers/STM32F1xx_HAL_Driver/Src/stm32f1xx_hal_gpio.o
 .debug_info    0x000000000000812a     0x2761 ./Drivers/STM32F1xx_HAL_Driver/Src/stm32f1xx_hal_i2c.o
 .debug_info    0x000000000000a88b      0x865 ./Drivers/STM32F1xx_HAL_Driver/Src/stm32f1xx_hal_rcc.o
 .debug_info    0x000000000000b0f0     0x2bab ./Drivers/STM32F1xx_HAL_Driver/Src/stm32f1xx_hal_tim.o
 .debug_info    0x000000000000dc9b     0x15c7 ./Drivers/STM32F1xx_HAL_Driver/Src/stm32f1xx_hal_tim_ex.o

.debug_abbrev   0x0000000000000000     0x24e5
 .debug_abbrev  0x0000000000000000      0x1d9 ./Core/Src/lib/led_strip.o
 .debug_abbrev  0x00000000000001d9      0x223 ./Core/Src/lib/reversable_pwm_motor.o
 .debug_abbrev  0x00000000000003fc      0x29b ./Core/Src/lib/ws2813b_controller.o
 .debug_abbrev  0x0000000000000697      0x482 ./Core/Src/main.o
 .debug_abbrev  0x0000000000000b19      0x211 ./Core/Src/stm32f1xx_hal_msp.o
 .debug_abbrev  0x0000000000000d2a      0x15f ./Core/Src/stm32f1xx_it.o
 .debug_abbrev  0x0000000000000e89      0x1b3 ./Core/Src/syscalls.o
 .debug_abbrev  0x000000000000103c       0xbb ./Core/Src/sysmem.o
 .debug_abbrev  0x00000000000010f7      0x13b ./Core/Src/system_stm32f1xx.o
 .debug_abbrev  0x0000000000001232       0x12 ./Core/Startup/startup_stm32f103c8tx.o
 .debug_abbrev  0x0000000000001244      0x1fb ./Drivers/STM32F1xx_HAL_Driver/Src/stm32f1xx_hal.o
 .debug_abbrev  0x000000000000143f      0x2ed ./Drivers/STM32F1xx_HAL_Driver/Src/stm32f1xx_hal_cortex.o
 .debug_abbrev  0x000000000000172c      0x1fe ./Drivers/STM32F1xx_HAL_Driver/Src/stm32f1xx_hal_dma.o
 .debug_abbrev  0x000000000000192a      0x1bb ./Drivers/STM32F1xx_HAL_Driver/Src/stm32f1xx_hal_gpio.o
 .debug_abbrev  0x0000000000001ae5      0x288 ./Drivers/STM32F1xx_HAL_Driver/Src/stm32f1xx_hal_i2c.o
 .debug_abbrev  0x0000000000001d6d      0x2a8 ./Drivers/STM32F1xx_HAL_Driver/Src/stm32f1xx_hal_rcc.o
 .debug_abbrev  0x0000000000002015      0x264 ./Drivers/STM32F1xx_HAL_Driver/Src/stm32f1xx_hal_tim.o
 .debug_abbrev  0x0000000000002279      0x26c ./Drivers/STM32F1xx_HAL_Driver/Src/stm32f1xx_hal_tim_ex.o

.debug_aranges  0x0000000000000000      0xe18
 .debug_aranges
                0x0000000000000000       0x38 ./Core/Src/lib/led_strip.o
 .debug_aranges
                0x0000000000000038       0x30 ./Core/Src/lib/reversable_pwm_motor.o
 .debug_aranges
                0x0000000000000068       0x60 ./Core/Src/lib/ws2813b_controller.o
 .debug_aranges
                0x00000000000000c8       0x58 ./Core/Src/main.o
 .debug_aranges
                0x0000000000000120       0x48 ./Core/Src/stm32f1xx_hal_msp.o
 .debug_aranges
                0x0000000000000168       0x70 ./Core/Src/stm32f1xx_it.o
 .debug_aranges
                0x00000000000001d8       0xa8 ./Core/Src/syscalls.o
 .debug_aranges
                0x0000000000000280       0x20 ./Core/Src/sysmem.o
 .debug_aranges
                0x00000000000002a0       0x28 ./Core/Src/system_stm32f1xx.o
 .debug_aranges
                0x00000000000002c8       0x28 ./Core/Startup/startup_stm32f103c8tx.o
 .debug_aranges
                0x00000000000002f0       0xe0 ./Drivers/STM32F1xx_HAL_Driver/Src/stm32f1xx_hal.o
 .debug_aranges
                0x00000000000003d0      0x100 ./Drivers/STM32F1xx_HAL_Driver/Src/stm32f1xx_hal_cortex.o
 .debug_aranges
                0x00000000000004d0       0x80 ./Drivers/STM32F1xx_HAL_Driver/Src/stm32f1xx_hal_dma.o
 .debug_aranges
                0x0000000000000550       0x58 ./Drivers/STM32F1xx_HAL_Driver/Src/stm32f1xx_hal_gpio.o
 .debug_aranges
                0x00000000000005a8      0x2a8 ./Drivers/STM32F1xx_HAL_Driver/Src/stm32f1xx_hal_i2c.o
 .debug_aranges
                0x0000000000000850       0x90 ./Drivers/STM32F1xx_HAL_Driver/Src/stm32f1xx_hal_rcc.o
 .debug_aranges
                0x00000000000008e0      0x3d0 ./Drivers/STM32F1xx_HAL_Driver/Src/stm32f1xx_hal_tim.o
 .debug_aranges
                0x0000000000000cb0      0x168 ./Drivers/STM32F1xx_HAL_Driver/Src/stm32f1xx_hal_tim_ex.o

.debug_ranges   0x0000000000000000      0xd18
 .debug_ranges  0x0000000000000000       0x28 ./Core/Src/lib/led_strip.o
 .debug_ranges  0x0000000000000028       0x20 ./Core/Src/lib/reversable_pwm_motor.o
 .debug_ranges  0x0000000000000048       0x50 ./Core/Src/lib/ws2813b_controller.o
 .debug_ranges  0x0000000000000098       0x48 ./Core/Src/main.o
 .debug_ranges  0x00000000000000e0       0x38 ./Core/Src/stm32f1xx_hal_msp.o
 .debug_ranges  0x0000000000000118       0x60 ./Core/Src/stm32f1xx_it.o
 .debug_ranges  0x0000000000000178       0x98 ./Core/Src/syscalls.o
 .debug_ranges  0x0000000000000210       0x10 ./Core/Src/sysmem.o
 .debug_ranges  0x0000000000000220       0x18 ./Core/Src/system_stm32f1xx.o
 .debug_ranges  0x0000000000000238       0x20 ./Core/Startup/startup_stm32f103c8tx.o
 .debug_ranges  0x0000000000000258       0xd0 ./Drivers/STM32F1xx_HAL_Driver/Src/stm32f1xx_hal.o
 .debug_ranges  0x0000000000000328       0xf0 ./Drivers/STM32F1xx_HAL_Driver/Src/stm32f1xx_hal_cortex.o
 .debug_ranges  0x0000000000000418       0x70 ./Drivers/STM32F1xx_HAL_Driver/Src/stm32f1xx_hal_dma.o
 .debug_ranges  0x0000000000000488       0x48 ./Drivers/STM32F1xx_HAL_Driver/Src/stm32f1xx_hal_gpio.o
 .debug_ranges  0x00000000000004d0      0x2b0 ./Drivers/STM32F1xx_HAL_Driver/Src/stm32f1xx_hal_i2c.o
 .debug_ranges  0x0000000000000780       0x80 ./Drivers/STM32F1xx_HAL_Driver/Src/stm32f1xx_hal_rcc.o
 .debug_ranges  0x0000000000000800      0x3c0 ./Drivers/STM32F1xx_HAL_Driver/Src/stm32f1xx_hal_tim.o
 .debug_ranges  0x0000000000000bc0      0x158 ./Drivers/STM32F1xx_HAL_Driver/Src/stm32f1xx_hal_tim_ex.o

.debug_macro    0x0000000000000000    0x1b704
 .debug_macro   0x0000000000000000      0x261 ./Core/Src/lib/led_strip.o
 .debug_macro   0x0000000000000261      0xa6c ./Core/Src/lib/led_strip.o
 .debug_macro   0x0000000000000ccd      0x221 ./Core/Src/lib/led_strip.o
 .debug_macro   0x0000000000000eee       0x2e ./Core/Src/lib/led_strip.o
 .debug_macro   0x0000000000000f1c       0x22 ./Core/Src/lib/led_strip.o
 .debug_macro   0x0000000000000f3e       0x22 ./Core/Src/lib/led_strip.o
 .debug_macro   0x0000000000000f60       0x8e ./Core/Src/lib/led_strip.o
 .debug_macro   0x0000000000000fee       0x51 ./Core/Src/lib/led_strip.o
 .debug_macro   0x000000000000103f      0x103 ./Core/Src/lib/led_strip.o
 .debug_macro   0x0000000000001142       0x6a ./Core/Src/lib/led_strip.o
 .debug_macro   0x00000000000011ac      0x1df ./Core/Src/lib/led_strip.o
 .debug_macro   0x000000000000138b       0x1c ./Core/Src/lib/led_strip.o
 .debug_macro   0x00000000000013a7       0x22 ./Core/Src/lib/led_strip.o
 .debug_macro   0x00000000000013c9       0xbd ./Core/Src/lib/led_strip.o
 .debug_macro   0x0000000000001486      0xd23 ./Core/Src/lib/led_strip.o
 .debug_macro   0x00000000000021a9     0xe09e ./Core/Src/lib/led_strip.o
 .debug_macro   0x0000000000010247       0x6d ./Core/Src/lib/led_strip.o
 .debug_macro   0x00000000000102b4     0x348d ./Core/Src/lib/led_strip.o
 .debug_macro   0x0000000000013741      0x174 ./Core/Src/lib/led_strip.o
 .debug_macro   0x00000000000138b5       0x5c ./Core/Src/lib/led_strip.o
 .debug_macro   0x0000000000013911      0x5bc ./Core/Src/lib/led_strip.o
 .debug_macro   0x0000000000013ecd      0x289 ./Core/Src/lib/led_strip.o
 .debug_macro   0x0000000000014156      0x1cb ./Core/Src/lib/led_strip.o
 .debug_macro   0x0000000000014321      0x114 ./Core/Src/lib/led_strip.o
 .debug_macro   0x0000000000014435      0x1b2 ./Core/Src/lib/led_strip.o
 .debug_macro   0x00000000000145e7       0x27 ./Core/Src/lib/led_strip.o
 .debug_macro   0x000000000001460e      0x136 ./Core/Src/lib/led_strip.o
 .debug_macro   0x0000000000014744      0x1bc ./Core/Src/lib/led_strip.o
 .debug_macro   0x0000000000014900       0x34 ./Core/Src/lib/led_strip.o
 .debug_macro   0x0000000000014934       0x3c ./Core/Src/lib/led_strip.o
 .debug_macro   0x0000000000014970       0x57 ./Core/Src/lib/led_strip.o
 .debug_macro   0x00000000000149c7       0x87 ./Core/Src/lib/led_strip.o
 .debug_macro   0x0000000000014a4e      0x240 ./Core/Src/lib/led_strip.o
 .debug_macro   0x0000000000014c8e      0x287 ./Core/Src/lib/led_strip.o
 .debug_macro   0x0000000000014f15      0x140 ./Core/Src/lib/led_strip.o
 .debug_macro   0x0000000000015055      0x8ed ./Core/Src/lib/led_strip.o
 .debug_macro   0x0000000000015942       0x83 ./Core/Src/lib/led_strip.o
 .debug_macro   0x00000000000159c5       0x52 ./Core/Src/lib/led_strip.o
 .debug_macro   0x0000000000015a17       0x18 ./Core/Src/lib/led_strip.o
 .debug_macro   0x0000000000015a2f       0x3c ./Core/Src/lib/led_strip.o
 .debug_macro   0x0000000000015a6b       0x34 ./Core/Src/lib/led_strip.o
 .debug_macro   0x0000000000015a9f       0x16 ./Core/Src/lib/led_strip.o
 .debug_macro   0x0000000000015ab5       0x43 ./Core/Src/lib/led_strip.o
 .debug_macro   0x0000000000015af8       0x34 ./Core/Src/lib/led_strip.o
 .debug_macro   0x0000000000015b2c       0x10 ./Core/Src/lib/led_strip.o
 .debug_macro   0x0000000000015b3c       0x58 ./Core/Src/lib/led_strip.o
 .debug_macro   0x0000000000015b94       0x71 ./Core/Src/lib/led_strip.o
 .debug_macro   0x0000000000015c05       0x1c ./Core/Src/lib/led_strip.o
 .debug_macro   0x0000000000015c21      0x12a ./Core/Src/lib/led_strip.o
 .debug_macro   0x0000000000015d4b      0x341 ./Core/Src/lib/led_strip.o
 .debug_macro   0x000000000001608c      0x19b ./Core/Src/lib/led_strip.o
 .debug_macro   0x0000000000016227       0x16 ./Core/Src/lib/led_strip.o
 .debug_macro   0x000000000001623d      0x1b2 ./Core/Src/lib/reversable_pwm_motor.o
 .debug_macro   0x00000000000163ef      0xb44 ./Core/Src/lib/reversable_pwm_motor.o
 .debug_macro   0x0000000000016f33       0x1c ./Core/Src/lib/reversable_pwm_motor.o
 .debug_macro   0x0000000000016f4f      0xd23 ./Core/Src/lib/reversable_pwm_motor.o
 .debug_macro   0x0000000000017c72      0x17b ./Core/Src/lib/reversable_pwm_motor.o
 .debug_macro   0x0000000000017ded      0x25d ./Core/Src/lib/ws2813b_controller.o
 .debug_macro   0x000000000001804a      0x31a ./Core/Src/main.o
 .debug_macro   0x0000000000018364      0x18a ./Core/Src/main.o
 .debug_macro   0x00000000000184ee       0x10 ./Core/Src/main.o
 .debug_macro   0x00000000000184fe      0x3d1 ./Core/Src/main.o
 .debug_macro   0x00000000000188cf       0x18 ./Core/Src/main.o
 .debug_macro   0x00000000000188e7       0x34 ./Core/Src/main.o
 .debug_macro   0x000000000001891b       0x43 ./Core/Src/main.o
 .debug_macro   0x000000000001895e       0x16 ./Core/Src/main.o
 .debug_macro   0x0000000000018974      0x364 ./Core/Src/main.o
 .debug_macro   0x0000000000018cd8      0x194 ./Core/Src/main.o
 .debug_macro   0x0000000000018e6c       0x10 ./Core/Src/main.o
 .debug_macro   0x0000000000018e7c       0x16 ./Core/Src/main.o
 .debug_macro   0x0000000000018e92       0x35 ./Core/Src/main.o
 .debug_macro   0x0000000000018ec7       0x16 ./Core/Src/main.o
 .debug_macro   0x0000000000018edd       0x29 ./Core/Src/main.o
 .debug_macro   0x0000000000018f06       0x10 ./Core/Src/main.o
 .debug_macro   0x0000000000018f16      0x3c7 ./Core/Src/main.o
 .debug_macro   0x00000000000192dd       0x10 ./Core/Src/main.o
 .debug_macro   0x00000000000192ed      0x1ad ./Core/Src/stm32f1xx_hal_msp.o
 .debug_macro   0x000000000001949a      0x1b7 ./Core/Src/stm32f1xx_it.o
 .debug_macro   0x0000000000019651      0x24c ./Core/Src/syscalls.o
 .debug_macro   0x000000000001989d       0x4c ./Core/Src/syscalls.o
 .debug_macro   0x00000000000198e9       0x94 ./Core/Src/syscalls.o
 .debug_macro   0x000000000001997d       0x57 ./Core/Src/syscalls.o
 .debug_macro   0x00000000000199d4       0x10 ./Core/Src/syscalls.o
 .debug_macro   0x00000000000199e4       0x35 ./Core/Src/syscalls.o
 .debug_macro   0x0000000000019a19       0x10 ./Core/Src/syscalls.o
 .debug_macro   0x0000000000019a29       0x10 ./Core/Src/syscalls.o
 .debug_macro   0x0000000000019a39       0x10 ./Core/Src/syscalls.o
 .debug_macro   0x0000000000019a49       0x1c ./Core/Src/syscalls.o
 .debug_macro   0x0000000000019a65       0x52 ./Core/Src/syscalls.o
 .debug_macro   0x0000000000019ab7       0x22 ./Core/Src/syscalls.o
 .debug_macro   0x0000000000019ad9       0x10 ./Core/Src/syscalls.o
 .debug_macro   0x0000000000019ae9       0x52 ./Core/Src/syscalls.o
 .debug_macro   0x0000000000019b3b       0xd5 ./Core/Src/syscalls.o
 .debug_macro   0x0000000000019c10       0x1c ./Core/Src/syscalls.o
 .debug_macro   0x0000000000019c2c       0x3d ./Core/Src/syscalls.o
 .debug_macro   0x0000000000019c69       0x35 ./Core/Src/syscalls.o
 .debug_macro   0x0000000000019c9e      0x12c ./Core/Src/syscalls.o
 .debug_macro   0x0000000000019dca       0x10 ./Core/Src/syscalls.o
 .debug_macro   0x0000000000019dda      0x241 ./Core/Src/syscalls.o
 .debug_macro   0x000000000001a01b       0x1c ./Core/Src/syscalls.o
 .debug_macro   0x000000000001a037       0x10 ./Core/Src/syscalls.o
 .debug_macro   0x000000000001a047       0x10 ./Core/Src/syscalls.o
 .debug_macro   0x000000000001a057       0x16 ./Core/Src/syscalls.o
 .debug_macro   0x000000000001a06d      0x145 ./Core/Src/syscalls.o
 .debug_macro   0x000000000001a1b2      0x189 ./Core/Src/syscalls.o
 .debug_macro   0x000000000001a33b       0x16 ./Core/Src/syscalls.o
 .debug_macro   0x000000000001a351       0xce ./Core/Src/syscalls.o
 .debug_macro   0x000000000001a41f       0xff ./Core/Src/sysmem.o
 .debug_macro   0x000000000001a51e      0x23b ./Core/Src/sysmem.o
 .debug_macro   0x000000000001a759      0x1a3 ./Core/Src/system_stm32f1xx.o
 .debug_macro   0x000000000001a8fc      0x1c7 ./Drivers/STM32F1xx_HAL_Driver/Src/stm32f1xx_hal.o
 .debug_macro   0x000000000001aac3      0x1a3 ./Drivers/STM32F1xx_HAL_Driver/Src/stm32f1xx_hal_cortex.o
 .debug_macro   0x000000000001ac66      0x1a3 ./Drivers/STM32F1xx_HAL_Driver/Src/stm32f1xx_hal_dma.o
 .debug_macro   0x000000000001ae09      0x20e ./Drivers/STM32F1xx_HAL_Driver/Src/stm32f1xx_hal_gpio.o
 .debug_macro   0x000000000001b017      0x1f1 ./Drivers/STM32F1xx_HAL_Driver/Src/stm32f1xx_hal_i2c.o
 .debug_macro   0x000000000001b208      0x1b5 ./Drivers/STM32F1xx_HAL_Driver/Src/stm32f1xx_hal_rcc.o
 .debug_macro   0x000000000001b3bd      0x1a4 ./Drivers/STM32F1xx_HAL_Driver/Src/stm32f1xx_hal_tim.o
 .debug_macro   0x000000000001b561      0x1a3 ./Drivers/STM32F1xx_HAL_Driver/Src/stm32f1xx_hal_tim_ex.o

.debug_line     0x0000000000000000    0x109e1
 .debug_line    0x0000000000000000      0x82c ./Core/Src/lib/led_strip.o
 .debug_line    0x000000000000082c      0x734 ./Core/Src/lib/reversable_pwm_motor.o
 .debug_line    0x0000000000000f60      0x9e2 ./Core/Src/lib/ws2813b_controller.o
 .debug_line    0x0000000000001942      0xe03 ./Core/Src/main.o
 .debug_line    0x0000000000002745      0x7a7 ./Core/Src/stm32f1xx_hal_msp.o
 .debug_line    0x0000000000002eec      0x767 ./Core/Src/stm32f1xx_it.o
 .debug_line    0x0000000000003653      0x7f9 ./Core/Src/syscalls.o
 .debug_line    0x0000000000003e4c      0x4ef ./Core/Src/sysmem.o
 .debug_line    0x000000000000433b      0x6f3 ./Core/Src/system_stm32f1xx.o
 .debug_line    0x0000000000004a2e       0x86 ./Core/Startup/startup_stm32f103c8tx.o
 .debug_line    0x0000000000004ab4      0x920 ./Drivers/STM32F1xx_HAL_Driver/Src/stm32f1xx_hal.o
 .debug_line    0x00000000000053d4      0xb08 ./Drivers/STM32F1xx_HAL_Driver/Src/stm32f1xx_hal_cortex.o
 .debug_line    0x0000000000005edc      0xd79 ./Drivers/STM32F1xx_HAL_Driver/Src/stm32f1xx_hal_dma.o
 .debug_line    0x0000000000006c55      0x9b9 ./Drivers/STM32F1xx_HAL_Driver/Src/stm32f1xx_hal_gpio.o
 .debug_line    0x000000000000760e     0x3a86 ./Drivers/STM32F1xx_HAL_Driver/Src/stm32f1xx_hal_i2c.o
 .debug_line    0x000000000000b094      0xd2c ./Drivers/STM32F1xx_HAL_Driver/Src/stm32f1xx_hal_rcc.o
 .debug_line    0x000000000000bdc0     0x33ab ./Drivers/STM32F1xx_HAL_Driver/Src/stm32f1xx_hal_tim.o
 .debug_line    0x000000000000f16b     0x1876 ./Drivers/STM32F1xx_HAL_Driver/Src/stm32f1xx_hal_tim_ex.o

.debug_str      0x0000000000000000    0x8f5f4
 .debug_str     0x0000000000000000    0x867b7 ./Core/Src/lib/led_strip.o
                                      0x86ca1 (size before relaxing)
 .debug_str     0x00000000000867b7      0x9a9 ./Core/Src/lib/reversable_pwm_motor.o
                                      0x83da6 (size before relaxing)
 .debug_str     0x0000000000087160      0x147 ./Core/Src/lib/ws2813b_controller.o
                                      0x86d8e (size before relaxing)
 .debug_str     0x00000000000872a7     0x2fc4 ./Core/Src/main.o
                                      0x8a586 (size before relaxing)
 .debug_str     0x000000000008a26b      0x100 ./Core/Src/stm32f1xx_hal_msp.o
                                      0x83a4d (size before relaxing)
 .debug_str     0x000000000008a36b      0x10e ./Core/Src/stm32f1xx_it.o
                                      0x8342e (size before relaxing)
 .debug_str     0x000000000008a479     0x260a ./Core/Src/syscalls.o
                                       0x8a44 (size before relaxing)
 .debug_str     0x000000000008ca83       0x6b ./Core/Src/sysmem.o
                                       0x5d80 (size before relaxing)
 .debug_str     0x000000000008caee       0x7e ./Core/Src/system_stm32f1xx.o
                                      0x831ef (size before relaxing)
 .debug_str     0x000000000008cb6c       0x36 ./Core/Startup/startup_stm32f103c8tx.o
                                         0x82 (size before relaxing)
 .debug_str     0x000000000008cba2      0x30f ./Drivers/STM32F1xx_HAL_Driver/Src/stm32f1xx_hal.o
                                      0x83922 (size before relaxing)
 .debug_str     0x000000000008ceb1      0x2b2 ./Drivers/STM32F1xx_HAL_Driver/Src/stm32f1xx_hal_cortex.o
                                      0x8386e (size before relaxing)
 .debug_str     0x000000000008d163      0x206 ./Drivers/STM32F1xx_HAL_Driver/Src/stm32f1xx_hal_dma.o
                                      0x83598 (size before relaxing)
 .debug_str     0x000000000008d369      0x341 ./Drivers/STM32F1xx_HAL_Driver/Src/stm32f1xx_hal_gpio.o
                                      0x83575 (size before relaxing)
 .debug_str     0x000000000008d6aa      0xb9d ./Drivers/STM32F1xx_HAL_Driver/Src/stm32f1xx_hal_i2c.o
                                      0x842b6 (size before relaxing)
 .debug_str     0x000000000008e247      0x209 ./Drivers/STM32F1xx_HAL_Driver/Src/stm32f1xx_hal_rcc.o
                                      0x8361e (size before relaxing)
 .debug_str     0x000000000008e450      0xd11 ./Drivers/STM32F1xx_HAL_Driver/Src/stm32f1xx_hal_tim.o
                                      0x84610 (size before relaxing)
 .debug_str     0x000000000008f161      0x493 ./Drivers/STM32F1xx_HAL_Driver/Src/stm32f1xx_hal_tim_ex.o
                                      0x83e2c (size before relaxing)

.comment        0x0000000000000000       0x50
 .comment       0x0000000000000000       0x50 ./Core/Src/lib/led_strip.o
                                         0x51 (size before relaxing)
 .comment       0x0000000000000050       0x51 ./Core/Src/lib/reversable_pwm_motor.o
 .comment       0x0000000000000050       0x51 ./Core/Src/lib/ws2813b_controller.o
 .comment       0x0000000000000050       0x51 ./Core/Src/main.o
 .comment       0x0000000000000050       0x51 ./Core/Src/stm32f1xx_hal_msp.o
 .comment       0x0000000000000050       0x51 ./Core/Src/stm32f1xx_it.o
 .comment       0x0000000000000050       0x51 ./Core/Src/syscalls.o
 .comment       0x0000000000000050       0x51 ./Core/Src/sysmem.o
 .comment       0x0000000000000050       0x51 ./Core/Src/system_stm32f1xx.o
 .comment       0x0000000000000050       0x51 ./Drivers/STM32F1xx_HAL_Driver/Src/stm32f1xx_hal.o
 .comment       0x0000000000000050       0x51 ./Drivers/STM32F1xx_HAL_Driver/Src/stm32f1xx_hal_cortex.o
 .comment       0x0000000000000050       0x51 ./Drivers/STM32F1xx_HAL_Driver/Src/stm32f1xx_hal_dma.o
 .comment       0x0000000000000050       0x51 ./Drivers/STM32F1xx_HAL_Driver/Src/stm32f1xx_hal_gpio.o
 .comment       0x0000000000000050       0x51 ./Drivers/STM32F1xx_HAL_Driver/Src/stm32f1xx_hal_i2c.o
 .comment       0x0000000000000050       0x51 ./Drivers/STM32F1xx_HAL_Driver/Src/stm32f1xx_hal_rcc.o
 .comment       0x0000000000000050       0x51 ./Drivers/STM32F1xx_HAL_Driver/Src/stm32f1xx_hal_tim.o
 .comment       0x0000000000000050       0x51 ./Drivers/STM32F1xx_HAL_Driver/Src/stm32f1xx_hal_tim_ex.o

.debug_frame    0x0000000000000000     0x43bc
 .debug_frame   0x0000000000000000       0x90 ./Core/Src/lib/led_strip.o
 .debug_frame   0x0000000000000090       0x80 ./Core/Src/lib/reversable_pwm_motor.o
 .debug_frame   0x0000000000000110      0x164 ./Core/Src/lib/ws2813b_controller.o
 .debug_frame   0x0000000000000274      0x11c ./Core/Src/main.o
 .debug_frame   0x0000000000000390       0xec ./Core/Src/stm32f1xx_hal_msp.o
 .debug_frame   0x000000000000047c      0x13c ./Core/Src/stm32f1xx_it.o
 .debug_frame   0x00000000000005b8      0x2ac ./Core/Src/syscalls.o
 .debug_frame   0x0000000000000864       0x34 ./Core/Src/sysmem.o
 .debug_frame   0x0000000000000898       0x58 ./Core/Src/system_stm32f1xx.o
 .debug_frame   0x00000000000008f0      0x334 ./Drivers/STM32F1xx_HAL_Driver/Src/stm32f1xx_hal.o